Component: ARM Compiler 6.16 Tool: armlink [5dfeaa00]

==============================================================================

Section Cross References

    startup_stm32f030x6.o(STACK) refers (Special) to heapauxi.o(.text) for __use_two_region_memory
    startup_stm32f030x6.o(HEAP) refers (Special) to heapauxi.o(.text) for __use_two_region_memory
    startup_stm32f030x6.o(RESET) refers (Special) to heapauxi.o(.text) for __use_two_region_memory
    startup_stm32f030x6.o(RESET) refers to startup_stm32f030x6.o(STACK) for __initial_sp
    startup_stm32f030x6.o(RESET) refers to startup_stm32f030x6.o(.text) for Reset_Handler
    startup_stm32f030x6.o(RESET) refers to stm32f0xx_it.o(.text.NMI_Handler) for NMI_Handler
    startup_stm32f030x6.o(RESET) refers to stm32f0xx_it.o(.text.HardFault_Handler) for HardFault_Handler
    startup_stm32f030x6.o(RESET) refers to stm32f0xx_it.o(.text.SVC_Handler) for SVC_Handler
    startup_stm32f030x6.o(RESET) refers to stm32f0xx_it.o(.text.PendSV_Handler) for PendSV_Handler
    startup_stm32f030x6.o(RESET) refers to stm32f0xx_it.o(.text.SysTick_Handler) for SysTick_Handler
    startup_stm32f030x6.o(RESET) refers to tim.o(.text.TIM16_IRQHandler) for TIM16_IRQHandler
    startup_stm32f030x6.o(RESET) refers to stm32f0xx_it.o(.text.I2C1_IRQHandler) for I2C1_IRQHandler
    startup_stm32f030x6.o(.text) refers (Special) to heapauxi.o(.text) for __use_two_region_memory
    startup_stm32f030x6.o(.text) refers to system_stm32f0xx.o(.text.SystemInit) for SystemInit
    startup_stm32f030x6.o(.text) refers to __main.o(!!!main) for __main
    startup_stm32f030x6.o(.text) refers to startup_stm32f030x6.o(HEAP) for Heap_Mem
    startup_stm32f030x6.o(.text) refers to startup_stm32f030x6.o(STACK) for Stack_Mem
    drive.o(.text) refers (Special) to _printf_d.o(.ARM.Collect$$_printf_percent$$00000009) for _printf_d
    drive.o(.text) refers (Special) to _printf_dec.o(.text) for _printf_int_dec
    drive.o(.text) refers (Special) to _printf_percent.o(.ARM.Collect$$_printf_percent$$00000000) for _printf_percent
    drive.o(.text) refers (Special) to _printf_pad.o(.text) for _printf_pre_padding
    drive.o(.text.one_step) refers (Special) to _printf_d.o(.ARM.Collect$$_printf_percent$$00000009) for _printf_d
    drive.o(.text.one_step) refers (Special) to _printf_dec.o(.text) for _printf_int_dec
    drive.o(.text.one_step) refers (Special) to _printf_percent.o(.ARM.Collect$$_printf_percent$$00000000) for _printf_percent
    drive.o(.text.one_step) refers (Special) to _printf_pad.o(.text) for _printf_pre_padding
    drive.o(.text.one_step) refers to drive.o(.text.LL_GPIO_SetOutputPin) for LL_GPIO_SetOutputPin
    drive.o(.text.one_step) refers to tim.o(.text.delay_us) for delay_us
    drive.o(.text.one_step) refers to drive.o(.text.LL_GPIO_ResetOutputPin) for LL_GPIO_ResetOutputPin
    drive.o(.ARM.exidx.text.one_step) refers (Special) to _printf_d.o(.ARM.Collect$$_printf_percent$$00000009) for _printf_d
    drive.o(.ARM.exidx.text.one_step) refers (Special) to _printf_dec.o(.text) for _printf_int_dec
    drive.o(.ARM.exidx.text.one_step) refers (Special) to _printf_percent.o(.ARM.Collect$$_printf_percent$$00000000) for _printf_percent
    drive.o(.ARM.exidx.text.one_step) refers (Special) to _printf_pad.o(.text) for _printf_pre_padding
    drive.o(.ARM.exidx.text.one_step) refers to drive.o(.text.one_step) for [Anonymous Symbol]
    drive.o(.text.LL_GPIO_SetOutputPin) refers (Special) to _printf_d.o(.ARM.Collect$$_printf_percent$$00000009) for _printf_d
    drive.o(.text.LL_GPIO_SetOutputPin) refers (Special) to _printf_dec.o(.text) for _printf_int_dec
    drive.o(.text.LL_GPIO_SetOutputPin) refers (Special) to _printf_percent.o(.ARM.Collect$$_printf_percent$$00000000) for _printf_percent
    drive.o(.text.LL_GPIO_SetOutputPin) refers (Special) to _printf_pad.o(.text) for _printf_pre_padding
    drive.o(.ARM.exidx.text.LL_GPIO_SetOutputPin) refers (Special) to _printf_d.o(.ARM.Collect$$_printf_percent$$00000009) for _printf_d
    drive.o(.ARM.exidx.text.LL_GPIO_SetOutputPin) refers (Special) to _printf_dec.o(.text) for _printf_int_dec
    drive.o(.ARM.exidx.text.LL_GPIO_SetOutputPin) refers (Special) to _printf_percent.o(.ARM.Collect$$_printf_percent$$00000000) for _printf_percent
    drive.o(.ARM.exidx.text.LL_GPIO_SetOutputPin) refers (Special) to _printf_pad.o(.text) for _printf_pre_padding
    drive.o(.ARM.exidx.text.LL_GPIO_SetOutputPin) refers to drive.o(.text.LL_GPIO_SetOutputPin) for [Anonymous Symbol]
    drive.o(.text.LL_GPIO_ResetOutputPin) refers (Special) to _printf_d.o(.ARM.Collect$$_printf_percent$$00000009) for _printf_d
    drive.o(.text.LL_GPIO_ResetOutputPin) refers (Special) to _printf_dec.o(.text) for _printf_int_dec
    drive.o(.text.LL_GPIO_ResetOutputPin) refers (Special) to _printf_percent.o(.ARM.Collect$$_printf_percent$$00000000) for _printf_percent
    drive.o(.text.LL_GPIO_ResetOutputPin) refers (Special) to _printf_pad.o(.text) for _printf_pre_padding
[...]
    [Anonymous Symbol]                       0x08002050   Section        0  stm32f0xx_hal_i2c.o(.text.I2C_Slave_ISR_IT)
    __arm_cp.18_0                            0x08002160   Number         4  stm32f0xx_hal_i2c.o(.text.I2C_Slave_ISR_IT)
    __arm_cp.18_1                            0x08002164   Number         4  stm32f0xx_hal_i2c.o(.text.I2C_Slave_ISR_IT)
    I2C_TransferConfig                       0x08002169   Thumb Code    36  stm32f0xx_hal_i2c.o(.text.I2C_TransferConfig)
    [Anonymous Symbol]                       0x08002168   Section        0  stm32f0xx_hal_i2c.o(.text.I2C_TransferConfig)
    __arm_cp.6_0                             0x0800218c   Number         4  stm32f0xx_hal_i2c.o(.text.I2C_TransferConfig)
    __arm_cp.6_1                             0x08002190   Number         4  stm32f0xx_hal_i2c.o(.text.I2C_TransferConfig)
    I2C_WaitOnFlagUntilTimeout               0x08002195   Thumb Code   110  stm32f0xx_hal_i2c.o(.text.I2C_WaitOnFlagUntilTimeout)
    [Anonymous Symbol]                       0x08002194   Section        0  stm32f0xx_hal_i2c.o(.text.I2C_WaitOnFlagUntilTimeout)
    I2C_WaitOnSTOPFlagUntilTimeout           0x08002203   Thumb Code    80  stm32f0xx_hal_i2c.o(.text.I2C_WaitOnSTOPFlagUntilTimeout)
    [Anonymous Symbol]                       0x08002202   Section        0  stm32f0xx_hal_i2c.o(.text.I2C_WaitOnSTOPFlagUntilTimeout)
    I2C_WaitOnTXISFlagUntilTimeout           0x08002253   Thumb Code   100  stm32f0xx_hal_i2c.o(.text.I2C_WaitOnTXISFlagUntilTimeout)
    [Anonymous Symbol]                       0x08002252   Section        0  stm32f0xx_hal_i2c.o(.text.I2C_WaitOnTXISFlagUntilTimeout)
    LL_AHB1_GRP1_EnableClock                 0x080022b9   Thumb Code    24  gpio.o(.text.LL_AHB1_GRP1_EnableClock)
    [Anonymous Symbol]                       0x080022b8   Section        0  gpio.o(.text.LL_AHB1_GRP1_EnableClock)
    LL_AHB1_GRP1_EnableClock                 0x080022d1   Thumb Code    28  tim.o(.text.LL_AHB1_GRP1_EnableClock)
    [Anonymous Symbol]                       0x080022d0   Section        0  tim.o(.text.LL_AHB1_GRP1_EnableClock)
    __arm_cp.2_0                             0x080022ec   Number         4  tim.o(.text.LL_AHB1_GRP1_EnableClock)
    LL_APB1_GRP1_EnableClock                 0x080022f1   Thumb Code    24  tim.o(.text.LL_APB1_GRP1_EnableClock)
    [Anonymous Symbol]                       0x080022f0   Section        0  tim.o(.text.LL_APB1_GRP1_EnableClock)
    __arm_cp.1_0                             0x08002308   Number         4  tim.o(.text.LL_APB1_GRP1_EnableClock)
    LL_APB1_GRP2_EnableClock                 0x0800230d   Thumb Code    28  tim.o(.text.LL_APB1_GRP2_EnableClock)
    [Anonymous Symbol]                       0x0800230c   Section        0  tim.o(.text.LL_APB1_GRP2_EnableClock)
    __arm_cp.34_0                            0x08002328   Number         4  tim.o(.text.LL_APB1_GRP2_EnableClock)
    [Anonymous Symbol]                       0x0800232c   Section        0  stm32f0xx_ll_gpio.o(.text.LL_GPIO_Init)
    LL_GPIO_IsInputPinSet                    0x080023ad   Thumb Code    16  button.o(.text.LL_GPIO_IsInputPinSet)
    [Anonymous Symbol]                       0x080023ac   Section        0  button.o(.text.LL_GPIO_IsInputPinSet)
    __arm_cp.1_0                             0x080023bc   Number         4  button.o(.text.LL_GPIO_IsInputPinSet)
    LL_GPIO_ResetOutputPin                   0x080023c1   Thumb Code     4  drive.o(.text.LL_GPIO_ResetOutputPin)
    [Anonymous Symbol]                       0x080023c0   Section        0  drive.o(.text.LL_GPIO_ResetOutputPin)
    LL_GPIO_ResetOutputPin                   0x080023c5   Thumb Code     8  main.o(.text.LL_GPIO_ResetOutputPin)
    [Anonymous Symbol]                       0x080023c4   Section        0  main.o(.text.LL_GPIO_ResetOutputPin)
    __arm_cp.2_0                             0x080023cc   Number         4  main.o(.text.LL_GPIO_ResetOutputPin)
    LL_GPIO_ResetOutputPin                   0x080023d1   Thumb Code     4  gpio.o(.text.LL_GPIO_ResetOutputPin)
    [Anonymous Symbol]                       0x080023d0   Section        0  gpio.o(.text.LL_GPIO_ResetOutputPin)
    LL_GPIO_SetAFPin_0_7                     0x080023d5   Thumb Code    20  stm32f0xx_ll_gpio.o(.text.LL_GPIO_SetAFPin_0_7)
    [Anonymous Symbol]                       0x080023d4   Section        0  stm32f0xx_ll_gpio.o(.text.LL_GPIO_SetAFPin_0_7)
    LL_GPIO_SetAFPin_8_15                    0x080023e9   Thumb Code    22  stm32f0xx_ll_gpio.o(.text.LL_GPIO_SetAFPin_8_15)
    [Anonymous Symbol]                       0x080023e8   Section        0  stm32f0xx_ll_gpio.o(.text.LL_GPIO_SetAFPin_8_15)
    LL_GPIO_SetOutputPin                     0x080023ff   Thumb Code     4  drive.o(.text.LL_GPIO_SetOutputPin)
    [Anonymous Symbol]                       0x080023fe   Section        0  drive.o(.text.LL_GPIO_SetOutputPin)
    LL_GPIO_SetOutputPin                     0x08002405   Thumb Code     8  main.o(.text.LL_GPIO_SetOutputPin)
    [Anonymous Symbol]                       0x08002404   Section        0  main.o(.text.LL_GPIO_SetOutputPin)
    __arm_cp.3_0                             0x0800240c   Number         4  main.o(.text.LL_GPIO_SetOutputPin)
    LL_GPIO_SetPinMode                       0x08002411   Thumb Code    18  stm32f0xx_ll_gpio.o(.text.LL_GPIO_SetPinMode)
    [Anonymous Symbol]                       0x08002410   Section        0  stm32f0xx_ll_gpio.o(.text.LL_GPIO_SetPinMode)
    LL_GPIO_SetPinOutputType                 0x08002423   Thumb Code    12  stm32f0xx_ll_gpio.o(.text.LL_GPIO_SetPinOutputType)
    [Anonymous Symbol]                       0x08002422   Section        0  stm32f0xx_ll_gpio.o(.text.LL_GPIO_SetPinOutputType)
    LL_GPIO_SetPinPull                       0x0800242f   Thumb Code    18  stm32f0xx_ll_gpio.o(.text.LL_GPIO_SetPinPull)
    [Anonymous Symbol]                       0x0800242e   Section        0  stm32f0xx_ll_gpio.o(.text.LL_GPIO_SetPinPull)
    LL_GPIO_SetPinSpeed                      0x08002441   Thumb Code    18  stm32f0xx_ll_gpio.o(.text.LL_GPIO_SetPinSpeed)
    [Anonymous Symbol]                       0x08002440   Section        0  stm32f0xx_ll_gpio.o(.text.LL_GPIO_SetPinSpeed)
    LL_TIM_CC_EnableChannel                  0x08002455   Thumb Code    12  tim.o(.text.LL_TIM_CC_EnableChannel)
    [Anonymous Symbol]                       0x08002454   Section        0  tim.o(.text.LL_TIM_CC_EnableChannel)
    LL_TIM_ClearFlag_UPDATE                  0x08002461   Thumb Code     8  tim.o(.text.LL_TIM_ClearFlag_UPDATE)
    [Anonymous Symbol]                       0x08002460   Section        0  tim.o(.text.LL_TIM_ClearFlag_UPDATE)
    LL_TIM_DisableARRPreload                 0x08002469   Thumb Code    10  tim.o(.text.LL_TIM_DisableARRPreload)
    [Anonymous Symbol]                       0x08002468   Section        0  tim.o(.text.LL_TIM_DisableARRPreload)
    LL_TIM_DisableCounter                    0x08002473   Thumb Code    10  tim.o(.text.LL_TIM_DisableCounter)
    [Anonymous Symbol]                       0x08002472   Section        0  tim.o(.text.LL_TIM_DisableCounter)
    LL_TIM_DisableMasterSlaveMode            0x0800247d   Thumb Code    12  tim.o(.text.LL_TIM_DisableMasterSlaveMode)
    [Anonymous Symbol]                       0x0800247c   Section        0  tim.o(.text.LL_TIM_DisableMasterSlaveMode)
    LL_TIM_EnableCounter                     0x08002489   Thumb Code    10  tim.o(.text.LL_TIM_EnableCounter)
    [Anonymous Symbol]                       0x08002488   Section        0  tim.o(.text.LL_TIM_EnableCounter)
    LL_TIM_EnableIT_UPDATE                   0x08002495   Thumb Code    12  tim.o(.text.LL_TIM_EnableIT_UPDATE)
    [Anonymous Symbol]                       0x08002494   Section        0  tim.o(.text.LL_TIM_EnableIT_UPDATE)
    __arm_cp.35_0                            0x080024a0   Number         4  tim.o(.text.LL_TIM_EnableIT_UPDATE)
    LL_TIM_GenerateEvent_UPDATE              0x080024a5   Thumb Code    10  stm32f0xx_ll_tim.o(.text.LL_TIM_GenerateEvent_UPDATE)
    [Anonymous Symbol]                       0x080024a4   Section        0  stm32f0xx_ll_tim.o(.text.LL_TIM_GenerateEvent_UPDATE)
    LL_TIM_GetCounter                        0x080024b1   Thumb Code     8  drive.o(.text.LL_TIM_GetCounter)
    [Anonymous Symbol]                       0x080024b0   Section        0  drive.o(.text.LL_TIM_GetCounter)
    __arm_cp.5_0                             0x080024b8   Number         4  drive.o(.text.LL_TIM_GetCounter)
    LL_TIM_IC_SetActiveInput                 0x080024bd   Thumb Code    56  tim.o(.text.LL_TIM_IC_SetActiveInput)
    [Anonymous Symbol]                       0x080024bc   Section        0  tim.o(.text.LL_TIM_IC_SetActiveInput)
    LL_TIM_IC_SetFilter                      0x080024f5   Thumb Code    56  tim.o(.text.LL_TIM_IC_SetFilter)
    [Anonymous Symbol]                       0x080024f4   Section        0  tim.o(.text.LL_TIM_IC_SetFilter)
    LL_TIM_IC_SetPolarity                    0x0800252d   Thumb Code    44  tim.o(.text.LL_TIM_IC_SetPolarity)
    [Anonymous Symbol]                       0x0800252c   Section        0  tim.o(.text.LL_TIM_IC_SetPolarity)
    SHIFT_TAB_CCxP                           0x08002558   Number         0  tim.o(.text.LL_TIM_IC_SetPolarity)
    __arm_cp.7_1                             0x08002560   Number         4  tim.o(.text.LL_TIM_IC_SetPolarity)
    LL_TIM_IC_SetPrescaler                   0x08002565   Thumb Code    56  tim.o(.text.LL_TIM_IC_SetPrescaler)
    [Anonymous Symbol]                       0x08002564   Section        0  tim.o(.text.LL_TIM_IC_SetPrescaler)
    __arm_cp.5_0                             0x0800259c   Number         4  tim.o(.text.LL_TIM_IC_SetPrescaler)
    __arm_cp.5_1                             0x080025a0   Number         4  tim.o(.text.LL_TIM_IC_SetPrescaler)
    __arm_cp.5_2                             0x080025a4   Number         4  tim.o(.text.LL_TIM_IC_SetPrescaler)
    [Anonymous Symbol]                       0x080025a8   Section        0  stm32f0xx_ll_tim.o(.text.LL_TIM_Init)
    __arm_cp.6_0                             0x08002630   Number         4  stm32f0xx_ll_tim.o(.text.LL_TIM_Init)
    __arm_cp.6_2                             0x08002634   Number         4  stm32f0xx_ll_tim.o(.text.LL_TIM_Init)
    __arm_cp.6_3                             0x08002638   Number         4  stm32f0xx_ll_tim.o(.text.LL_TIM_Init)
    __arm_cp.6_4                             0x0800263c   Number         4  stm32f0xx_ll_tim.o(.text.LL_TIM_Init)
    __arm_cp.6_5                             0x08002640   Number         4  stm32f0xx_ll_tim.o(.text.LL_TIM_Init)
    LL_TIM_IsActiveFlag_UPDATE               0x08002645   Thumb Code     8  tim.o(.text.LL_TIM_IsActiveFlag_UPDATE)
    [Anonymous Symbol]                       0x08002644   Section        0  tim.o(.text.LL_TIM_IsActiveFlag_UPDATE)
    LL_TIM_SetAutoReload                     0x0800264d   Thumb Code     4  tim.o(.text.LL_TIM_SetAutoReload)
    [Anonymous Symbol]                       0x0800264c   Section        0  tim.o(.text.LL_TIM_SetAutoReload)
    LL_TIM_SetAutoReload                     0x08002651   Thumb Code     4  stm32f0xx_ll_tim.o(.text.LL_TIM_SetAutoReload)
    [Anonymous Symbol]                       0x08002650   Section        0  stm32f0xx_ll_tim.o(.text.LL_TIM_SetAutoReload)
    LL_TIM_SetCounter                        0x08002655   Thumb Code     4  tim.o(.text.LL_TIM_SetCounter)
    [Anonymous Symbol]                       0x08002654   Section        0  tim.o(.text.LL_TIM_SetCounter)
    LL_TIM_SetEncoderMode                    0x08002659   Thumb Code    16  tim.o(.text.LL_TIM_SetEncoderMode)
    [Anonymous Symbol]                       0x08002658   Section        0  tim.o(.text.LL_TIM_SetEncoderMode)
    __arm_cp.3_0                             0x08002668   Number         4  tim.o(.text.LL_TIM_SetEncoderMode)
    LL_TIM_SetPrescaler                      0x0800266d   Thumb Code     4  stm32f0xx_ll_tim.o(.text.LL_TIM_SetPrescaler)
    [Anonymous Symbol]                       0x0800266c   Section        0  stm32f0xx_ll_tim.o(.text.LL_TIM_SetPrescaler)
    LL_TIM_SetRepetitionCounter              0x08002671   Thumb Code     4  stm32f0xx_ll_tim.o(.text.LL_TIM_SetRepetitionCounter)
    [Anonymous Symbol]                       0x08002670   Section        0  stm32f0xx_ll_tim.o(.text.LL_TIM_SetRepetitionCounter)
    LL_TIM_SetTriggerOutput                  0x08002675   Thumb Code    12  tim.o(.text.LL_TIM_SetTriggerOutput)
    [Anonymous Symbol]                       0x08002674   Section        0  tim.o(.text.LL_TIM_SetTriggerOutput)
    __arm_cp.9_0                             0x08002680   Number         4  tim.o(.text.LL_TIM_SetTriggerOutput)
    [Anonymous Symbol]                       0x08002684   Section        0  gpio.o(.text.MX_GPIO_Init)
    __arm_cp.0_0                             0x08002774   Number         4  gpio.o(.text.MX_GPIO_Init)
    __arm_cp.0_1                             0x08002778   Number         4  gpio.o(.text.MX_GPIO_Init)
    [Anonymous Symbol]                       0x0800277c   Section        0  i2c.o(.text.MX_I2C1_Init)
    __arm_cp.0_0                             0x080027c8   Number         4  i2c.o(.text.MX_I2C1_Init)
    __arm_cp.0_1                             0x080027cc   Number         4  i2c.o(.text.MX_I2C1_Init)
    __arm_cp.0_2                             0x080027d0   Number         4  i2c.o(.text.MX_I2C1_Init)
    [Anonymous Symbol]                       0x080027d4   Section        0  tim.o(.text.MX_TIM3_Init)
    __arm_cp.0_0                             0x08002898   Number         4  tim.o(.text.MX_TIM3_Init)
    __arm_cp.0_1                             0x0800289c   Number         4  tim.o(.text.MX_TIM3_Init)
    [Anonymous Symbol]                       0x080028a0   Section        0  stm32f0xx_it.o(.text.NMI_Handler)
    [Anonymous Symbol]                       0x080028a2   Section        0  stm32f0xx_it.o(.text.PendSV_Handler)
    [Anonymous Symbol]                       0x080028a4   Section        0  stm32f0xx_it.o(.text.SVC_Handler)
    [Anonymous Symbol]                       0x080028a6   Section        0  angle_calc.o(.text.SetAngle_in_Seconds)
    [Anonymous Symbol]                       0x080028c2   Section        0  angle_calc.o(.text.ShaftAngle_in_Seconds)
    [Anonymous Symbol]                       0x080028e0   Section        0  systick.o(.text.SysTick_Callback)
    __arm_cp.2_0                             0x080028f4   Number         4  systick.o(.text.SysTick_Callback)
    SysTick_Config                           0x080028f9   Thumb Code    36  stm32f0xx_hal_cortex.o(.text.SysTick_Config)
    [Anonymous Symbol]                       0x080028f8   Section        0  stm32f0xx_hal_cortex.o(.text.SysTick_Config)
    __arm_cp.9_0                             0x0800291c   Number         4  stm32f0xx_hal_cortex.o(.text.SysTick_Config)
    [Anonymous Symbol]                       0x08002920   Section        0  stm32f0xx_it.o(.text.SysTick_Handler)
    __arm_cp.4_0                             0x08002930   Number         4  stm32f0xx_it.o(.text.SysTick_Handler)
    [Anonymous Symbol]                       0x08002934   Section        0  systick.o(.text.SysTick_Init)
    __arm_cp.0_0                             0x0800293c   Number         4  systick.o(.text.SysTick_Init)
    [Anonymous Symbol]                       0x08002940   Section        0  main.o(.text.SystemClock_Config)
    [Anonymous Symbol]                       0x080029b0   Section        0  system_stm32f0xx.o(.text.SystemInit)
    [Anonymous Symbol]                       0x080029b4   Section        0  tim.o(.text.TIM16_IRQHandler)
    __arm_cp.21_0                            0x080029d8   Number         4  tim.o(.text.TIM16_IRQHandler)
    __arm_cp.21_1                            0x080029dc   Number         4  tim.o(.text.TIM16_IRQHandler)
    __NVIC_EnableIRQ                         0x080029e1   Thumb Code    12  tim.o(.text.__NVIC_EnableIRQ)
    [Anonymous Symbol]                       0x080029e0   Section        0  tim.o(.text.__NVIC_EnableIRQ)
    __NVIC_EnableIRQ                         0x080029ed   Thumb Code    20  stm32f0xx_hal_cortex.o(.text.__NVIC_EnableIRQ)
    [Anonymous Symbol]                       0x080029ec   Section        0  stm32f0xx_hal_cortex.o(.text.__NVIC_EnableIRQ)
    __arm_cp.3_0                             0x08002a00   Number         4  stm32f0xx_hal_cortex.o(.text.__NVIC_EnableIRQ)
    __NVIC_SetPriority                       0x08002a05   Thumb Code    16  tim.o(.text.__NVIC_SetPriority)
    [Anonymous Symbol]                       0x08002a04   Section        0  tim.o(.text.__NVIC_SetPriority)
    __arm_cp.36_0                            0x08002a14   Number         4  tim.o(.text.__NVIC_SetPriority)
    __NVIC_SetPriority                       0x08002a19   Thumb Code    56  stm32f0xx_hal_cortex.o(.text.__NVIC_SetPriority)
    [Anonymous Symbol]                       0x08002a18   Section        0  stm32f0xx_hal_cortex.o(.text.__NVIC_SetPriority)
    __arm_cp.1_0                             0x08002a50   Number         4  stm32f0xx_hal_cortex.o(.text.__NVIC_SetPriority)
    __arm_cp.1_1                             0x08002a54   Number         4  stm32f0xx_hal_cortex.o(.text.__NVIC_SetPriority)
    [Anonymous Symbol]                       0x08002a58   Section        0  angle_calc.o(.text.angle_from_EEPROMbuf)
    [Anonymous Symbol]                       0x08002a7e   Section        0  angle_calc.o(.text.angle_to_EEPROMbuf)
    [Anonymous Symbol]                       0x08002aa0   Section        0  tim.o(.text.delay_us)
    __arm_cp.15_0                            0x08002ad4   Number         4  tim.o(.text.delay_us)
    [Anonymous Symbol]                       0x08002ad8   Section        0  ssd1306.o(.text.display_default_screen)
    [Anonymous Symbol]                       0x08002b38   Section        0  drive.o(.text.enc_shaft_rotation)
    __arm_cp.6_0                             0x08002cc8   Number         4  drive.o(.text.enc_shaft_rotation)
    __arm_cp.6_1                             0x08002ccc   Number         4  drive.o(.text.enc_shaft_rotation)
    __arm_cp.6_2                             0x08002cd0   Number         4  drive.o(.text.enc_shaft_rotation)
    __arm_cp.6_3                             0x08002cd4   Number         4  drive.o(.text.enc_shaft_rotation)
    __arm_cp.6_4                             0x08002cd8   Number         4  drive.o(.text.enc_shaft_rotation)
    __arm_cp.6_5                             0x08002cdc   Number         4  drive.o(.text.enc_shaft_rotation)
    __arm_cp.6_7                             0x08002cf4   Number         4  drive.o(.text.enc_shaft_rotation)
    __arm_cp.6_8                             0x08002cf8   Number         4  drive.o(.text.enc_shaft_rotation)
    __arm_cp.6_9                             0x08002cfc   Number         4  drive.o(.text.enc_shaft_rotation)
    __arm_cp.6_10                            0x08002d00   Number         4  drive.o(.text.enc_shaft_rotation)
    [Anonymous Symbol]                       0x08002d18   Section        0  tim.o(.text.encoder_init)
    __arm_cp.11_0                            0x08002d38   Number         4  tim.o(.text.encoder_init)
    __arm_cp.11_1                            0x08002d3c   Number         4  tim.o(.text.encoder_init)
    [Anonymous Symbol]                       0x08002d40   Section        0  angle_calc.o(.text.init_angular_data)
    [Anonymous Symbol]                       0x08002d48   Section        0  drive.o(.text.lbt_shaft_rotation)
    __arm_cp.8_3                             0x08002d98   Number         4  drive.o(.text.lbt_shaft_rotation)
    [Anonymous Symbol]                       0x08002d9c   Section        0  main.o(.text.main)
    __arm_cp.0_0                             0x08002fe0   Number         4  main.o(.text.main)
    __arm_cp.0_1                             0x08002fe4   Number         4  main.o(.text.main)
    __arm_cp.0_2                             0x08002fe8   Number         4  main.o(.text.main)
    __arm_cp.0_3                             0x08002fec   Number         4  main.o(.text.main)
    __arm_cp.0_4                             0x08002ff0   Number         4  main.o(.text.main)
    __arm_cp.0_6                             0x0800300c   Number         4  main.o(.text.main)
    __arm_cp.0_7                             0x08003010   Number         4  main.o(.text.main)
    __arm_cp.0_8                             0x08003014   Number         4  main.o(.text.main)
    __arm_cp.0_10                            0x08003030   Number         4  main.o(.text.main)
    [Anonymous Symbol]                       0x0800307c   Section        0  drive.o(.text.rbt_shaft_rotation)
    __arm_cp.7_0                             0x080030d0   Number         4  drive.o(.text.rbt_shaft_rotation)
    __arm_cp.7_1                             0x080030d4   Number         4  drive.o(.text.rbt_shaft_rotation)
    __arm_cp.7_2                             0x080030d8   Number         4  drive.o(.text.rbt_shaft_rotation)
    __arm_cp.7_3                             0x080030dc   Number         4  drive.o(.text.rbt_shaft_rotation)
    __arm_cp.7_4                             0x080030e0   Number         4  drive.o(.text.rbt_shaft_rotation)
    __arm_cp.7_5                             0x080030e4   Number         4  drive.o(.text.rbt_shaft_rotation)
    [Anonymous Symbol]                       0x080030e8   Section        0  tim.o(.text.repeat_time)
    __arm_cp.20_0                            0x0800310c   Number         4  tim.o(.text.repeat_time)
    scan_buttons_GPIO                        0x08003111   Thumb Code    54  button.o(.text.scan_buttons_GPIO)
    [Anonymous Symbol]                       0x08003110   Section        0  button.o(.text.scan_buttons_GPIO)
    [Anonymous Symbol]                       0x08003148   Section        0  button.o(.text.scan_keys)
    __arm_cp.0_0                             0x08003224   Number         4  button.o(.text.scan_keys)
    __arm_cp.0_1                             0x08003228   Number         4  button.o(.text.scan_keys)
    __arm_cp.0_2                             0x0800322c   Number         4  button.o(.text.scan_keys)
    __arm_cp.0_3                             0x08003230   Number         4  button.o(.text.scan_keys)
    [Anonymous Symbol]                       0x08003234   Section        0  drive.o(.text.set_angle)
    __arm_cp.4_0                             0x080032f8   Number         4  drive.o(.text.set_angle)
    __arm_cp.4_1                             0x080032fc   Number         4  drive.o(.text.set_angle)
    __arm_cp.4_3                             0x0800330c   Number         4  drive.o(.text.set_angle)
    __arm_cp.4_4                             0x08003310   Number         4  drive.o(.text.set_angle)
    [Anonymous Symbol]                       0x0800332c   Section        0  ssd1306.o(.text.ssd1306_Clear)
    __arm_cp.5_0                             0x0800336c   Number         4  ssd1306.o(.text.ssd1306_Clear)
    [Anonymous Symbol]                       0x08003370   Section        0  ssd1306.o(.text.ssd1306_Goto)
    [Anonymous Symbol]                       0x08003394   Section        0  ssd1306.o(.text.ssd1306_Init)
    [Anonymous Symbol]                       0x08003438   Section        0  ssd1306.o(.text.ssd1306_PutChar)
    __arm_cp.2_0                             0x0800346c   Number         4  ssd1306.o(.text.ssd1306_PutChar)
    __arm_cp.2_1                             0x08003470   Number         4  ssd1306.o(.text.ssd1306_PutChar)
    __arm_cp.2_2                             0x08003474   Number         4  ssd1306.o(.text.ssd1306_PutChar)
    [Anonymous Symbol]                       0x08003478   Section        0  ssd1306.o(.text.ssd1306_PutData)
    [Anonymous Symbol]                       0x0800349e   Section        0  ssd1306.o(.text.ssd1306_PutString)
    [Anonymous Symbol]                       0x080034bc   Section        0  ssd1306_interface.o(.text.ssd1306_SendCommand)
    __arm_cp.0_0                             0x080034dc   Number         4  ssd1306_interface.o(.text.ssd1306_SendCommand)
    [Anonymous Symbol]                       0x080034e0   Section        0  ssd1306_interface.o(.text.ssd1306_SendDataBuffer)
    __arm_cp.2_0                             0x080034fc   Number         4  ssd1306_interface.o(.text.ssd1306_SendDataBuffer)
    [Anonymous Symbol]                       0x08003500   Section        0  drive.o(.text.step_angle)
    __arm_cp.3_0                             0x08003588   Number         4  drive.o(.text.step_angle)
    tim_delay_init                           0x0800358d   Thumb Code    56  tim.o(.text.tim_delay_init)
    [Anonymous Symbol]                       0x0800358c   Section        0  tim.o(.text.tim_delay_init)
    __arm_cp.32_0                            0x080035c4   Number         4  tim.o(.text.tim_delay_init)
    timer_bounce_init                        0x080035c9   Thumb Code    72  tim.o(.text.timer_bounce_init)
    [Anonymous Symbol]                       0x080035c8   Section        0  tim.o(.text.timer_bounce_init)
    __arm_cp.33_0                            0x08003610   Number         4  tim.o(.text.timer_bounce_init)
    __arm_cp.33_1                            0x08003614   Number         4  tim.o(.text.timer_bounce_init)
    __arm_cp.33_2                            0x08003618   Number         4  tim.o(.text.timer_bounce_init)
    [Anonymous Symbol]                       0x0800361c   Section        0  tim.o(.text.timers_ini)
    __arm_cp.31_0                            0x08003634   Number         4  tim.o(.text.timers_ini)
    __arm_cp.31_1                            0x08003638   Number         4  tim.o(.text.timers_ini)
    [Anonymous Symbol]                       0x0800363c   Section        0  tim.o(.text.xTimer_Init)
    __arm_cp.22_0                            0x08003644   Number         4  tim.o(.text.xTimer_Init)
    [Anonymous Symbol]                       0x08003648   Section        0  tim.o(.text.xTimer_Task)
    __arm_cp.27_0                            0x08003688   Number         4  tim.o(.text.xTimer_Task)
    .text_divfast                            0x0800368c   Section      502  aeabi_sdivfast.o(.text_divfast)
    i._is_digit                              0x08003882   Section        0  __printf_wp.o(i._is_digit)
    maptable                                 0x08003890   Data          17  __printf_flags_wp.o(.constdata)
    .constdata                               0x08003890   Section       17  __printf_flags_wp.o(.constdata)
    x$fpl$usenofp                            0x08003890   Section        0  usenofp.o(x$fpl$usenofp)
    ddiv_reciptbl                            0x080038a1   Data         128  ddiv.o(.constdata)
    .constdata                               0x080038a1   Section      128  ddiv.o(.constdata)
    OFFSET_TAB_CCMRx                         0x08003bb1   Data           7  tim.o(.rodata.OFFSET_TAB_CCMRx)
    [Anonymous Symbol]                       0x08003bb1   Section        0  tim.o(.rodata.OFFSET_TAB_CCMRx)
    SHIFT_TAB_ICxx                           0x08003bb8   Data           7  tim.o(.rodata.SHIFT_TAB_ICxx)
    [Anonymous Symbol]                       0x08003bb8   Section        0  tim.o(.rodata.SHIFT_TAB_ICxx)
    [Anonymous Symbol]                       0x08003bbf   Section        0  drive.o(.rodata.str1.1)
    .bss                                     0x20000010   Section       96  libspace.o(.bss)
    LCD_X                                    0x20000070   Data           1  ssd1306.o(.bss.LCD_X)
    [Anonymous Symbol]                       0x20000070   Section        0  ssd1306.o(.bss.LCD_X)
    SysTick_CallbackFunction                 0x20000088   Data           4  systick.o(.bss.SysTick_CallbackFunction)
    [Anonymous Symbol]                       0x20000088   Section        0  systick.o(.bss.SysTick_CallbackFunction)
    TicksCounter                             0x2000008c   Data           4  systick.o(.bss.TicksCounter)
    [Anonymous Symbol]                       0x2000008c   Section        0  systick.o(.bss.TicksCounter)
    scan_keys.key_code                       0x20000130   Data           2  button.o(.bss.scan_keys.key_code)
    [Anonymous Symbol]                       0x20000130   Section        0  button.o(.bss.scan_keys.key_code)
    scan_keys.key_state                      0x20000132   Data           1  button.o(.bss.scan_keys.key_state)
    [Anonymous Symbol]                       0x20000132   Section        0  button.o(.bss.scan_keys.key_state)
    temp                                     0x20000133   Data           2  ssd1306_interface.o(.bss.temp)
    [Anonymous Symbol]                       0x20000133   Section        0  ssd1306_interface.o(.bss.temp)
    temp_char                                0x20000135   Data           6  ssd1306.o(.bss.temp_char)
    [Anonymous Symbol]                       0x20000135   Section        0  ssd1306.o(.bss.temp_char)
    xTimeNow                                 0x20000140   Data           4  tim.o(.bss.xTimeNow)
    [Anonymous Symbol]                       0x20000140   Section        0  tim.o(.bss.xTimeNow)
    xTimerList                               0x20000144   Data          96  tim.o(.bss.xTimerList)
    [Anonymous Symbol]                       0x20000144   Section        0  tim.o(.bss.xTimerList)
    Heap_Mem                                 0x200001a8   Data         512  startup_stm32f030x6.o(HEAP)
    HEAP                                     0x200001a8   Section      512  startup_stm32f030x6.o(HEAP)
    Stack_Mem                                0x200003a8   Data        1024  startup_stm32f030x6.o(STACK)
    STACK                                    0x200003a8   Section     1024  startup_stm32f030x6.o(STACK)
    __initial_sp                             0x200007a8   Data           0  startup_stm32f030x6.o(STACK)

    Global Symbols

    Symbol Name                              Value     Ov Type        Size  Object(Section)

    BuildAttributes$$THM_ISAv3M$S$PE$A:L22$X:L11$S22$IEEE1$IW$~IW$USESV6$~STKCKD$USESV7$~SHL$OTIME$ROPI$EBA8$UX$STANDARDLIB$REQ8$PRES8$EABIv2 0x00000000   Number         0  anon$$obj.o ABSOLUTE
    _printf_flags                            0x00000000   Number         0  printf_stubs.o ABSOLUTE
    _printf_return_value                     0x00000000   Number         0  printf_stubs.o ABSOLUTE
    _printf_sizespec                         0x00000000   Number         0  printf_stubs.o ABSOLUTE
    _printf_widthprec                        0x00000000   Number         0  printf_stubs.o ABSOLUTE
    __ARM_exceptions_init                     - Undefined Weak Reference
    __alloca_initialize                       - Undefined Weak Reference
    __arm_preinit_                            - Undefined Weak Reference
    __cpp_initialize__aeabi_                  - Undefined Weak Reference
    __cxa_finalize                            - Undefined Weak Reference
    __rt_locale                               - Undefined Weak Reference
    __sigvec_lookup                           - Undefined Weak Reference
    _atexit_init                              - Undefined Weak Reference
    _call_atexit_fns                          - Undefined Weak Reference
    _clock_init                               - Undefined Weak Reference
    _fp_trap_init                             - Undefined Weak Reference
    _fp_trap_shutdown                         - Undefined Weak Reference
    _get_lc_collate                           - Undefined Weak Reference
    _get_lc_ctype                             - Undefined Weak Reference
    _get_lc_monetary                          - Undefined Weak Reference
    _get_lc_numeric                           - Undefined Weak Reference
    _get_lc_time                              - Undefined Weak Reference
    _getenv_init                              - Undefined Weak Reference
    _handle_redirection                       - Undefined Weak Reference
    _init_alloc                               - Undefined Weak Reference
    _init_user_alloc                          - Undefined Weak Reference
    _initio                                   - Undefined Weak Reference
    _printf_truncate_signed                   - Undefined Weak Reference
    _printf_truncate_unsigned                 - Undefined Weak Reference
    _rand_init                                - Undefined Weak Reference
    _signal_finish                            - Undefined Weak Reference
    _signal_init                              - Undefined Weak Reference
    _terminate_alloc                          - Undefined Weak Reference
    _terminate_user_alloc                     - Undefined Weak Reference
    _terminateio                              - Undefined Weak Reference
    __Vectors_Size                           0x000000b0   Number         0  startup_stm32f030x6.o ABSOLUTE
    __Vectors                                0x08000000   Data           4  startup_stm32f030x6.o(RESET)
    __Vectors_End                            0x080000b0   Data           0  startup_stm32f030x6.o(RESET)
    __main                                   0x080000b1   Thumb Code     8  __main.o(!!!main)
    __scatterload                            0x080000b9   Thumb Code     0  __scatter.o(!!!scatter)
    __scatterload_rt2                        0x080000b9   Thumb Code    52  __scatter.o(!!!scatter)
    __scatterload_rt2_thumb_only             0x080000b9   Thumb Code     0  __scatter.o(!!!scatter)
    __scatterload_null                       0x080000c9   Thumb Code     0  __scatter.o(!!!scatter)
    __scatterload_copy                       0x080000f5   Thumb Code    26  __scatter_copy.o(!!handler_copy)
    __scatterload_zeroinit                   0x08000111   Thumb Code    28  __scatter_zi.o(!!handler_zi)
    _printf_percent                          0x0800012d   Thumb Code     0  _printf_percent.o(.ARM.Collect$$_printf_percent$$00000000)
    _printf_d                                0x0800012f   Thumb Code     0  _printf_d.o(.ARM.Collect$$_printf_percent$$00000009)
    _printf_percent_end                      0x08000139   Thumb Code     0  _printf_percent_end.o(.ARM.Collect$$_printf_percent$$00000017)
    __rt_lib_init                            0x0800013d   Thumb Code     0  libinit.o(.ARM.Collect$$libinit$$00000000)
    __rt_lib_init_alloca_1                   0x0800013f   Thumb Code     0  libinit2.o(.ARM.Collect$$libinit$$0000002E)
    __rt_lib_init_argv_1                     0x0800013f   Thumb Code     0  libinit2.o(.ARM.Collect$$libinit$$0000002C)
    __rt_lib_init_atexit_1                   0x0800013f   Thumb Code     0  libinit2.o(.ARM.Collect$$libinit$$0000001B)
    __rt_lib_init_clock_1                    0x0800013f   Thumb Code     0  libinit2.o(.ARM.Collect$$libinit$$00000021)
    __rt_lib_init_cpp_1                      0x0800013f   Thumb Code     0  libinit2.o(.ARM.Collect$$libinit$$00000032)
    __rt_lib_init_exceptions_1               0x0800013f   Thumb Code     0  libinit2.o(.ARM.Collect$$libinit$$00000030)
    __rt_lib_init_fp_1                       0x0800013f   Thumb Code     0  libinit2.o(.ARM.Collect$$libinit$$00000002)
    __rt_lib_init_fp_trap_1                  0x0800013f   Thumb Code     0  libinit2.o(.ARM.Collect$$libinit$$0000001F)
    __rt_lib_init_getenv_1                   0x0800013f   Thumb Code     0  libinit2.o(.ARM.Collect$$libinit$$00000023)
    __rt_lib_init_heap_1                     0x0800013f   Thumb Code     0  libinit2.o(.ARM.Collect$$libinit$$0000000A)
    __rt_lib_init_lc_collate_1               0x0800013f   Thumb Code     0  libinit2.o(.ARM.Collect$$libinit$$00000011)
    __rt_lib_init_lc_ctype_1                 0x0800013f   Thumb Code     0  libinit2.o(.ARM.Collect$$libinit$$00000013)
    __rt_lib_init_lc_monetary_1              0x0800013f   Thumb Code     0  libinit2.o(.ARM.Collect$$libinit$$00000015)
    __rt_lib_init_lc_numeric_1               0x0800013f   Thumb Code     0  libinit2.o(.ARM.Collect$$libinit$$00000017)
    __rt_lib_init_lc_time_1                  0x0800013f   Thumb Code     0  libinit2.o(.ARM.Collect$$libinit$$00000019)
    __rt_lib_init_preinit_1                  0x0800013f   Thumb Code     0  libinit2.o(.ARM.Collect$$libinit$$00000004)
    __rt_lib_init_rand_1                     0x0800013f   Thumb Code     0  libinit2.o(.ARM.Collect$$libinit$$0000000E)
    __rt_lib_init_return                     0x0800013f   Thumb Code     0  libinit2.o(.ARM.Collect$$libinit$$00000033)
    __rt_lib_init_signal_1                   0x0800013f   Thumb Code     0  libinit2.o(.ARM.Collect$$libinit$$0000001D)
    __rt_lib_init_stdio_1                    0x0800013f   Thumb Code     0  libinit2.o(.ARM.Collect$$libinit$$00000025)
    __rt_lib_init_user_alloc_1               0x0800013f   Thumb Code     0  libinit2.o(.ARM.Collect$$libinit$$0000000C)
    __rt_lib_shutdown                        0x08000141   Thumb Code     0  libshutdown.o(.ARM.Collect$$libshutdown$$00000000)
    __rt_lib_shutdown_cpp_1                  0x08000143   Thumb Code     0  libshutdown2.o(.ARM.Collect$$libshutdown$$00000002)
    __rt_lib_shutdown_fp_trap_1              0x08000143   Thumb Code     0  libshutdown2.o(.ARM.Collect$$libshutdown$$00000007)
    __rt_lib_shutdown_heap_1                 0x08000143   Thumb Code     0  libshutdown2.o(.ARM.Collect$$libshutdown$$0000000F)
    __rt_lib_shutdown_return                 0x08000143   Thumb Code     0  libshutdown2.o(.ARM.Collect$$libshutdown$$00000010)
    __rt_lib_shutdown_signal_1               0x08000143   Thumb Code     0  libshutdown2.o(.ARM.Collect$$libshutdown$$0000000A)
    __rt_lib_shutdown_stdio_1                0x08000143   Thumb Code     0  libshutdown2.o(.ARM.Collect$$libshutdown$$00000004)
    __rt_lib_shutdown_user_alloc_1           0x08000143   Thumb Code     0  libshutdown2.o(.ARM.Collect$$libshutdown$$0000000C)
    __rt_entry                               0x08000145   Thumb Code     0  __rtentry.o(.ARM.Collect$$rtentry$$00000000)
    __rt_entry_presh_1                       0x08000145   Thumb Code     0  __rtentry2.o(.ARM.Collect$$rtentry$$00000002)
    __rt_entry_sh                            0x08000145   Thumb Code     0  __rtentry4.o(.ARM.Collect$$rtentry$$00000004)
    __rt_entry_li                            0x0800014b   Thumb Code     0  __rtentry2.o(.ARM.Collect$$rtentry$$0000000A)
    __rt_entry_postsh_1                      0x0800014b   Thumb Code     0  __rtentry2.o(.ARM.Collect$$rtentry$$00000009)
    __rt_entry_main                          0x0800014f   Thumb Code     0  __rtentry2.o(.ARM.Collect$$rtentry$$0000000D)
    __rt_entry_postli_1                      0x0800014f   Thumb Code     0  __rtentry2.o(.ARM.Collect$$rtentry$$0000000C)
    __rt_exit                                0x08000157   Thumb Code     0  rtexit.o(.ARM.Collect$$rtexit$$00000000)
    __rt_exit_ls                             0x08000159   Thumb Code     0  rtexit2.o(.ARM.Collect$$rtexit$$00000003)
    __rt_exit_prels_1                        0x08000159   Thumb Code     0  rtexit2.o(.ARM.Collect$$rtexit$$00000002)
    __rt_exit_exit                           0x0800015d   Thumb Code     0  rtexit2.o(.ARM.Collect$$rtexit$$00000004)
    __aeabi_memcpy4                          0x08000165   Thumb Code    56  rt_memcpy.o(.emb_text)
    __aeabi_memcpy8                          0x08000165   Thumb Code     0  rt_memcpy.o(.emb_text)
    Reset_Handler                            0x0800019d   Thumb Code     8  startup_stm32f030x6.o(.text)
    ADC1_IRQHandler                          0x080001af   Thumb Code     0  startup_stm32f030x6.o(.text)
    DMA1_Channel1_IRQHandler                 0x080001af   Thumb Code     0  startup_stm32f030x6.o(.text)
    DMA1_Channel2_3_IRQHandler               0x080001af   Thumb Code     0  startup_stm32f030x6.o(.text)
    DMA1_Channel4_5_IRQHandler               0x080001af   Thumb Code     0  startup_stm32f030x6.o(.text)
    EXTI0_1_IRQHandler                       0x080001af   Thumb Code     0  startup_stm32f030x6.o(.text)
    EXTI2_3_IRQHandler                       0x080001af   Thumb Code     0  startup_stm32f030x6.o(.text)
    EXTI4_15_IRQHandler                      0x080001af   Thumb Code     0  startup_stm32f030x6.o(.text)
    FLASH_IRQHandler                         0x080001af   Thumb Code     0  startup_stm32f030x6.o(.text)
    RCC_IRQHandler                           0x080001af   Thumb Code     0  startup_stm32f030x6.o(.text)
    RTC_IRQHandler                           0x080001af   Thumb Code     0  startup_stm32f030x6.o(.text)
    SPI1_IRQHandler                          0x080001af   Thumb Code     0  startup_stm32f030x6.o(.text)
    TIM14_IRQHandler                         0x080001af   Thumb Code     0  startup_stm32f030x6.o(.text)
    TIM17_IRQHandler                         0x080001af   Thumb Code     0  startup_stm32f030x6.o(.text)
    TIM1_BRK_UP_TRG_COM_IRQHandler           0x080001af   Thumb Code     0  startup_stm32f030x6.o(.text)
    TIM1_CC_IRQHandler                       0x080001af   Thumb Code     0  startup_stm32f030x6.o(.text)
    TIM3_IRQHandler                          0x080001af   Thumb Code     0  startup_stm32f030x6.o(.text)
    USART1_IRQHandler                        0x080001af   Thumb Code     0  startup_stm32f030x6.o(.text)
    WWDG_IRQHandler                          0x080001af   Thumb Code     0  startup_stm32f030x6.o(.text)
    __user_initial_stackheap                 0x080001b1   Thumb Code     0  startup_stm32f030x6.o(.text)
    __2snprintf                              0x080001d5   Thumb Code    50  noretval__2snprintf.o(.text)
    _printf_pre_padding                      0x0800020d   Thumb Code    44  _printf_pad.o(.text)
    _printf_post_padding                     0x08000239   Thumb Code    34  _printf_pad.o(.text)
    _printf_int_dec                          0x0800025d   Thumb Code    90  _printf_dec.o(.text)
    __printf                                 0x080002c9   Thumb Code   306  __printf_flags_wp.o(.text)
    __aeabi_memcpy                           0x08000401   Thumb Code   130  rt_memcpy.o(.text)
    __rt_memcpy                              0x08000401   Thumb Code     0  rt_memcpy.o(.text)
    _memset_w                                0x08000483   Thumb Code    26  rt_memclr.o(.text)
    _memset                                  0x0800049d   Thumb Code    30  rt_memclr.o(.text)
    __aeabi_memclr                           0x080004bb   Thumb Code     4  rt_memclr.o(.text)
    __rt_memclr                              0x080004bb   Thumb Code     0  rt_memclr.o(.text)
    __aeabi_memclr4                          0x080004bf   Thumb Code     0  rt_memclr.o(.text)
    __aeabi_memclr8                          0x080004bf   Thumb Code     0  rt_memclr.o(.text)
    __rt_memclr_w                            0x080004bf   Thumb Code     4  rt_memclr.o(.text)
    __use_two_region_memory                  0x080004c3   Thumb Code     2  heapauxi.o(.text)
    __rt_heap_escrow$2region                 0x080004c5   Thumb Code     2  heapauxi.o(.text)
    __rt_heap_expand$2region                 0x080004c7   Thumb Code     2  heapauxi.o(.text)
    __aeabi_ddiv                             0x080004c9   Thumb Code     0  ddiv.o(.text)
    _ddiv                                    0x080004c9   Thumb Code  1072  ddiv.o(.text)
    _drdiv                                   0x080008f9   Thumb Code    20  ddiv.o(.text)
    __aeabi_d2uiz                            0x08000911   Thumb Code     0  dfixui.o(.text)
    _dfixu                                   0x08000911   Thumb Code    68  dfixui.o(.text)
    __aeabi_i2d_normalise                    0x08000959   Thumb Code    66  dflti.o(.text)
    __aeabi_i2d                              0x0800099b   Thumb Code    16  dflti.o(.text)
    _dflt                                    0x0800099b   Thumb Code     0  dflti.o(.text)
    __aeabi_ui2d                             0x080009ab   Thumb Code     6  dflti.o(.text)
    _dfltu                                   0x080009ab   Thumb Code     0  dflti.o(.text)
    _printf_int_common                       0x080009b1   Thumb Code   176  _printf_intcommon.o(.text)
    _printf_char_common                      0x08000a6b   Thumb Code    32  _printf_char_common.o(.text)
    _sputc                                   0x08000a91   Thumb Code    10  _sputc.o(.text)
    _snputc                                  0x08000a9b   Thumb Code    16  _snputc.o(.text)
    __rt_udiv10                              0x08000aab   Thumb Code    40  rtudiv10.o(.text)
    __user_setup_stackheap                   0x08000ad3   Thumb Code    62  sys_stackheap_outer.o(.text)
    exit                                     0x08000b11   Thumb Code    16  exit.o(.text)
    __user_libspace                          0x08000b21   Thumb Code     8  libspace.o(.text)
    __user_perproc_libspace                  0x08000b21   Thumb Code     0  libspace.o(.text)
    __user_perthread_libspace                0x08000b21   Thumb Code     0  libspace.o(.text)
    _sys_exit                                0x08000b29   Thumb Code     8  sys_exit.o(.text)
    __I$use$semihosting                      0x08000b35   Thumb Code     0  use_no_semi.o(.text)
    __use_no_semihosting_swi                 0x08000b35   Thumb Code     2  use_no_semi.o(.text)
    AngleShaftReset                          0x08000b37   Thumb Code     8  angle_calc.o(.text.AngleShaftReset)
    __semihosting_library_function           0x08000b37   Thumb Code     0  indicate_semi.o(.text)
    EEPROM_ReadBytes                         0x08000b41   Thumb Code    32  eeprom.o(.text.EEPROM_ReadBytes)
    EEPROM_WriteBytes                        0x08000b61   Thumb Code    32  eeprom.o(.text.EEPROM_WriteBytes)
    Error_Handler                            0x08000b85   Thumb Code     8  main.o(.text.Error_Handler)
    GetAngleReset                            0x08000b8d   Thumb Code    14  angle_calc.o(.text.GetAngleReset)
    GetAngleShaft_from_Seconds               0x08000b9b   Thumb Code    44  angle_calc.o(.text.GetAngleShaft_from_Seconds)
    GetSetAngle_from_Seconds                 0x08000bc7   Thumb Code    44  angle_calc.o(.text.GetSetAngle_from_Seconds)
    Get_SysTick                              0x08000bf5   Thumb Code     8  systick.o(.text.Get_SysTick)
    HAL_DMA_Abort_IT                         0x08000c01   Thumb Code    70  stm32f0xx_hal_dma.o(.text.HAL_DMA_Abort_IT)
    HAL_Delay                                0x08000c49   Thumb Code    32  stm32f0xx_hal.o(.text.HAL_Delay)
    HAL_GPIO_Init                            0x08000c6d   Thumb Code   380  stm32f0xx_hal_gpio.o(.text.HAL_GPIO_Init)
    HAL_GetTick                              0x08000e05   Thumb Code     8  stm32f0xx_hal.o(.text.HAL_GetTick)
    HAL_I2CEx_ConfigAnalogFilter             0x08000e11   Thumb Code    68  stm32f0xx_hal_i2c_ex.o(.text.HAL_I2CEx_ConfigAnalogFilter)
    HAL_I2CEx_ConfigDigitalFilter            0x08000e55   Thumb Code    68  stm32f0xx_hal_i2c_ex.o(.text.HAL_I2CEx_ConfigDigitalFilter)
    HAL_I2C_AbortCpltCallback                0x08000e99   Thumb Code     2  stm32f0xx_hal_i2c.o(.text.HAL_I2C_AbortCpltCallback)
    HAL_I2C_AddrCallback                     0x08000e9b   Thumb Code     2  stm32f0xx_hal_i2c.o(.text.HAL_I2C_AddrCallback)
    HAL_I2C_ER_IRQHandler                    0x08000e9d   Thumb Code    90  stm32f0xx_hal_i2c.o(.text.HAL_I2C_ER_IRQHandler)
    HAL_I2C_EV_IRQHandler                    0x08000ef7   Thumb Code    18  stm32f0xx_hal_i2c.o(.text.HAL_I2C_EV_IRQHandler)
    HAL_I2C_ErrorCallback                    0x08000f09   Thumb Code     2  stm32f0xx_hal_i2c.o(.text.HAL_I2C_ErrorCallback)
    HAL_I2C_Init                             0x08000f0d   Thumb Code   156  stm32f0xx_hal_i2c.o(.text.HAL_I2C_Init)
    HAL_I2C_ListenCpltCallback               0x08000fb1   Thumb Code     2  stm32f0xx_hal_i2c.o(.text.HAL_I2C_ListenCpltCallback)
    HAL_I2C_Master_Transmit                  0x08000fb5   Thumb Code   300  stm32f0xx_hal_i2c.o(.text.HAL_I2C_Master_Transmit)
    HAL_I2C_Mem_Read                         0x080010e5   Thumb Code   368  stm32f0xx_hal_i2c.o(.text.HAL_I2C_Mem_Read)
    HAL_I2C_Mem_Write                        0x08001259   Thumb Code   360  stm32f0xx_hal_i2c.o(.text.HAL_I2C_Mem_Write)
    HAL_I2C_MspInit                          0x080013c5   Thumb Code   116  i2c.o(.text.HAL_I2C_MspInit)
    HAL_I2C_SlaveRxCpltCallback              0x08001441   Thumb Code     2  stm32f0xx_hal_i2c.o(.text.HAL_I2C_SlaveRxCpltCallback)
    HAL_I2C_SlaveTxCpltCallback              0x08001443   Thumb Code     2  stm32f0xx_hal_i2c.o(.text.HAL_I2C_SlaveTxCpltCallback)
    HAL_IncTick                              0x08001445   Thumb Code    16  stm32f0xx_hal.o(.text.HAL_IncTick)
    HAL_Init                                 0x08001459   Thumb Code    28  stm32f0xx_hal.o(.text.HAL_Init)
    HAL_InitTick                             0x08001475   Thumb Code    60  stm32f0xx_hal.o(.text.HAL_InitTick)
    HAL_MspInit                              0x080014b9   Thumb Code    40  stm32f0xx_hal_msp.o(.text.HAL_MspInit)
    HAL_NVIC_EnableIRQ                       0x080014e5   Thumb Code     8  stm32f0xx_hal_cortex.o(.text.HAL_NVIC_EnableIRQ)
    HAL_NVIC_SetPriority                     0x080014ed   Thumb Code     8  stm32f0xx_hal_cortex.o(.text.HAL_NVIC_SetPriority)
    HAL_RCCEx_PeriphCLKConfig                0x080014f5   Thumb Code   240  stm32f0xx_hal_rcc_ex.o(.text.HAL_RCCEx_PeriphCLKConfig)
    HAL_RCC_ClockConfig                      0x080015f1   Thumb Code   260  stm32f0xx_hal_rcc.o(.text.HAL_RCC_ClockConfig)
    HAL_RCC_GetSysClockFreq                  0x08001705   Thumb Code    52  stm32f0xx_hal_rcc.o(.text.HAL_RCC_GetSysClockFreq)
    HAL_RCC_OscConfig                        0x08001765   Thumb Code   944  stm32f0xx_hal_rcc.o(.text.HAL_RCC_OscConfig)
    HAL_SYSTICK_Config                       0x08001b21   Thumb Code     8  stm32f0xx_hal_cortex.o(.text.HAL_SYSTICK_Config)
    HardFault_Handler                        0x08001b29   Thumb Code     2  stm32f0xx_it.o(.text.HardFault_Handler)
    I2C1_IRQHandler                          0x08001b2d   Thumb Code    32  stm32f0xx_it.o(.text.I2C1_IRQHandler)
    LL_GPIO_Init                             0x0800232d   Thumb Code   128  stm32f0xx_ll_gpio.o(.text.LL_GPIO_Init)
    LL_TIM_Init                              0x080025a9   Thumb Code   136  stm32f0xx_ll_tim.o(.text.LL_TIM_Init)
    MX_GPIO_Init                             0x08002685   Thumb Code   240  gpio.o(.text.MX_GPIO_Init)
    MX_I2C1_Init                             0x0800277d   Thumb Code    76  i2c.o(.text.MX_I2C1_Init)
    MX_TIM3_Init                             0x080027d5   Thumb Code   196  tim.o(.text.MX_TIM3_Init)
    NMI_Handler                              0x080028a1   Thumb Code     2  stm32f0xx_it.o(.text.NMI_Handler)
    PendSV_Handler                           0x080028a3   Thumb Code     2  stm32f0xx_it.o(.text.PendSV_Handler)
    SVC_Handler                              0x080028a5   Thumb Code     2  stm32f0xx_it.o(.text.SVC_Handler)
    SetAngle_in_Seconds                      0x080028a7   Thumb Code    28  angle_calc.o(.text.SetAngle_in_Seconds)
    ShaftAngle_in_Seconds                    0x080028c3   Thumb Code    28  angle_calc.o(.text.ShaftAngle_in_Seconds)
    SysTick_Callback                         0x080028e1   Thumb Code    20  systick.o(.text.SysTick_Callback)
    SysTick_Handler                          0x08002921   Thumb Code    16  stm32f0xx_it.o(.text.SysTick_Handler)
    SysTick_Init                             0x08002935   Thumb Code     8  systick.o(.text.SysTick_Init)
    SystemClock_Config                       0x08002941   Thumb Code   112  main.o(.text.SystemClock_Config)
    SystemInit                               0x080029b1   Thumb Code     2  system_stm32f0xx.o(.text.SystemInit)
    TIM16_IRQHandler                         0x080029b5   Thumb Code    36  tim.o(.text.TIM16_IRQHandler)
    angle_from_EEPROMbuf                     0x08002a59   Thumb Code    38  angle_calc.o(.text.angle_from_EEPROMbuf)
    angle_to_EEPROMbuf                       0x08002a7f   Thumb Code    34  angle_calc.o(.text.angle_to_EEPROMbuf)
    delay_us                                 0x08002aa1   Thumb Code    52  tim.o(.text.delay_us)
    display_default_screen                   0x08002ad9   Thumb Code    96  ssd1306.o(.text.display_default_screen)
    enc_shaft_rotation                       0x08002b39   Thumb Code   400  drive.o(.text.enc_shaft_rotation)
    encoder_init                             0x08002d19   Thumb Code    32  tim.o(.text.encoder_init)
    init_angular_data                        0x08002d41   Thumb Code     8  angle_calc.o(.text.init_angular_data)
    lbt_shaft_rotation                       0x08002d49   Thumb Code    80  drive.o(.text.lbt_shaft_rotation)
    main                                     0x08002d9d   Thumb Code   580  main.o(.text.main)
    rbt_shaft_rotation                       0x0800307d   Thumb Code    84  drive.o(.text.rbt_shaft_rotation)
    repeat_time                              0x080030e9   Thumb Code    36  tim.o(.text.repeat_time)
    scan_keys                                0x08003149   Thumb Code   220  button.o(.text.scan_keys)
    set_angle                                0x08003235   Thumb Code   196  drive.o(.text.set_angle)
    ssd1306_Clear                            0x0800332d   Thumb Code    64  ssd1306.o(.text.ssd1306_Clear)
    ssd1306_Goto                             0x08003371   Thumb Code    36  ssd1306.o(.text.ssd1306_Goto)
    ssd1306_Init                             0x08003395   Thumb Code   162  ssd1306.o(.text.ssd1306_Init)
    ssd1306_PutChar                          0x08003439   Thumb Code    52  ssd1306.o(.text.ssd1306_PutChar)
    ssd1306_PutData                          0x08003479   Thumb Code    38  ssd1306.o(.text.ssd1306_PutData)
    ssd1306_PutString                        0x0800349f   Thumb Code    28  ssd1306.o(.text.ssd1306_PutString)
    ssd1306_SendCommand                      0x080034bd   Thumb Code    32  ssd1306_interface.o(.text.ssd1306_SendCommand)
    ssd1306_SendDataBuffer                   0x080034e1   Thumb Code    28  ssd1306_interface.o(.text.ssd1306_SendDataBuffer)
    step_angle                               0x08003501   Thumb Code   136  drive.o(.text.step_angle)
    timers_ini                               0x0800361d   Thumb Code    24  tim.o(.text.timers_ini)
    xTimer_Init                              0x0800363d   Thumb Code     8  tim.o(.text.xTimer_Init)
    xTimer_Task                              0x08003649   Thumb Code    64  tim.o(.text.xTimer_Task)
    __aeabi_uidiv                            0x0800368d   Thumb Code    68  aeabi_sdivfast.o(.text_divfast)
    __aeabi_idiv                             0x080036d1   Thumb Code   434  aeabi_sdivfast.o(.text_divfast)
    _is_digit                                0x08003883   Thumb Code    14  __printf_wp.o(i._is_digit)
    __I$use$fp                               0x08003890   Number         0  usenofp.o(x$fpl$usenofp)
    AHBPrescTable                            0x08003921   Data          16  system_stm32f0xx.o(.rodata.AHBPrescTable)
    LCD_font                                 0x08003931   Data         640  ssd1306.o(.rodata.LCD_font)
    Region$$Table$$Base                      0x08003bd4   Number         0  anon$$obj.o(Region$$Table)
    Region$$Table$$Limit                     0x08003bf4   Number         0  anon$$obj.o(Region$$Table)
    SystemCoreClock                          0x20000000   Data           4  system_stm32f0xx.o(.data.SystemCoreClock)
    kord_X                                   0x20000004   Data           1  ssd1306.o(.data.kord_X)
    uwTickFreq                               0x20000005   Data           1  stm32f0xx_hal.o(.data.uwTickFreq)
    uwTickPrio                               0x20000008   Data           4  stm32f0xx_hal.o(.data.uwTickPrio)
    __libspace_start                         0x20000010   Data          96  libspace.o(.bss)
    __temporary_stack_top$libspace           0x20000070   Data           0  libspace.o(.bss)
    LCD_buff                                 0x20000071   Data          20  ssd1306.o(.bss.LCD_buff)
    count_autorepeat                         0x20000090   Data           1  button.o(.bss.count_autorepeat)
    curr_rotation                            0x20000094   Data          16  main.o(.bss.curr_rotation)
    eeprom_rx_buffer                         0x200000a4   Data          20  eeprom.o(.bss.eeprom_rx_buffer)
    eeprom_tx_buffer                         0x200000b8   Data          10  eeprom.o(.bss.eeprom_tx_buffer)
    encoder_data                             0x200000c4   Data          20  main.o(.bss.encoder_data)
    end_bounce                               0x200000d8   Data           1  tim.o(.bss.end_bounce)
    hi2c1                                    0x200000dc   Data          76  i2c.o(.bss.hi2c1)
    key_code                                 0x20000128   Data           2  main.o(.bss.key_code)
    kord_Y                                   0x2000012a   Data           1  ssd1306.o(.bss.kord_Y)
    need_step                                0x2000012c   Data           4  drive.o(.bss.need_step)
    uwTick                                   0x2000013c   Data           4  stm32f0xx_hal.o(.bss.uwTick)



==============================================================================

Memory Map of the image

  Image Entry point : 0x080000b1

  Load Region LR_IROM1 (Base: 0x08000000, Size: 0x00003c08, Max: 0x00010000, ABSOLUTE)

    Execution Region ER_IROM1 (Exec base: 0x08000000, Load base: 0x08000000, Size: 0x00003bf4, Max: 0x00010000, ABSOLUTE)

    Exec Addr    Load Addr    Size         Type   Attr      Idx    E Section Name        Object

    0x08000000   0x08000000   0x000000b0   Data   RO            3    RESET               startup_stm32f030x6.o
    0x080000b0   0x080000b0   0x00000008   Code   RO         1220  * !!!main             c_p.l(__main.o)
    0x080000b8   0x080000b8   0x0000003c   Code   RO         1416    !!!scatter          c_p.l(__scatter.o)
    0x080000f4   0x080000f4   0x0000001a   Code   RO         1418    !!handler_copy      c_p.l(__scatter_copy.o)
    0x0800010e   0x0800010e   0x00000002   PAD
    0x08000110   0x08000110   0x0000001c   Code   RO         1420    !!handler_zi        c_p.l(__scatter_zi.o)
    0x0800012c   0x0800012c   0x00000002   Code   RO         1203    .ARM.Collect$$_printf_percent$$00000000  c_p.l(_printf_percent.o)
    0x0800012e   0x0800012e   0x0000000a   Code   RO         1202    .ARM.Collect$$_printf_percent$$00000009  c_p.l(_printf_d.o)
    0x08000138   0x08000138   0x00000004   Code   RO         1242    .ARM.Collect$$_printf_percent$$00000017  c_p.l(_printf_percent_end.o)
    0x0800013c   0x0800013c   0x00000002   Code   RO         1279    .ARM.Collect$$libinit$$00000000  c_p.l(libinit.o)
    0x0800013e   0x0800013e   0x00000000   Code   RO         1293    .ARM.Collect$$libinit$$00000002  c_p.l(libinit2.o)
    0x0800013e   0x0800013e   0x00000000   Code   RO         1295    .ARM.Collect$$libinit$$00000004  c_p.l(libinit2.o)
    0x0800013e   0x0800013e   0x00000000   Code   RO         1298    .ARM.Collect$$libinit$$0000000A  c_p.l(libinit2.o)
    0x0800013e   0x0800013e   0x00000000   Code   RO         1300    .ARM.Collect$$libinit$$0000000C  c_p.l(libinit2.o)
    0x0800013e   0x0800013e   0x00000000   Code   RO         1302    .ARM.Collect$$libinit$$0000000E  c_p.l(libinit2.o)
    0x0800013e   0x0800013e   0x00000000   Code   RO         1305    .ARM.Collect$$libinit$$00000011  c_p.l(libinit2.o)
    0x0800013e   0x0800013e   0x00000000   Code   RO         1307    .ARM.Collect$$libinit$$00000013  c_p.l(libinit2.o)
    0x0800013e   0x0800013e   0x00000000   Code   RO         1309    .ARM.Collect$$libinit$$00000015  c_p.l(libinit2.o)
    0x0800013e   0x0800013e   0x00000000   Code   RO         1311    .ARM.Collect$$libinit$$00000017  c_p.l(libinit2.o)
    0x0800013e   0x0800013e   0x00000000   Code   RO         1313    .ARM.Collect$$libinit$$00000019  c_p.l(libinit2.o)
    0x0800013e   0x0800013e   0x00000000   Code   RO         1315    .ARM.Collect$$libinit$$0000001B  c_p.l(libinit2.o)
    0x0800013e   0x0800013e   0x00000000   Code   RO         1317    .ARM.Collect$$libinit$$0000001D  c_p.l(libinit2.o)
    0x0800013e   0x0800013e   0x00000000   Code   RO         1319    .ARM.Collect$$libinit$$0000001F  c_p.l(libinit2.o)
    0x0800013e   0x0800013e   0x00000000   Code   RO         1321    .ARM.Collect$$libinit$$00000021  c_p.l(libinit2.o)
    0x0800013e   0x0800013e   0x00000000   Code   RO         1323    .ARM.Collect$$libinit$$00000023  c_p.l(libinit2.o)
    0x0800013e   0x0800013e   0x00000000   Code   RO         1325    .ARM.Collect$$libinit$$00000025  c_p.l(libinit2.o)
    0x0800013e   0x0800013e   0x00000000   Code   RO         1329    .ARM.Collect$$libinit$$0000002C  c_p.l(libinit2.o)
    0x0800013e   0x0800013e   0x00000000   Code   RO         1331    .ARM.Collect$$libinit$$0000002E  c_p.l(libinit2.o)
    0x0800013e   0x0800013e   0x00000000   Code   RO         1333    .ARM.Collect$$libinit$$00000030  c_p.l(libinit2.o)
    0x0800013e   0x0800013e   0x00000000   Code   RO         1335    .ARM.Collect$$libinit$$00000032  c_p.l(libinit2.o)
    0x0800013e   0x0800013e   0x00000002   Code   RO         1336    .ARM.Collect$$libinit$$00000033  c_p.l(libinit2.o)
    0x08000140   0x08000140   0x00000002   Code   RO         1371    .ARM.Collect$$libshutdown$$00000000  c_p.l(libshutdown.o)
    0x08000142   0x08000142   0x00000000   Code   RO         1399    .ARM.Collect$$libshutdown$$00000002  c_p.l(libshutdown2.o)
    0x08000142   0x08000142   0x00000000   Code   RO         1401    .ARM.Collect$$libshutdown$$00000004  c_p.l(libshutdown2.o)
    0x08000142   0x08000142   0x00000000   Code   RO         1404    .ARM.Collect$$libshutdown$$00000007  c_p.l(libshutdown2.o)
    0x08000142   0x08000142   0x00000000   Code   RO         1407    .ARM.Collect$$libshutdown$$0000000A  c_p.l(libshutdown2.o)
    0x08000142   0x08000142   0x00000000   Code   RO         1409    .ARM.Collect$$libshutdown$$0000000C  c_p.l(libshutdown2.o)
    0x08000142   0x08000142   0x00000000   Code   RO         1412    .ARM.Collect$$libshutdown$$0000000F  c_p.l(libshutdown2.o)
    0x08000142   0x08000142   0x00000002   Code   RO         1413    .ARM.Collect$$libshutdown$$00000010  c_p.l(libshutdown2.o)
    0x08000144   0x08000144   0x00000000   Code   RO         1229    .ARM.Collect$$rtentry$$00000000  c_p.l(__rtentry.o)
    0x08000144   0x08000144   0x00000000   Code   RO         1247    .ARM.Collect$$rtentry$$00000002  c_p.l(__rtentry2.o)
    0x08000144   0x08000144   0x00000006   Code   RO         1259    .ARM.Collect$$rtentry$$00000004  c_p.l(__rtentry4.o)
    0x0800014a   0x0800014a   0x00000000   Code   RO         1249    .ARM.Collect$$rtentry$$00000009  c_p.l(__rtentry2.o)
    0x0800014a   0x0800014a   0x00000004   Code   RO         1250    .ARM.Collect$$rtentry$$0000000A  c_p.l(__rtentry2.o)
    0x0800014e   0x0800014e   0x00000000   Code   RO         1252    .ARM.Collect$$rtentry$$0000000C  c_p.l(__rtentry2.o)
    0x0800014e   0x0800014e   0x00000008   Code   RO         1253    .ARM.Collect$$rtentry$$0000000D  c_p.l(__rtentry2.o)
    0x08000156   0x08000156   0x00000002   Code   RO         1284    .ARM.Collect$$rtexit$$00000000  c_p.l(rtexit.o)
    0x08000158   0x08000158   0x00000000   Code   RO         1342    .ARM.Collect$$rtexit$$00000002  c_p.l(rtexit2.o)
    0x08000158   0x08000158   0x00000004   Code   RO         1343    .ARM.Collect$$rtexit$$00000003  c_p.l(rtexit2.o)
    0x0800015c   0x0800015c   0x00000006   Code   RO         1344    .ARM.Collect$$rtexit$$00000004  c_p.l(rtexit2.o)
    0x08000162   0x08000162   0x00000002   PAD
    0x08000164   0x08000164   0x00000038   Code   RO         1204    .emb_text           c_p.l(rt_memcpy.o)
    0x0800019c   0x0800019c   0x00000038   Code   RO            4    .text               startup_stm32f030x6.o
    0x080001d4   0x080001d4   0x00000038   Code   RO         1174    .text               c_p.l(noretval__2snprintf.o)
    0x0800020c   0x0800020c   0x0000004e   Code   RO         1178    .text               c_p.l(_printf_pad.o)
    0x0800025a   0x0800025a   0x00000002   PAD
    0x0800025c   0x0800025c   0x0000006c   Code   RO         1180    .text               c_p.l(_printf_dec.o)
    0x080002c8   0x080002c8   0x00000138   Code   RO         1194    .text               c_p.l(__printf_flags_wp.o)
    0x08000400   0x08000400   0x00000082   Code   RO         1205    .text               c_p.l(rt_memcpy.o)
    0x08000482   0x08000482   0x00000040   Code   RO         1208    .text               c_p.l(rt_memclr.o)
    0x080004c2   0x080004c2   0x00000006   Code   RO         1218    .text               c_p.l(heapauxi.o)
    0x080004c8   0x080004c8   0x00000448   Code   RO         1222    .text               fz_ps.l(ddiv.o)
    0x08000910   0x08000910   0x00000048   Code   RO         1225    .text               fz_ps.l(dfixui.o)
    0x08000958   0x08000958   0x00000058   Code   RO         1227    .text               fz_ps.l(dflti.o)
    0x080009b0   0x080009b0   0x000000b0   Code   RO         1234    .text               c_p.l(_printf_intcommon.o)
    0x08000a60   0x08000a60   0x00000030   Code   RO         1236    .text               c_p.l(_printf_char_common.o)
    0x08000a90   0x08000a90   0x0000000a   Code   RO         1238    .text               c_p.l(_sputc.o)
    0x08000a9a   0x08000a9a   0x00000010   Code   RO         1240    .text               c_p.l(_snputc.o)
    0x08000aaa   0x08000aaa   0x00000028   Code   RO         1243    .text               c_p.l(rtudiv10.o)
    0x08000ad2   0x08000ad2   0x0000003e   Code   RO         1265    .text               c_p.l(sys_stackheap_outer.o)
    0x08000b10   0x08000b10   0x00000010   Code   RO         1268    .text               c_p.l(exit.o)
    0x08000b20   0x08000b20   0x00000008   Code   RO         1280    .text               c_p.l(libspace.o)
    0x08000b28   0x08000b28   0x0000000c   Code   RO         1337    .text               c_p.l(sys_exit.o)
    0x08000b34   0x08000b34   0x00000002   Code   RO         1360    .text               c_p.l(use_no_semi.o)
    0x08000b36   0x08000b36   0x00000000   Code   RO         1362    .text               c_p.l(indicate_semi.o)
    0x08000b36   0x08000b36   0x00000008   Code   RO           84    .text.AngleShaftReset  angle_calc.o
    0x08000b3e   0x08000b3e   0x00000002   PAD
    0x08000b40   0x08000b40   0x00000020   Code   RO           58    .text.EEPROM_ReadBytes  eeprom.o
    0x08000b60   0x08000b60   0x00000024   Code   RO           56    .text.EEPROM_WriteBytes  eeprom.o
    0x08000b84   0x08000b84   0x00000008   Code   RO          124    .text.Error_Handler  main.o
    0x08000b8c   0x08000b8c   0x0000000e   Code   RO           86    .text.GetAngleReset  angle_calc.o
    0x08000b9a   0x08000b9a   0x0000002c   Code   RO           82    .text.GetAngleShaft_from_Seconds  angle_calc.o
    0x08000bc6   0x08000bc6   0x0000002c   Code   RO           78    .text.GetSetAngle_from_Seconds  angle_calc.o
    0x08000bf2   0x08000bf2   0x00000002   PAD
    0x08000bf4   0x08000bf4   0x0000000c   Code   RO          102    .text.Get_SysTick   systick.o
    0x08000c00   0x08000c00   0x00000046   Code   RO          637    .text.HAL_DMA_Abort_IT  stm32f0xx_hal_dma.o
    0x08000c46   0x08000c46   0x00000002   PAD
    0x08000c48   0x08000c48   0x00000024   Code   RO          562    .text.HAL_Delay     stm32f0xx_hal.o
    0x08000c6c   0x08000c6c   0x00000198   Code   RO          599    .text.HAL_GPIO_Init  stm32f0xx_hal_gpio.o
    0x08000e04   0x08000e04   0x0000000c   Code   RO          554    .text.HAL_GetTick   stm32f0xx_hal.o
    0x08000e10   0x08000e10   0x00000044   Code   RO          478    .text.HAL_I2CEx_ConfigAnalogFilter  stm32f0xx_hal_i2c_ex.o
    0x08000e54   0x08000e54   0x00000044   Code   RO          480    .text.HAL_I2CEx_ConfigDigitalFilter  stm32f0xx_hal_i2c_ex.o
    0x08000e98   0x08000e98   0x00000002   Code   RO          446    .text.HAL_I2C_AbortCpltCallback  stm32f0xx_hal_i2c.o
    0x08000e9a   0x08000e9a   0x00000002   Code   RO          436    .text.HAL_I2C_AddrCallback  stm32f0xx_hal_i2c.o
    0x08000e9c   0x08000e9c   0x0000005a   Code   RO          424    .text.HAL_I2C_ER_IRQHandler  stm32f0xx_hal_i2c.o
    0x08000ef6   0x08000ef6   0x00000012   Code   RO          422    .text.HAL_I2C_EV_IRQHandler  stm32f0xx_hal_i2c.o
    0x08000f08   0x08000f08   0x00000002   Code   RO          444    .text.HAL_I2C_ErrorCallback  stm32f0xx_hal_i2c.o
    0x08000f0a   0x08000f0a   0x00000002   PAD
    0x08000f0c   0x08000f0c   0x000000a4   Code   RO          314    .text.HAL_I2C_Init  stm32f0xx_hal_i2c.o
    0x08000fb0   0x08000fb0   0x00000002   Code   RO          438    .text.HAL_I2C_ListenCpltCallback  stm32f0xx_hal_i2c.o
    0x08000fb2   0x08000fb2   0x00000002   PAD
    0x08000fb4   0x08000fb4   0x00000130   Code   RO          322    .text.HAL_I2C_Master_Transmit  stm32f0xx_hal_i2c.o
    0x080010e4   0x080010e4   0x00000174   Code   RO          380    .text.HAL_I2C_Mem_Read  stm32f0xx_hal_i2c.o
    0x08001258   0x08001258   0x0000016c   Code   RO          376    .text.HAL_I2C_Mem_Write  stm32f0xx_hal_i2c.o
    0x080013c4   0x080013c4   0x0000007c   Code   RO          154    .text.HAL_I2C_MspInit  i2c.o
    0x08001440   0x08001440   0x00000002   Code   RO          434    .text.HAL_I2C_SlaveRxCpltCallback  stm32f0xx_hal_i2c.o
    0x08001442   0x08001442   0x00000002   Code   RO          432    .text.HAL_I2C_SlaveTxCpltCallback  stm32f0xx_hal_i2c.o
    0x08001444   0x08001444   0x00000014   Code   RO          552    .text.HAL_IncTick   stm32f0xx_hal.o
    0x08001458   0x08001458   0x0000001c   Code   RO          542    .text.HAL_Init      stm32f0xx_hal.o
    0x08001474   0x08001474   0x00000044   Code   RO          544    .text.HAL_InitTick  stm32f0xx_hal.o
    0x080014b8   0x080014b8   0x0000002c   Code   RO          276    .text.HAL_MspInit   stm32f0xx_hal_msp.o
    0x080014e4   0x080014e4   0x00000008   Code   RO          663    .text.HAL_NVIC_EnableIRQ  stm32f0xx_hal_cortex.o
    0x080014ec   0x080014ec   0x00000008   Code   RO          659    .text.HAL_NVIC_SetPriority  stm32f0xx_hal_cortex.o
    0x080014f4   0x080014f4   0x000000fc   Code   RO          528    .text.HAL_RCCEx_PeriphCLKConfig  stm32f0xx_hal_rcc_ex.o
    0x080015f0   0x080015f0   0x00000114   Code   RO          498    .text.HAL_RCC_ClockConfig  stm32f0xx_hal_rcc.o
    0x08001704   0x08001704   0x00000060   Code   RO          500    .text.HAL_RCC_GetSysClockFreq  stm32f0xx_hal_rcc.o
    0x08001764   0x08001764   0x000003bc   Code   RO          496    .text.HAL_RCC_OscConfig  stm32f0xx_hal_rcc.o
    0x08001b20   0x08001b20   0x00000008   Code   RO          675    .text.HAL_SYSTICK_Config  stm32f0xx_hal_cortex.o
    0x08001b28   0x08001b28   0x00000002   Code   RO          259    .text.HardFault_Handler  stm32f0xx_it.o
    0x08001b2a   0x08001b2a   0x00000002   PAD
    0x08001b2c   0x08001b2c   0x00000024   Code   RO          267    .text.I2C1_IRQHandler  stm32f0xx_it.o
    0x08001b50   0x08001b50   0x0000002a   Code   RO          408    .text.I2C_DMAAbort  stm32f0xx_hal_i2c.o
    0x08001b7a   0x08001b7a   0x00000054   Code   RO          406    .text.I2C_Disable_IRQ  stm32f0xx_hal_i2c.o
    0x08001bce   0x08001bce   0x0000001c   Code   RO          454    .text.I2C_Flush_TXDR  stm32f0xx_hal_i2c.o
    0x08001bea   0x08001bea   0x00000002   PAD
    0x08001bec   0x08001bec   0x000000a0   Code   RO          466    .text.I2C_ITAddrCplt  stm32f0xx_hal_i2c.o
    0x08001c8c   0x08001c8c   0x000000d0   Code   RO          426    .text.I2C_ITError   stm32f0xx_hal_i2c.o
    0x08001d5c   0x08001d5c   0x00000060   Code   RO          462    .text.I2C_ITListenCplt  stm32f0xx_hal_i2c.o
    0x08001dbc   0x08001dbc   0x000000f4   Code   RO          460    .text.I2C_ITSlaveCplt  stm32f0xx_hal_i2c.o
    0x08001eb0   0x08001eb0   0x00000050   Code   RO          464    .text.I2C_ITSlaveSeqCplt  stm32f0xx_hal_i2c.o
    0x08001f00   0x08001f00   0x00000078   Code   RO          468    .text.I2C_IsAcknowledgeFailed  stm32f0xx_hal_i2c.o
    0x08001f78   0x08001f78   0x00000068   Code   RO          382    .text.I2C_RequestMemoryRead  stm32f0xx_hal_i2c.o
    0x08001fe0   0x08001fe0   0x00000070   Code   RO          378    .text.I2C_RequestMemoryWrite  stm32f0xx_hal_i2c.o
    0x08002050   0x08002050   0x00000118   Code   RO          350    .text.I2C_Slave_ISR_IT  stm32f0xx_hal_i2c.o
    0x08002168   0x08002168   0x0000002c   Code   RO          326    .text.I2C_TransferConfig  stm32f0xx_hal_i2c.o
    0x08002194   0x08002194   0x0000006e   Code   RO          324    .text.I2C_WaitOnFlagUntilTimeout  stm32f0xx_hal_i2c.o
    0x08002202   0x08002202   0x00000050   Code   RO          330    .text.I2C_WaitOnSTOPFlagUntilTimeout  stm32f0xx_hal_i2c.o
    0x08002252   0x08002252   0x00000064   Code   RO          328    .text.I2C_WaitOnTXISFlagUntilTimeout  stm32f0xx_hal_i2c.o
    0x080022b6   0x080022b6   0x00000002   PAD
    0x080022b8   0x080022b8   0x00000018   Code   RO          140    .text.LL_AHB1_GRP1_EnableClock  gpio.o
    0x080022d0   0x080022d0   0x00000020   Code   RO          171    .text.LL_AHB1_GRP1_EnableClock  tim.o
    0x080022f0   0x080022f0   0x0000001c   Code   RO          169    .text.LL_APB1_GRP1_EnableClock  tim.o
    0x0800230c   0x0800230c   0x00000020   Code   RO          235    .text.LL_APB1_GRP2_EnableClock  tim.o
    0x0800232c   0x0800232c   0x00000080   Code   RO          290    .text.LL_GPIO_Init  stm32f0xx_ll_gpio.o
    0x080023ac   0x080023ac   0x00000014   Code   RO           41    .text.LL_GPIO_IsInputPinSet  button.o
    0x080023c0   0x080023c0   0x00000004   Code   RO           15    .text.LL_GPIO_ResetOutputPin  drive.o
    0x080023c4   0x080023c4   0x0000000c   Code   RO          120    .text.LL_GPIO_ResetOutputPin  main.o
    0x080023d0   0x080023d0   0x00000004   Code   RO          142    .text.LL_GPIO_ResetOutputPin  gpio.o
    0x080023d4   0x080023d4   0x00000014   Code   RO          298    .text.LL_GPIO_SetAFPin_0_7  stm32f0xx_ll_gpio.o
    0x080023e8   0x080023e8   0x00000016   Code   RO          300    .text.LL_GPIO_SetAFPin_8_15  stm32f0xx_ll_gpio.o
    0x080023fe   0x080023fe   0x00000004   Code   RO           13    .text.LL_GPIO_SetOutputPin  drive.o
    0x08002402   0x08002402   0x00000002   PAD
    0x08002404   0x08002404   0x0000000c   Code   RO          122    .text.LL_GPIO_SetOutputPin  main.o
    0x08002410   0x08002410   0x00000012   Code   RO          292    .text.LL_GPIO_SetPinMode  stm32f0xx_ll_gpio.o
    0x08002422   0x08002422   0x0000000c   Code   RO          302    .text.LL_GPIO_SetPinOutputType  stm32f0xx_ll_gpio.o
    0x0800242e   0x0800242e   0x00000012   Code   RO          296    .text.LL_GPIO_SetPinPull  stm32f0xx_ll_gpio.o
    0x08002440   0x08002440   0x00000012   Code   RO          294    .text.LL_GPIO_SetPinSpeed  stm32f0xx_ll_gpio.o
    0x08002452   0x08002452   0x00000002   PAD
    0x08002454   0x08002454   0x0000000c   Code   RO          193    .text.LL_TIM_CC_EnableChannel  tim.o
    0x08002460   0x08002460   0x00000008   Code   RO          201    .text.LL_TIM_ClearFlag_UPDATE  tim.o
    0x08002468   0x08002468   0x0000000a   Code   RO          183    .text.LL_TIM_DisableARRPreload  tim.o
    0x08002472   0x08002472   0x0000000a   Code   RO          205    .text.LL_TIM_DisableCounter  tim.o
    0x0800247c   0x0800247c   0x0000000c   Code   RO          187    .text.LL_TIM_DisableMasterSlaveMode  tim.o
    0x08002488   0x08002488   0x0000000a   Code   RO          195    .text.LL_TIM_EnableCounter  tim.o
    0x08002492   0x08002492   0x00000002   PAD
    0x08002494   0x08002494   0x00000010   Code   RO          237    .text.LL_TIM_EnableIT_UPDATE  tim.o
    0x080024a4   0x080024a4   0x0000000a   Code   RO         1017    .text.LL_TIM_GenerateEvent_UPDATE  stm32f0xx_ll_tim.o
    0x080024ae   0x080024ae   0x00000002   PAD
    0x080024b0   0x080024b0   0x0000000c   Code   RO           21    .text.LL_TIM_GetCounter  drive.o
    0x080024bc   0x080024bc   0x00000038   Code   RO          175    .text.LL_TIM_IC_SetActiveInput  tim.o
    0x080024f4   0x080024f4   0x00000038   Code   RO          179    .text.LL_TIM_IC_SetFilter  tim.o
    0x0800252c   0x0800252c   0x00000038   Code   RO          181    .text.LL_TIM_IC_SetPolarity  tim.o
    0x08002564   0x08002564   0x00000044   Code   RO          177    .text.LL_TIM_IC_SetPrescaler  tim.o
    0x080025a8   0x080025a8   0x0000009c   Code   RO         1009    .text.LL_TIM_Init   stm32f0xx_ll_tim.o
    0x08002644   0x08002644   0x00000008   Code   RO          203    .text.LL_TIM_IsActiveFlag_UPDATE  tim.o
    0x0800264c   0x0800264c   0x00000004   Code   RO          199    .text.LL_TIM_SetAutoReload  tim.o
    0x08002650   0x08002650   0x00000004   Code   RO         1011    .text.LL_TIM_SetAutoReload  stm32f0xx_ll_tim.o
    0x08002654   0x08002654   0x00000004   Code   RO          191    .text.LL_TIM_SetCounter  tim.o
    0x08002658   0x08002658   0x00000014   Code   RO          173    .text.LL_TIM_SetEncoderMode  tim.o
    0x0800266c   0x0800266c   0x00000004   Code   RO         1013    .text.LL_TIM_SetPrescaler  stm32f0xx_ll_tim.o
    0x08002670   0x08002670   0x00000004   Code   RO         1015    .text.LL_TIM_SetRepetitionCounter  stm32f0xx_ll_tim.o
    0x08002674   0x08002674   0x00000010   Code   RO          185    .text.LL_TIM_SetTriggerOutput  tim.o
    0x08002684   0x08002684   0x000000f8   Code   RO          138    .text.MX_GPIO_Init  gpio.o
    0x0800277c   0x0800277c   0x00000058   Code   RO          152    .text.MX_I2C1_Init  i2c.o
    0x080027d4   0x080027d4   0x000000cc   Code   RO          167    .text.MX_TIM3_Init  tim.o
    0x080028a0   0x080028a0   0x00000002   Code   RO          257    .text.NMI_Handler   stm32f0xx_it.o
    0x080028a2   0x080028a2   0x00000002   Code   RO          263    .text.PendSV_Handler  stm32f0xx_it.o
    0x080028a4   0x080028a4   0x00000002   Code   RO          261    .text.SVC_Handler   stm32f0xx_it.o
    0x080028a6   0x080028a6   0x0000001c   Code   RO           76    .text.SetAngle_in_Seconds  angle_calc.o
    0x080028c2   0x080028c2   0x0000001c   Code   RO           80    .text.ShaftAngle_in_Seconds  angle_calc.o
    0x080028de   0x080028de   0x00000002   PAD
    0x080028e0   0x080028e0   0x00000018   Code   RO          100    .text.SysTick_Callback  systick.o
    0x080028f8   0x080028f8   0x00000028   Code   RO          677    .text.SysTick_Config  stm32f0xx_hal_cortex.o
    0x08002920   0x08002920   0x00000014   Code   RO          265    .text.SysTick_Handler  stm32f0xx_it.o
    0x08002934   0x08002934   0x0000000c   Code   RO           96    .text.SysTick_Init  systick.o
    0x08002940   0x08002940   0x00000070   Code   RO          118    .text.SystemClock_Config  main.o
    0x080029b0   0x080029b0   0x00000002   Code   RO         1106    .text.SystemInit    system_stm32f0xx.o
    0x080029b2   0x080029b2   0x00000002   PAD
    0x080029b4   0x080029b4   0x0000002c   Code   RO          209    .text.TIM16_IRQHandler  tim.o
    0x080029e0   0x080029e0   0x0000000c   Code   RO          241    .text.__NVIC_EnableIRQ  tim.o
    0x080029ec   0x080029ec   0x00000018   Code   RO          665    .text.__NVIC_EnableIRQ  stm32f0xx_hal_cortex.o
    0x08002a04   0x08002a04   0x00000014   Code   RO          239    .text.__NVIC_SetPriority  tim.o
    0x08002a18   0x08002a18   0x00000040   Code   RO          661    .text.__NVIC_SetPriority  stm32f0xx_hal_cortex.o
    0x08002a58   0x08002a58   0x00000026   Code   RO           72    .text.angle_from_EEPROMbuf  angle_calc.o
    0x08002a7e   0x08002a7e   0x00000022   Code   RO           70    .text.angle_to_EEPROMbuf  angle_calc.o
    0x08002aa0   0x08002aa0   0x00000038   Code   RO          197    .text.delay_us      tim.o
    0x08002ad8   0x08002ad8   0x00000060   Code   RO         1135    .text.display_default_screen  ssd1306.o
    0x08002b38   0x08002b38   0x000001e0   Code   RO           23    .text.enc_shaft_rotation  drive.o
    0x08002d18   0x08002d18   0x00000028   Code   RO          189    .text.encoder_init  tim.o
    0x08002d40   0x08002d40   0x00000008   Code   RO           74    .text.init_angular_data  angle_calc.o
    0x08002d48   0x08002d48   0x00000054   Code   RO           27    .text.lbt_shaft_rotation  drive.o
    0x08002d9c   0x08002d9c   0x000002e0   Code   RO          116    .text.main          main.o
    0x0800307c   0x0800307c   0x0000006c   Code   RO           25    .text.rbt_shaft_rotation  drive.o
    0x080030e8   0x080030e8   0x00000028   Code   RO          207    .text.repeat_time   tim.o
    0x08003110   0x08003110   0x00000036   Code   RO           43    .text.scan_buttons_GPIO  button.o
    0x08003146   0x08003146   0x00000002   PAD
    0x08003148   0x08003148   0x000000ec   Code   RO           39    .text.scan_keys     button.o
    0x08003234   0x08003234   0x000000f8   Code   RO           19    .text.set_angle     drive.o
    0x0800332c   0x0800332c   0x00000044   Code   RO         1131    .text.ssd1306_Clear  ssd1306.o
    0x08003370   0x08003370   0x00000024   Code   RO         1123    .text.ssd1306_Goto  ssd1306.o
    0x08003394   0x08003394   0x000000a2   Code   RO         1121    .text.ssd1306_Init  ssd1306.o
    0x08003436   0x08003436   0x00000002   PAD
    0x08003438   0x08003438   0x00000040   Code   RO         1125    .text.ssd1306_PutChar  ssd1306.o
    0x08003478   0x08003478   0x00000026   Code   RO         1133    .text.ssd1306_PutData  ssd1306.o
    0x0800349e   0x0800349e   0x0000001c   Code   RO         1127    .text.ssd1306_PutString  ssd1306.o
    0x080034ba   0x080034ba   0x00000002   PAD
    0x080034bc   0x080034bc   0x00000024   Code   RO         1152    .text.ssd1306_SendCommand  ssd1306_interface.o
    0x080034e0   0x080034e0   0x00000020   Code   RO         1156    .text.ssd1306_SendDataBuffer  ssd1306_interface.o
    0x08003500   0x08003500   0x0000008c   Code   RO           17    .text.step_angle    drive.o
    0x0800358c   0x0800358c   0x0000003c   Code   RO          231    .text.tim_delay_init  tim.o
    0x080035c8   0x080035c8   0x00000054   Code   RO          233    .text.timer_bounce_init  tim.o
    0x0800361c   0x0800361c   0x00000020   Code   RO          229    .text.timers_ini    tim.o
    0x0800363c   0x0800363c   0x0000000c   Code   RO          211    .text.xTimer_Init   tim.o
    0x08003648   0x08003648   0x00000044   Code   RO          221    .text.xTimer_Task   tim.o
    0x0800368c   0x0800368c   0x000001f6   Code   RO         1211    .text_divfast       c_p.l(aeabi_sdivfast.o)
    0x08003882   0x08003882   0x0000000e   Code   RO         1192    i._is_digit         c_p.l(__printf_wp.o)
    0x08003890   0x08003890   0x00000000   Code   RO         1245    x$fpl$usenofp       fz_ps.l(usenofp.o)
    0x08003890   0x08003890   0x00000011   Data   RO         1195    .constdata          c_p.l(__printf_flags_wp.o)
    0x080038a1   0x080038a1   0x00000080   Data   RO         1223    .constdata          fz_ps.l(ddiv.o)
    0x08003921   0x08003921   0x00000010   Data   RO         1111    .rodata.AHBPrescTable  system_stm32f0xx.o
    0x08003931   0x08003931   0x00000280   Data   RO         1137    .rodata.LCD_font    ssd1306.o
    0x08003bb1   0x08003bb1   0x00000007   Data   RO          247    .rodata.OFFSET_TAB_CCMRx  tim.o
    0x08003bb8   0x08003bb8   0x00000007   Data   RO          248    .rodata.SHIFT_TAB_ICxx  tim.o
    0x08003bbf   0x08003bbf   0x00000012   Data   RO           30    .rodata.str1.1      drive.o
    0x08003bd1   0x08003bd1   0x00000003   PAD
    0x08003bd4   0x08003bd4   0x00000020   Data   RO         1415    Region$$Table       anon$$obj.o


    Execution Region RW_IRAM1 (Exec base: 0x20000000, Load base: 0x08003bf8, Size: 0x000007a8, Max: 0x00002000, ABSOLUTE)

    Exec Addr    Load Addr    Size         Type   Attr      Idx    E Section Name        Object

    0x20000000   0x08003bf8   0x00000004   Data   RW         1110    .data.SystemCoreClock  system_stm32f0xx.o
    0x20000004   0x08003bfc   0x00000001   Data   RW         1138    .data.kord_X        ssd1306.o
    0x20000005   0x08003bfd   0x00000001   Data   RW          589    .data.uwTickFreq    stm32f0xx_hal.o
    0x20000006   0x08003bfe   0x00000002   PAD
    0x20000008   0x08003c00   0x00000004   Data   RW          588    .data.uwTickPrio    stm32f0xx_hal.o
    0x2000000c   0x08003c04   0x00000004   PAD
    0x20000010        -       0x00000060   Zero   RW         1281    .bss                c_p.l(libspace.o)
    0x20000070        -       0x00000001   Zero   RW         1140    .bss.LCD_X          ssd1306.o
    0x20000071        -       0x00000014   Zero   RW         1142    .bss.LCD_buff       ssd1306.o
    0x20000085   0x08003c04   0x00000003   PAD
    0x20000088        -       0x00000004   Zero   RW          106    .bss.SysTick_CallbackFunction  systick.o
    0x2000008c        -       0x00000004   Zero   RW          107    .bss.TicksCounter   systick.o
    0x20000090        -       0x00000001   Zero   RW           45    .bss.count_autorepeat  button.o
    0x20000091   0x08003c04   0x00000003   PAD
    0x20000094        -       0x00000010   Zero   RW          126    .bss.curr_rotation  main.o
    0x200000a4        -       0x00000014   Zero   RW           60    .bss.eeprom_rx_buffer  eeprom.o
    0x200000b8        -       0x0000000a   Zero   RW           61    .bss.eeprom_tx_buffer  eeprom.o
    0x200000c2   0x08003c04   0x00000002   PAD
    0x200000c4        -       0x00000014   Zero   RW          127    .bss.encoder_data   main.o
    0x200000d8        -       0x00000001   Zero   RW          243    .bss.end_bounce     tim.o
    0x200000d9   0x08003c04   0x00000003   PAD
    0x200000dc        -       0x0000004c   Zero   RW          158    .bss.hi2c1          i2c.o
    0x20000128        -       0x00000002   Zero   RW          128    .bss.key_code       main.o
    0x2000012a        -       0x00000001   Zero   RW         1139    .bss.kord_Y         ssd1306.o
    0x2000012b   0x08003c04   0x00000001   PAD
    0x2000012c        -       0x00000004   Zero   RW           29    .bss.need_step      drive.o
    0x20000130        -       0x00000002   Zero   RW           47    .bss.scan_keys.key_code  button.o
    0x20000132        -       0x00000001   Zero   RW           46    .bss.scan_keys.key_state  button.o
    0x20000133        -       0x00000002   Zero   RW         1160    .bss.temp           ssd1306_interface.o
    0x20000135        -       0x00000006   Zero   RW         1141    .bss.temp_char      ssd1306.o
    0x2000013b   0x08003c04   0x00000001   PAD
    0x2000013c        -       0x00000004   Zero   RW          590    .bss.uwTick         stm32f0xx_hal.o
    0x20000140        -       0x00000004   Zero   RW          244    .bss.xTimeNow       tim.o
    0x20000144        -       0x00000060   Zero   RW          245    .bss.xTimerList     tim.o
    0x200001a4   0x08003c04   0x00000004   PAD
    0x200001a8        -       0x00000200   Zero   RW            2    HEAP                startup_stm32f030x6.o
    0x200003a8        -       0x00000400   Zero   RW            1    STACK               startup_stm32f030x6.o


==============================================================================

Image component sizes


      Code (inc. data)   RO Data    RW Data    ZI Data      Debug   Object Name

       246          0          0          0          0       2495   angle_calc.o
       310         20          0          0          4       2109   button.o
      1080        168         18          0          4       4675   drive.o
        68          4          0          0         30       2005   eeprom.o
       276          8          0          0          0       2140   gpio.o
       212         20          0          0         76       5212   i2c.o
       880        172          0          0         38       3806   main.o
       492         16        640          1         28       3514   ssd1306.o
        68          8          0          0          2       4072   ssd1306_interface.o
        56         26        176          0       1536        592   startup_stm32f030x6.o
       164         20          0          5          4       5224   stm32f0xx_hal.o
       152         16          0          0          0       5669   stm32f0xx_hal_cortex.o
        70          0          0          0          0       7533   stm32f0xx_hal_dma.o
       408         28          0          0          0       4806   stm32f0xx_hal_gpio.o
      3216         60          0          0          0      39500   stm32f0xx_hal_i2c.o
       136          0          0          0          0       4811   stm32f0xx_hal_i2c_ex.o
        44          4          0          0          0        990   stm32f0xx_hal_msp.o
      1328         72          0          0          0       7101   stm32f0xx_hal_rcc.o
       252         12          0          0          0       3195   stm32f0xx_hal_rcc_ex.o
        64          8          0          0          0       1631   stm32f0xx_it.o
       236          0          0          0          0       4030   stm32f0xx_ll_gpio.o
       178         20          0          0          0      11584   stm32f0xx_ll_tim.o
         2          0         16          4          0       1791   system_stm32f0xx.o
        48         12          0          0          8       1313   systick.o
      1130        116         14          0        101      10980   tim.o

    ----------------------------------------------------------------------
     11150        810        899         12       1852     140778   Object Totals
         0          0         32          0          0          0   (incl. Generated)
        34          0          3          2         21          0   (incl. Padding)

    ----------------------------------------------------------------------

      Code (inc. data)   RO Data    RW Data    ZI Data      Debug   Library Member Name

         8          0          0          0          0         68   __main.o
       312          6         17          0          0         76   __printf_flags_wp.o
        14          0          0          0          0         60   __printf_wp.o
         0          0          0          0          0          0   __rtentry.o
        12          0          0          0          0          0   __rtentry2.o
         6          0          0          0          0          0   __rtentry4.o
        60          8          0          0          0          0   __scatter.o
        26          0          0          0          0          0   __scatter_copy.o
        28          0          0          0          0          0   __scatter_zi.o
        48          6          0          0          0         88   _printf_char_common.o
        10          0          0          0          0          0   _printf_d.o
       108         18          0          0          0         76   _printf_dec.o
       176          0          0          0          0         84   _printf_intcommon.o
        78          0          0          0          0        100   _printf_pad.o
         2          0          0          0          0          0   _printf_percent.o
         4          0          0          0          0          0   _printf_percent_end.o
        16          0          0          0          0         60   _snputc.o
        10          0          0          0          0         60   _sputc.o
       502          0          0          0          0         92   aeabi_sdivfast.o
        16          0          0          0          0         68   exit.o
         6          0          0          0          0        136   heapauxi.o
         0          0          0          0          0          0   indicate_semi.o
         2          0          0          0          0          0   libinit.o
         2          0          0          0          0          0   libinit2.o
         2          0          0          0          0          0   libshutdown.o
         2          0          0          0          0          0   libshutdown2.o
         8          4          0          0         96         68   libspace.o
        56          6          0          0          0         84   noretval__2snprintf.o
        64          0          0          0          0        108   rt_memclr.o
       186          0          0          0          0        144   rt_memcpy.o
         2          0          0          0          0          0   rtexit.o
        10          0          0          0          0          0   rtexit2.o
        40          0          0          0          0         60   rtudiv10.o
        12          4          0          0          0         60   sys_exit.o
        62          0          0          0          0         80   sys_stackheap_outer.o
         2          0          0          0          0         68   use_no_semi.o
      1096         26        128          0          0        112   ddiv.o
        72          4          0          0          0         68   dfixui.o
        88          0          0          0          0         92   dflti.o
         0          0          0          0          0          0   usenofp.o

    ----------------------------------------------------------------------
      3154         82        145          0         96       1912   Library Totals
         6          0          0          0          0          0   (incl. Padding)

    ----------------------------------------------------------------------

      Code (inc. data)   RO Data    RW Data    ZI Data      Debug   Library Name

      1892         52         17          0         96       1640   c_p.l
      1256         30        128          0          0        272   fz_ps.l

    ----------------------------------------------------------------------
      3154         82        145          0         96       1912   Library Totals

    ----------------------------------------------------------------------

==============================================================================


      Code (inc. data)   RO Data    RW Data    ZI Data      Debug   

     14304        892       1044         12       1948     141374   Grand Totals
     14304        892       1044         12       1948     141374   ELF Image Totals
     14304        892       1044         12          0          0   ROM Totals

==============================================================================

    Total RO  Size (Code + RO Data)                15348 (  14.99kB)
    Total RW  Size (RW Data + ZI Data)              1960 (   1.91kB)
    Total ROM Size (Code + RO Data + RW Data)      15360 (  15.00kB)

==============================================================================

