Component: ARM Compiler 6.16 Tool: armlink [5dfeaa00]

==============================================================================

Section Cross References

    startup_stm32f030x6.o(STACK) refers (Special) to heapauxi.o(.text) for __use_two_region_memory
    startup_stm32f030x6.o(HEAP) refers (Special) to heapauxi.o(.text) for __use_two_region_memory
    startup_stm32f030x6.o(RESET) refers (Special) to heapauxi.o(.text) for __use_two_region_memory
    startup_stm32f030x6.o(RESET) refers to startup_stm32f030x6.o(STACK) for __initial_sp
    startup_stm32f030x6.o(RESET) refers to startup_stm32f030x6.o(.text) for Reset_Handler
    startup_stm32f030x6.o(RESET) refers to stm32f0xx_it.o(.text.NMI_Handler) for NMI_Handler
    startup_stm32f030x6.o(RESET) refers to stm32f0xx_it.o(.text.HardFault_Handler) for HardFault_Handler
    startup_stm32f030x6.o(RESET) refers to stm32f0xx_it.o(.text.SVC_Handler) for SVC_Handler
    startup_stm32f030x6.o(RESET) refers to stm32f0xx_it.o(.text.PendSV_Handler) for PendSV_Handler
    startup_stm32f030x6.o(RESET) refers to stm32f0xx_it.o(.text.SysTick_Handler) for SysTick_Handler
    startup_stm32f030x6.o(RESET) refers to tim.o(.text.TIM16_IRQHandler) for TIM16_IRQHandler
    startup_stm32f030x6.o(RESET) refers to stm32f0xx_it.o(.text.I2C1_IRQHandler) for I2C1_IRQHandler
    startup_stm32f030x6.o(.text) refers (Special) to heapauxi.o(.text) for __use_two_region_memory
    startup_stm32f030x6.o(.text) refers to system_stm32f0xx.o(.text.SystemInit) for SystemInit
    startup_stm32f030x6.o(.text) refers to __main.o(!!!main) for __main
    startup_stm32f030x6.o(.text) refers to startup_stm32f030x6.o(HEAP) for Heap_Mem
    startup_stm32f030x6.o(.text) refers to startup_stm32f030x6.o(STACK) for Stack_Mem
    drive.o(.text) refers (Special) to _printf_d.o(.ARM.Collect$$_printf_percent$$00000009) for _printf_d
    drive.o(.text) refers (Special) to _printf_dec.o(.text) for _printf_int_dec
    drive.o(.text) refers (Special) to _printf_percent.o(.ARM.Collect$$_printf_percent$$00000000) for _printf_percent
    drive.o(.text) refers (Special) to _printf_pad.o(.text) for _printf_pre_padding
    drive.o(.text.rotate_step) refers (Special) to _printf_d.o(.ARM.Collect$$_printf_percent$$00000009) for _printf_d
    drive.o(.text.rotate_step) refers (Special) to _printf_dec.o(.text) for _printf_int_dec
    drive.o(.text.rotate_step) refers (Special) to _printf_percent.o(.ARM.Collect$$_printf_percent$$00000000) for _printf_percent
    drive.o(.text.rotate_step) refers (Special) to _printf_pad.o(.text) for _printf_pre_padding
    drive.o(.text.rotate_step) refers to tim.o(.text.delay_us) for delay_us
    drive.o(.ARM.exidx.text.rotate_step) refers (Special) to _printf_d.o(.ARM.Collect$$_printf_percent$$00000009) for _printf_d
    drive.o(.ARM.exidx.text.rotate_step) refers (Special) to _printf_dec.o(.text) for _printf_int_dec
    drive.o(.ARM.exidx.text.rotate_step) refers (Special) to _printf_percent.o(.ARM.Collect$$_printf_percent$$00000000) for _printf_percent
    drive.o(.ARM.exidx.text.rotate_step) refers (Special) to _printf_pad.o(.text) for _printf_pre_padding
    drive.o(.ARM.exidx.text.rotate_step) refers to drive.o(.text.rotate_step) for [Anonymous Symbol]
    drive.o(.text.step_angle) refers (Special) to _printf_d.o(.ARM.Collect$$_printf_percent$$00000009) for _printf_d
    drive.o(.text.step_angle) refers (Special) to _printf_dec.o(.text) for _printf_int_dec
    drive.o(.text.step_angle) refers (Special) to _printf_percent.o(.ARM.Collect$$_printf_percent$$00000000) for _printf_percent
    drive.o(.text.step_angle) refers (Special) to _printf_pad.o(.text) for _printf_pre_padding
    drive.o(.text.step_angle) refers to tim.o(.text.delay_us) for delay_us
    drive.o(.text.step_angle) refers to aeabi_sdiv.o(.text) for __aeabi_uidiv
    drive.o(.text.step_angle) refers to drive.o(.text.rotate_step) for rotate_step
    drive.o(.ARM.exidx.text.step_angle) refers (Special) to _printf_d.o(.ARM.Collect$$_printf_percent$$00000009) for _printf_d
    drive.o(.ARM.exidx.text.step_angle) refers (Special) to _printf_dec.o(.text) for _printf_int_dec
    drive.o(.ARM.exidx.text.step_angle) refers (Special) to _printf_percent.o(.ARM.Collect$$_printf_percent$$00000000) for _printf_percent
    drive.o(.ARM.exidx.text.step_angle) refers (Special) to _printf_pad.o(.text) for _printf_pre_padding
    drive.o(.ARM.exidx.text.step_angle) refers to drive.o(.text.step_angle) for [Anonymous Symbol]
    drive.o(.text.set_angle) refers (Special) to _printf_d.o(.ARM.Collect$$_printf_percent$$00000009) for _printf_d
    drive.o(.text.set_angle) refers (Special) to _printf_dec.o(.text) for _printf_int_dec
    drive.o(.text.set_angle) refers (Special) to _printf_percent.o(.ARM.Collect$$_printf_percent$$00000000) for _printf_percent
    drive.o(.text.set_angle) refers (Special) to _printf_pad.o(.text) for _printf_pre_padding
[...]
    .ARM.Collect$$libshutdown$$0000000A      0x08000142   Section        0  libshutdown2.o(.ARM.Collect$$libshutdown$$0000000A)
    .ARM.Collect$$libshutdown$$0000000C      0x08000142   Section        0  libshutdown2.o(.ARM.Collect$$libshutdown$$0000000C)
    .ARM.Collect$$libshutdown$$0000000F      0x08000142   Section        0  libshutdown2.o(.ARM.Collect$$libshutdown$$0000000F)
    .ARM.Collect$$libshutdown$$00000010      0x08000142   Section        2  libshutdown2.o(.ARM.Collect$$libshutdown$$00000010)
    .ARM.Collect$$rtentry$$00000000          0x08000144   Section        0  __rtentry.o(.ARM.Collect$$rtentry$$00000000)
    .ARM.Collect$$rtentry$$00000002          0x08000144   Section        0  __rtentry2.o(.ARM.Collect$$rtentry$$00000002)
    .ARM.Collect$$rtentry$$00000004          0x08000144   Section        6  __rtentry4.o(.ARM.Collect$$rtentry$$00000004)
    .ARM.Collect$$rtentry$$00000009          0x0800014a   Section        0  __rtentry2.o(.ARM.Collect$$rtentry$$00000009)
    .ARM.Collect$$rtentry$$0000000A          0x0800014a   Section        4  __rtentry2.o(.ARM.Collect$$rtentry$$0000000A)
    .ARM.Collect$$rtentry$$0000000C          0x0800014e   Section        0  __rtentry2.o(.ARM.Collect$$rtentry$$0000000C)
    .ARM.Collect$$rtentry$$0000000D          0x0800014e   Section        8  __rtentry2.o(.ARM.Collect$$rtentry$$0000000D)
    .ARM.Collect$$rtexit$$00000000           0x08000156   Section        2  rtexit.o(.ARM.Collect$$rtexit$$00000000)
    .ARM.Collect$$rtexit$$00000002           0x08000158   Section        0  rtexit2.o(.ARM.Collect$$rtexit$$00000002)
    .ARM.Collect$$rtexit$$00000003           0x08000158   Section        4  rtexit2.o(.ARM.Collect$$rtexit$$00000003)
    .ARM.Collect$$rtexit$$00000004           0x0800015c   Section        6  rtexit2.o(.ARM.Collect$$rtexit$$00000004)
    .emb_text                                0x08000164   Section       56  rt_memcpy.o(.emb_text)
    .text                                    0x0800019c   Section       56  startup_stm32f030x6.o(.text)
    .text                                    0x080001d4   Section        0  noretval__2snprintf.o(.text)
    .text                                    0x0800020c   Section        0  _printf_pad.o(.text)
    .text                                    0x0800025c   Section        0  _printf_dec.o(.text)
    .text                                    0x080002c8   Section        0  __printf_flags_wp.o(.text)
    .text                                    0x08000400   Section        0  rt_memcpy.o(.text)
    .text                                    0x08000482   Section        0  rt_memclr.o(.text)
    .text                                    0x080004c4   Section      364  aeabi_sdiv.o(.text)
    .text                                    0x08000630   Section        0  heapauxi.o(.text)
    .text                                    0x08000638   Section        0  fdiv.o(.text)
    .text                                    0x08000798   Section        0  ffixui.o(.text)
    .text                                    0x080007c8   Section        0  fflti.o(.text)
    .text                                    0x08000826   Section        0  _rserrno.o(.text)
    .text                                    0x0800083c   Section        0  _printf_intcommon.o(.text)
    _printf_input_char                       0x080008ed   Thumb Code    10  _printf_char_common.o(.text)
    .text                                    0x080008ec   Section        0  _printf_char_common.o(.text)
    .text                                    0x0800091c   Section        0  _sputc.o(.text)
    .text                                    0x08000926   Section        0  _snputc.o(.text)
    .text                                    0x08000936   Section        0  rtudiv10.o(.text)
    .text                                    0x08000960   Section        0  frem.o(.text)
    .text                                    0x08000a78   Section        0  frnd.o(.text)
    .text                                    0x08000af8   Section        8  rt_errno_addr_intlibspace.o(.text)
    .text                                    0x08000b00   Section        0  fcmpin.o(.text)
    .text                                    0x08000b64   Section        8  libspace.o(.text)
    .text                                    0x08000b6c   Section       62  sys_stackheap_outer.o(.text)
    .text                                    0x08000baa   Section        0  exit.o(.text)
    .text                                    0x08000bba   Section        0  cmpret.o(.text)
    .text                                    0x08000be8   Section        0  fnan2.o(.text)
    .text                                    0x08000bf8   Section        0  retnan.o(.text)
    .text                                    0x08000c58   Section        0  sys_exit.o(.text)
    .text                                    0x08000c64   Section        2  use_no_semi.o(.text)
    [Anonymous Symbol]                       0x08000c66   Section        0  angle_calc.o(.text.AngleShaftReset)
    .text                                    0x08000c66   Section        0  indicate_semi.o(.text)
    [Anonymous Symbol]                       0x08000c70   Section        0  eeprom.o(.text.EEPROM_ReadBytes)
    [Anonymous Symbol]                       0x08000c82   Section        0  eeprom.o(.text.EEPROM_WriteBytes)
    [Anonymous Symbol]                       0x08000c94   Section        0  angle_calc.o(.text.GetAngleShaft_from_Seconds)
    [Anonymous Symbol]                       0x08000cc0   Section        0  angle_calc.o(.text.GetMilAngleTeeth)
    __arm_cp.10_0                            0x08000cf8   Number         4  angle_calc.o(.text.GetMilAngleTeeth)
    [Anonymous Symbol]                       0x08000cfc   Section        0  angle_calc.o(.text.GetSetAngle_from_Seconds)
    [Anonymous Symbol]                       0x08000d28   Section        0  stm32f0xx_hal.o(.text.HAL_GetTick)
    [Anonymous Symbol]                       0x08000d30   Section        0  stm32f0xx_hal.o(.text.HAL_IncTick)
    __arm_cp.5_1                             0x08000d40   Number         4  stm32f0xx_hal.o(.text.HAL_IncTick)
    [Anonymous Symbol]                       0x08000d44   Section        0  stm32f0xx_hal.o(.text.HAL_Init)
    [Anonymous Symbol]                       0x08000d60   Section        0  stm32f0xx_hal.o(.text.HAL_InitTick)
    __arm_cp.1_0                             0x08000d9c   Number         4  stm32f0xx_hal.o(.text.HAL_InitTick)
    __arm_cp.1_2                             0x08000da0   Number         4  stm32f0xx_hal.o(.text.HAL_InitTick)
    [Anonymous Symbol]                       0x08000da4   Section        0  stm32f0xx_hal_msp.o(.text.HAL_MspInit)
    __arm_cp.0_0                             0x08000dcc   Number         4  stm32f0xx_hal_msp.o(.text.HAL_MspInit)
    [Anonymous Symbol]                       0x08000dd0   Section        0  stm32f0xx_hal_cortex.o(.text.HAL_NVIC_SetPriority)
    __arm_cp.0_0                             0x08000e08   Number         4  stm32f0xx_hal_cortex.o(.text.HAL_NVIC_SetPriority)
    __arm_cp.0_1                             0x08000e0c   Number         4  stm32f0xx_hal_cortex.o(.text.HAL_NVIC_SetPriority)
    [Anonymous Symbol]                       0x08000e10   Section        0  stm32f0xx_hal_rcc_ex.o(.text.HAL_RCCEx_PeriphCLKConfig)
    __arm_cp.0_0                             0x08000efc   Number         4  stm32f0xx_hal_rcc_ex.o(.text.HAL_RCCEx_PeriphCLKConfig)
    __arm_cp.0_1                             0x08000f00   Number         4  stm32f0xx_hal_rcc_ex.o(.text.HAL_RCCEx_PeriphCLKConfig)
    __arm_cp.0_2                             0x08000f04   Number         4  stm32f0xx_hal_rcc_ex.o(.text.HAL_RCCEx_PeriphCLKConfig)
    [Anonymous Symbol]                       0x08000f08   Section        0  stm32f0xx_hal_rcc.o(.text.HAL_RCC_ClockConfig)
    __arm_cp.2_0                             0x08001004   Number         4  stm32f0xx_hal_rcc.o(.text.HAL_RCC_ClockConfig)
    __arm_cp.2_2                             0x08001008   Number         4  stm32f0xx_hal_rcc.o(.text.HAL_RCC_ClockConfig)
    __arm_cp.2_3                             0x0800100c   Number         4  stm32f0xx_hal_rcc.o(.text.HAL_RCC_ClockConfig)
    __arm_cp.2_4                             0x08001010   Number         4  stm32f0xx_hal_rcc.o(.text.HAL_RCC_ClockConfig)
    [Anonymous Symbol]                       0x08001014   Section        0  stm32f0xx_hal_rcc.o(.text.HAL_RCC_GetSysClockFreq)
    __arm_cp.3_0                             0x0800104c   Number         4  stm32f0xx_hal_rcc.o(.text.HAL_RCC_GetSysClockFreq)
    __arm_cp.3_1                             0x08001050   Number         4  stm32f0xx_hal_rcc.o(.text.HAL_RCC_GetSysClockFreq)
    __arm_cp.3_4                             0x08001074   Number         4  stm32f0xx_hal_rcc.o(.text.HAL_RCC_GetSysClockFreq)
    [Anonymous Symbol]                       0x08001078   Section        0  stm32f0xx_hal_rcc.o(.text.HAL_RCC_OscConfig)
    __arm_cp.1_0                             0x0800143c   Number         4  stm32f0xx_hal_rcc.o(.text.HAL_RCC_OscConfig)
    __arm_cp.1_1                             0x08001440   Number         4  stm32f0xx_hal_rcc.o(.text.HAL_RCC_OscConfig)
    __arm_cp.1_2                             0x08001444   Number         4  stm32f0xx_hal_rcc.o(.text.HAL_RCC_OscConfig)
    [Anonymous Symbol]                       0x08001448   Section        0  stm32f0xx_hal_cortex.o(.text.HAL_SYSTICK_Config)
    __arm_cp.4_0                             0x08001470   Number         4  stm32f0xx_hal_cortex.o(.text.HAL_SYSTICK_Config)
    __arm_cp.4_1                             0x08001474   Number         4  stm32f0xx_hal_cortex.o(.text.HAL_SYSTICK_Config)
    __arm_cp.4_2                             0x08001478   Number         4  stm32f0xx_hal_cortex.o(.text.HAL_SYSTICK_Config)
    [Anonymous Symbol]                       0x0800147c   Section        0  stm32f0xx_it.o(.text.HardFault_Handler)
    [Anonymous Symbol]                       0x0800147e   Section        0  stm32f0xx_it.o(.text.I2C1_IRQHandler)
    [Anonymous Symbol]                       0x08001480   Section        0  stm32f0xx_ll_gpio.o(.text.LL_GPIO_Init)
    [Anonymous Symbol]                       0x08001530   Section        0  stm32f0xx_ll_i2c.o(.text.LL_I2C_Init)
    __arm_cp.1_0                             0x08001598   Number         4  stm32f0xx_ll_i2c.o(.text.LL_I2C_Init)
    __arm_cp.1_1                             0x0800159c   Number         4  stm32f0xx_ll_i2c.o(.text.LL_I2C_Init)
    [Anonymous Symbol]                       0x080015a0   Section        0  stm32f0xx_ll_tim.o(.text.LL_TIM_Init)
    __arm_cp.2_0                             0x08001614   Number         4  stm32f0xx_ll_tim.o(.text.LL_TIM_Init)
    __arm_cp.2_2                             0x08001618   Number         4  stm32f0xx_ll_tim.o(.text.LL_TIM_Init)
    __arm_cp.2_3                             0x0800161c   Number         4  stm32f0xx_ll_tim.o(.text.LL_TIM_Init)
    __arm_cp.2_4                             0x08001620   Number         4  stm32f0xx_ll_tim.o(.text.LL_TIM_Init)
    __arm_cp.2_5                             0x08001624   Number         4  stm32f0xx_ll_tim.o(.text.LL_TIM_Init)
    [Anonymous Symbol]                       0x08001628   Section        0  gpio.o(.text.MX_GPIO_Init)
    __arm_cp.0_1                             0x0800172c   Number         4  gpio.o(.text.MX_GPIO_Init)
    __arm_cp.0_2                             0x08001730   Number         4  gpio.o(.text.MX_GPIO_Init)
    [Anonymous Symbol]                       0x08001734   Section        0  i2c.o(.text.MX_I2C1_Init)
    __arm_cp.0_1                             0x08001810   Number         4  i2c.o(.text.MX_I2C1_Init)
    __arm_cp.0_2                             0x08001814   Number         4  i2c.o(.text.MX_I2C1_Init)
    __arm_cp.0_3                             0x08001818   Number         4  i2c.o(.text.MX_I2C1_Init)
    __arm_cp.0_4                             0x0800181c   Number         4  i2c.o(.text.MX_I2C1_Init)
    [Anonymous Symbol]                       0x08001820   Section        0  tim.o(.text.MX_TIM3_Init)
    __arm_cp.0_0                             0x08001928   Number         4  tim.o(.text.MX_TIM3_Init)
    __arm_cp.0_1                             0x0800192c   Number         4  tim.o(.text.MX_TIM3_Init)
    __arm_cp.0_2                             0x08001930   Number         4  tim.o(.text.MX_TIM3_Init)
    [Anonymous Symbol]                       0x08001934   Section        0  angle_calc.o(.text.MilAngleTeethReset)
    __arm_cp.11_0                            0x08001944   Number         4  angle_calc.o(.text.MilAngleTeethReset)
    [Anonymous Symbol]                       0x08001948   Section        0  angle_calc.o(.text.MilAngleTeeth_from_Seconds)
    [Anonymous Symbol]                       0x08001974   Section        0  stm32f0xx_it.o(.text.NMI_Handler)
    [Anonymous Symbol]                       0x08001976   Section        0  stm32f0xx_it.o(.text.PendSV_Handler)
    [Anonymous Symbol]                       0x08001978   Section        0  angle_calc.o(.text.RemainTeethReset)
    [Anonymous Symbol]                       0x08001982   Section        0  stm32f0xx_it.o(.text.SVC_Handler)
    [Anonymous Symbol]                       0x08001984   Section        0  angle_calc.o(.text.SetAngleReset)
    [Anonymous Symbol]                       0x08001990   Section        0  angle_calc.o(.text.SetAngle_in_Seconds)
    [Anonymous Symbol]                       0x080019ac   Section        0  main.o(.text.SetupMillingMode)
    __arm_cp.3_1                             0x08001a40   Number         4  main.o(.text.SetupMillingMode)
    [Anonymous Symbol]                       0x08001a44   Section        0  main.o(.text.SetupRotationMode)
    __arm_cp.2_0                             0x08001a94   Number         4  main.o(.text.SetupRotationMode)
    [Anonymous Symbol]                       0x08001a98   Section        0  systick.o(.text.SysTick_Callback)
    __arm_cp.2_0                             0x08001aac   Number         4  systick.o(.text.SysTick_Callback)
    __arm_cp.2_1                             0x08001ab0   Number         4  systick.o(.text.SysTick_Callback)
    [Anonymous Symbol]                       0x08001ab4   Section        0  stm32f0xx_it.o(.text.SysTick_Handler)
    __arm_cp.4_0                             0x08001ac4   Number         4  stm32f0xx_it.o(.text.SysTick_Handler)
    [Anonymous Symbol]                       0x08001ac8   Section        0  main.o(.text.SystemClock_Config)
    [Anonymous Symbol]                       0x08001b4c   Section        0  system_stm32f0xx.o(.text.SystemInit)
    [Anonymous Symbol]                       0x08001b50   Section        0  tim.o(.text.TIM16_IRQHandler)
    __arm_cp.4_0                             0x08001b6c   Number         4  tim.o(.text.TIM16_IRQHandler)
    __arm_cp.4_1                             0x08001b70   Number         4  tim.o(.text.TIM16_IRQHandler)
    [Anonymous Symbol]                       0x08001b74   Section        0  angle_calc.o(.text.angle_from_EEPROMbuf)
    [Anonymous Symbol]                       0x08001ba2   Section        0  angle_calc.o(.text.angle_to_EEPROMbuf)
    [Anonymous Symbol]                       0x08001bc8   Section        0  stanok_math.o(.text.calc_steps)
    __arm_cp.0_0                             0x08001c28   Number         4  stanok_math.o(.text.calc_steps)
    __arm_cp.0_1                             0x08001c2c   Number         4  stanok_math.o(.text.calc_steps)
    [Anonymous Symbol]                       0x08001c30   Section        0  ssd1306.o(.text.default_screen_mode1)
    __arm_cp.7_1                             0x08001c98   Number         4  ssd1306.o(.text.default_screen_mode1)
    [Anonymous Symbol]                       0x08001c9c   Section        0  ssd1306.o(.text.default_screen_mode2)
    __arm_cp.8_0                             0x08001d30   Number         4  ssd1306.o(.text.default_screen_mode2)
    __arm_cp.8_2                             0x08001d48   Number         4  ssd1306.o(.text.default_screen_mode2)
    __arm_cp.8_3                             0x08001d4c   Number         4  ssd1306.o(.text.default_screen_mode2)
    __arm_cp.8_7                             0x08001d90   Number         4  ssd1306.o(.text.default_screen_mode2)
    [Anonymous Symbol]                       0x08001d94   Section        0  tim.o(.text.delay_us)
    __arm_cp.2_0                             0x08001db8   Number         4  tim.o(.text.delay_us)
    [Anonymous Symbol]                       0x08001dbc   Section        0  drive.o(.text.enc_shaft_rotation)
    __arm_cp.5_0                             0x08001ef0   Number         4  drive.o(.text.enc_shaft_rotation)
    __arm_cp.5_1                             0x08001ef4   Number         4  drive.o(.text.enc_shaft_rotation)
    __arm_cp.5_2                             0x08001ef8   Number         4  drive.o(.text.enc_shaft_rotation)
    __arm_cp.5_3                             0x08001efc   Number         4  drive.o(.text.enc_shaft_rotation)
    __arm_cp.5_4                             0x08001f00   Number         4  drive.o(.text.enc_shaft_rotation)
    __arm_cp.5_6                             0x08001f18   Number         4  drive.o(.text.enc_shaft_rotation)
    __arm_cp.5_7                             0x08001f1c   Number         4  drive.o(.text.enc_shaft_rotation)
    __arm_cp.5_8                             0x08001f20   Number         4  drive.o(.text.enc_shaft_rotation)
    __arm_cp.5_9                             0x08001f24   Number         4  drive.o(.text.enc_shaft_rotation)
    [Anonymous Symbol]                       0x08001f3c   Section        0  tim.o(.text.encoder_init)
    __arm_cp.1_0                             0x08001f5c   Number         4  tim.o(.text.encoder_init)
    __arm_cp.1_1                             0x08001f60   Number         4  tim.o(.text.encoder_init)
    [Anonymous Symbol]                       0x08001f64   Section        0  drive.o(.text.encoder_reset)
    __arm_cp.4_0                             0x08001f80   Number         4  drive.o(.text.encoder_reset)
    __arm_cp.4_1                             0x08001f84   Number         4  drive.o(.text.encoder_reset)
    [Anonymous Symbol]                       0x08001f88   Section        0  i2c.o(.text.i2c_read_array)
    __arm_cp.1_2                             0x08001fe8   Number         4  i2c.o(.text.i2c_read_array)
    __arm_cp.1_3                             0x08001fec   Number         4  i2c.o(.text.i2c_read_array)
    [Anonymous Symbol]                       0x08001ff0   Section        0  i2c.o(.text.i2c_write_buffer_16bit_registr)
    __arm_cp.3_2                             0x0800205c   Number         4  i2c.o(.text.i2c_write_buffer_16bit_registr)
    [Anonymous Symbol]                       0x08002060   Section        0  i2c.o(.text.i2c_write_buffer_8bit_registr)
    [Anonymous Symbol]                       0x080020b0   Section        0  i2c.o(.text.i2c_write_byte)
    __arm_cp.2_0                             0x080020f8   Number         4  i2c.o(.text.i2c_write_byte)
    __arm_cp.2_1                             0x080020fc   Number         4  i2c.o(.text.i2c_write_byte)
    __arm_cp.2_2                             0x08002100   Number         4  i2c.o(.text.i2c_write_byte)
    [Anonymous Symbol]                       0x08002104   Section        0  drive.o(.text.left_rotate_to_zero)
    __arm_cp.9_1                             0x0800213c   Number         4  drive.o(.text.left_rotate_to_zero)
    [Anonymous Symbol]                       0x08002140   Section        0  drive.o(.text.left_teeth_rotation)
    __arm_cp.12_0                            0x08002178   Number         4  drive.o(.text.left_teeth_rotation)
    [Anonymous Symbol]                       0x0800217c   Section        0  main.o(.text.main)
    __arm_cp.0_0                             0x08002428   Number         4  main.o(.text.main)
    __arm_cp.0_1                             0x0800242c   Number         4  main.o(.text.main)
    __arm_cp.0_2                             0x08002430   Number         4  main.o(.text.main)
    __arm_cp.0_3                             0x08002434   Number         4  main.o(.text.main)
    __arm_cp.0_4                             0x08002438   Number         4  main.o(.text.main)
    __arm_cp.0_5                             0x0800243c   Number         4  main.o(.text.main)
    __arm_cp.0_7                             0x08002440   Number         4  main.o(.text.main)
    __arm_cp.0_8                             0x08002444   Number         4  main.o(.text.main)
    __arm_cp.0_9                             0x08002448   Number         4  main.o(.text.main)
    [Anonymous Symbol]                       0x0800244c   Section        0  drive.o(.text.one_full_turn)
    __arm_cp.8_0                             0x08002458   Number         4  drive.o(.text.one_full_turn)
    [Anonymous Symbol]                       0x0800245c   Section        0  tim.o(.text.repeat_time)
    __arm_cp.3_0                             0x08002474   Number         4  tim.o(.text.repeat_time)
    [Anonymous Symbol]                       0x08002478   Section        0  ssd1306.o(.text.return_mode_screen)
    __arm_cp.10_0                            0x080024d4   Number         4  ssd1306.o(.text.return_mode_screen)
    __arm_cp.10_1                            0x080024d8   Number         4  ssd1306.o(.text.return_mode_screen)
    __arm_cp.10_2                            0x080024dc   Number         4  ssd1306.o(.text.return_mode_screen)
    __arm_cp.10_3                            0x080024e0   Number         4  ssd1306.o(.text.return_mode_screen)
    [Anonymous Symbol]                       0x080024f0   Section        0  drive.o(.text.right_rotate_to_zero)
    __arm_cp.10_0                            0x0800252c   Number         4  drive.o(.text.right_rotate_to_zero)
    __arm_cp.10_1                            0x08002530   Number         4  drive.o(.text.right_rotate_to_zero)
    __arm_cp.10_2                            0x08002534   Number         4  drive.o(.text.right_rotate_to_zero)
    [Anonymous Symbol]                       0x08002538   Section        0  drive.o(.text.right_teeth_rotation)
    __arm_cp.11_0                            0x08002574   Number         4  drive.o(.text.right_teeth_rotation)
    __arm_cp.11_1                            0x08002578   Number         4  drive.o(.text.right_teeth_rotation)
    __arm_cp.11_2                            0x0800257c   Number         4  drive.o(.text.right_teeth_rotation)
    [Anonymous Symbol]                       0x08002580   Section        0  drive.o(.text.rotate_step)
    __arm_cp.0_0                             0x080025b0   Number         4  drive.o(.text.rotate_step)
    scan_buttons_GPIO                        0x080025b5   Thumb Code    40  button.o(.text.scan_buttons_GPIO)
    [Anonymous Symbol]                       0x080025b4   Section        0  button.o(.text.scan_buttons_GPIO)
    [Anonymous Symbol]                       0x080025dc   Section        0  button.o(.text.scan_keys)
    __arm_cp.0_0                             0x080026d0   Number         4  button.o(.text.scan_keys)
    __arm_cp.0_1                             0x080026d4   Number         4  button.o(.text.scan_keys)
    __arm_cp.0_2                             0x080026d8   Number         4  button.o(.text.scan_keys)
    __arm_cp.0_3                             0x080026dc   Number         4  button.o(.text.scan_keys)
    __arm_cp.0_4                             0x080026e0   Number         4  button.o(.text.scan_keys)
    __arm_cp.0_5                             0x080026e4   Number         4  button.o(.text.scan_keys)
    [Anonymous Symbol]                       0x080026e8   Section        0  ssd1306.o(.text.select_rotation_mode_screen)
    __arm_cp.12_1                            0x0800273c   Number         4  ssd1306.o(.text.select_rotation_mode_screen)
    __arm_cp.12_2                            0x08002740   Number         4  ssd1306.o(.text.select_rotation_mode_screen)
    __arm_cp.12_3                            0x08002744   Number         4  ssd1306.o(.text.select_rotation_mode_screen)
    [Anonymous Symbol]                       0x08002758   Section        0  drive.o(.text.set_angle)
    __arm_cp.2_2                             0x080027a8   Number         4  drive.o(.text.set_angle)
    [Anonymous Symbol]                       0x080027ac   Section        0  drive.o(.text.set_teeth_gear)
    __arm_cp.3_0                             0x080027f4   Number         4  drive.o(.text.set_teeth_gear)
    __arm_cp.3_1                             0x080027f8   Number         4  drive.o(.text.set_teeth_gear)
    [Anonymous Symbol]                       0x080027fc   Section        0  ssd1306.o(.text.setangle_mode_screen)
    __arm_cp.9_4                             0x0800285c   Number         4  ssd1306.o(.text.setangle_mode_screen)
    __arm_cp.9_5                             0x08002860   Number         4  ssd1306.o(.text.setangle_mode_screen)
    [Anonymous Symbol]                       0x08002864   Section        0  ssd1306.o(.text.setteeth_mode_screen)
    __arm_cp.11_1                            0x080028b8   Number         4  ssd1306.o(.text.setteeth_mode_screen)
    __arm_cp.11_2                            0x080028bc   Number         4  ssd1306.o(.text.setteeth_mode_screen)
    __arm_cp.11_3                            0x080028c0   Number         4  ssd1306.o(.text.setteeth_mode_screen)
    [Anonymous Symbol]                       0x080028cc   Section        0  ssd1306.o(.text.ssd1306_Clear)
    __arm_cp.5_3                             0x08002944   Number         4  ssd1306.o(.text.ssd1306_Clear)
    [Anonymous Symbol]                       0x08002948   Section        0  ssd1306.o(.text.ssd1306_Goto)
    [Anonymous Symbol]                       0x0800296c   Section        0  ssd1306.o(.text.ssd1306_Init)
    [Anonymous Symbol]                       0x08002a10   Section        0  ssd1306.o(.text.ssd1306_PutData)
    __arm_cp.6_0                             0x08002a38   Number         4  ssd1306.o(.text.ssd1306_PutData)
    [Anonymous Symbol]                       0x08002a3c   Section        0  ssd1306.o(.text.ssd1306_PutString)
    __arm_cp.3_0                             0x08002a84   Number         4  ssd1306.o(.text.ssd1306_PutString)
    __arm_cp.3_1                             0x08002a88   Number         4  ssd1306.o(.text.ssd1306_PutString)
    __arm_cp.3_2                             0x08002a8c   Number         4  ssd1306.o(.text.ssd1306_PutString)
    [Anonymous Symbol]                       0x08002a90   Section        0  ssd1306_interface.o(.text.ssd1306_SendCommand)
    __arm_cp.0_0                             0x08002aa4   Number         4  ssd1306_interface.o(.text.ssd1306_SendCommand)
    [Anonymous Symbol]                       0x08002aa8   Section        0  ssd1306_interface.o(.text.ssd1306_SendDataBuffer)
    [Anonymous Symbol]                       0x08002ab8   Section        0  drive.o(.text.step_angle)
    __arm_cp.1_0                             0x08002b2c   Number         4  drive.o(.text.step_angle)
    __arm_cp.1_1                             0x08002b30   Number         4  drive.o(.text.step_angle)
    __arm_cp.1_2                             0x08002b34   Number         4  drive.o(.text.step_angle)
    [Anonymous Symbol]                       0x08002b38   Section        0  angle_calc.o(.text.teeth_angle_from_EEPROMbuf)
    [Anonymous Symbol]                       0x08002b46   Section        0  angle_calc.o(.text.teeth_angle_to_EEPROMbuf)
    [Anonymous Symbol]                       0x08002b54   Section        0  tim.o(.text.timers_ini)
    __arm_cp.5_0                             0x08002bfc   Number         4  tim.o(.text.timers_ini)
    __arm_cp.5_1                             0x08002c00   Number         4  tim.o(.text.timers_ini)
    __arm_cp.5_2                             0x08002c04   Number         4  tim.o(.text.timers_ini)
    __arm_cp.5_3                             0x08002c08   Number         4  tim.o(.text.timers_ini)
    __arm_cp.5_4                             0x08002c0c   Number         4  tim.o(.text.timers_ini)
    __arm_cp.5_5                             0x08002c10   Number         4  tim.o(.text.timers_ini)
    __arm_cp.5_6                             0x08002c14   Number         4  tim.o(.text.timers_ini)
    i._fgeq                                  0x08002c18   Section        0  fcmp.o(i._fgeq)
    i._fleq                                  0x08002c2e   Section        0  fcmp.o(i._fleq)
    i._is_digit                              0x08002c48   Section        0  __printf_wp.o(i._is_digit)
    i.remainderf                             0x08002c56   Section        0  remainderf.o(i.remainderf)
    i.rintf                                  0x08002c7a   Section        0  rintf.o(i.rintf)
    x$fpl$fadd                               0x08002c84   Section      140  faddsub.o(x$fpl$fadd)
    _fadd1                                   0x08002c91   Thumb Code     0  faddsub.o(x$fpl$fadd)
    x$fpl$fgeqf                              0x08002d10   Section       84  fgef.o(x$fpl$fgeqf)
    x$fpl$fleqf                              0x08002d64   Section       84  flef.o(x$fpl$fleqf)
    x$fpl$fmul                               0x08002db8   Section      176  fmul.o(x$fpl$fmul)
    x$fpl$fsub                               0x08002e68   Section      208  faddsub.o(x$fpl$fsub)
    _fsub1                                   0x08002e75   Thumb Code     0  faddsub.o(x$fpl$fsub)
    maptable                                 0x08002f38   Data          17  __printf_flags_wp.o(.constdata)
    .constdata                               0x08002f38   Section       17  __printf_flags_wp.o(.constdata)
    x$fpl$usenofp                            0x08002f38   Section        0  usenofp.o(x$fpl$usenofp)
    fdiv_tab                                 0x08002f49   Data          64  fdiv.o(.constdata)
    .constdata                               0x08002f49   Section       64  fdiv.o(.constdata)
    [Anonymous Symbol]                       0x0800321c   Section        0  drive.o(.rodata.str1.1)
    [Anonymous Symbol]                       0x08003224   Section        0  ssd1306.o(.rodata.str1.1)
    .bss                                     0x20000018   Section       96  libspace.o(.bss)
    LCD_X                                    0x20000078   Data           1  ssd1306.o(.bss.LCD_X)
    [Anonymous Symbol]                       0x20000078   Section        0  ssd1306.o(.bss.LCD_X)
    SysTick_CallbackFunction                 0x20000090   Data           4  systick.o(.bss.SysTick_CallbackFunction)
    [Anonymous Symbol]                       0x20000090   Section        0  systick.o(.bss.SysTick_CallbackFunction)
    TicksCounter                             0x20000094   Data           4  systick.o(.bss.TicksCounter)
    [Anonymous Symbol]                       0x20000094   Section        0  systick.o(.bss.TicksCounter)
    scan_keys.key_code                       0x200000ec   Data           2  button.o(.bss.scan_keys.key_code)
    [Anonymous Symbol]                       0x200000ec   Section        0  button.o(.bss.scan_keys.key_code)
    scan_keys.key_state                      0x200000ee   Data           1  button.o(.bss.scan_keys.key_state)
    [Anonymous Symbol]                       0x200000ee   Section        0  button.o(.bss.scan_keys.key_state)
    temp                                     0x200000f0   Data           2  ssd1306_interface.o(.bss.temp)
    [Anonymous Symbol]                       0x200000f0   Section        0  ssd1306_interface.o(.bss.temp)
    temp_char                                0x200000f2   Data           6  ssd1306.o(.bss.temp_char)
    [Anonymous Symbol]                       0x200000f2   Section        0  ssd1306.o(.bss.temp_char)
    Heap_Mem                                 0x20000100   Data         512  startup_stm32f030x6.o(HEAP)
    HEAP                                     0x20000100   Section      512  startup_stm32f030x6.o(HEAP)
    Stack_Mem                                0x20000300   Data        1024  startup_stm32f030x6.o(STACK)
    STACK                                    0x20000300   Section     1024  startup_stm32f030x6.o(STACK)
    __initial_sp                             0x20000700   Data           0  startup_stm32f030x6.o(STACK)

    Global Symbols

    Symbol Name                              Value     Ov Type        Size  Object(Section)

    BuildAttributes$$THM_ISAv3M$S$PE$A:L22$X:L11$S22$IEEE1$IW$~IW$USESV6$~STKCKD$USESV7$~SHL$OTIME$ROPI$IEEEJ$EBA8$UX$STANDARDLIB$REQ8$PRES8$EABIv2 0x00000000   Number         0  anon$$obj.o ABSOLUTE
    _printf_flags                            0x00000000   Number         0  printf_stubs.o ABSOLUTE
    _printf_return_value                     0x00000000   Number         0  printf_stubs.o ABSOLUTE
    _printf_sizespec                         0x00000000   Number         0  printf_stubs.o ABSOLUTE
    _printf_widthprec                        0x00000000   Number         0  printf_stubs.o ABSOLUTE
    __ARM_exceptions_init                     - Undefined Weak Reference
    __alloca_initialize                       - Undefined Weak Reference
    __arm_preinit_                            - Undefined Weak Reference
    __cpp_initialize__aeabi_                  - Undefined Weak Reference
    __cxa_finalize                            - Undefined Weak Reference
    __rt_locale                               - Undefined Weak Reference
    __sigvec_lookup                           - Undefined Weak Reference
    _atexit_init                              - Undefined Weak Reference
    _call_atexit_fns                          - Undefined Weak Reference
    _clock_init                               - Undefined Weak Reference
    _fp_trap_init                             - Undefined Weak Reference
    _fp_trap_shutdown                         - Undefined Weak Reference
    _get_lc_collate                           - Undefined Weak Reference
    _get_lc_ctype                             - Undefined Weak Reference
    _get_lc_monetary                          - Undefined Weak Reference
    _get_lc_numeric                           - Undefined Weak Reference
    _get_lc_time                              - Undefined Weak Reference
    _getenv_init                              - Undefined Weak Reference
    _handle_redirection                       - Undefined Weak Reference
    _init_alloc                               - Undefined Weak Reference
    _init_user_alloc                          - Undefined Weak Reference
    _initio                                   - Undefined Weak Reference
    _printf_truncate_signed                   - Undefined Weak Reference
    _printf_truncate_unsigned                 - Undefined Weak Reference
    _rand_init                                - Undefined Weak Reference
    _signal_finish                            - Undefined Weak Reference
    _signal_init                              - Undefined Weak Reference
    _terminate_alloc                          - Undefined Weak Reference
    _terminate_user_alloc                     - Undefined Weak Reference
    _terminateio                              - Undefined Weak Reference
    __Vectors_Size                           0x000000b0   Number         0  startup_stm32f030x6.o ABSOLUTE
    __Vectors                                0x08000000   Data           4  startup_stm32f030x6.o(RESET)
    __Vectors_End                            0x080000b0   Data           0  startup_stm32f030x6.o(RESET)
    __main                                   0x080000b1   Thumb Code     8  __main.o(!!!main)
    __scatterload                            0x080000b9   Thumb Code     0  __scatter.o(!!!scatter)
    __scatterload_rt2                        0x080000b9   Thumb Code    52  __scatter.o(!!!scatter)
    __scatterload_rt2_thumb_only             0x080000b9   Thumb Code     0  __scatter.o(!!!scatter)
    __scatterload_null                       0x080000c9   Thumb Code     0  __scatter.o(!!!scatter)
    __scatterload_copy                       0x080000f5   Thumb Code    26  __scatter_copy.o(!!handler_copy)
    __scatterload_zeroinit                   0x08000111   Thumb Code    28  __scatter_zi.o(!!handler_zi)
    _printf_percent                          0x0800012d   Thumb Code     0  _printf_percent.o(.ARM.Collect$$_printf_percent$$00000000)
    _printf_d                                0x0800012f   Thumb Code     0  _printf_d.o(.ARM.Collect$$_printf_percent$$00000009)
    _printf_percent_end                      0x08000139   Thumb Code     0  _printf_percent_end.o(.ARM.Collect$$_printf_percent$$00000017)
    __rt_lib_init                            0x0800013d   Thumb Code     0  libinit.o(.ARM.Collect$$libinit$$00000000)
    __rt_lib_init_alloca_1                   0x0800013f   Thumb Code     0  libinit2.o(.ARM.Collect$$libinit$$0000002E)
    __rt_lib_init_argv_1                     0x0800013f   Thumb Code     0  libinit2.o(.ARM.Collect$$libinit$$0000002C)
    __rt_lib_init_atexit_1                   0x0800013f   Thumb Code     0  libinit2.o(.ARM.Collect$$libinit$$0000001B)
    __rt_lib_init_clock_1                    0x0800013f   Thumb Code     0  libinit2.o(.ARM.Collect$$libinit$$00000021)
    __rt_lib_init_cpp_1                      0x0800013f   Thumb Code     0  libinit2.o(.ARM.Collect$$libinit$$00000032)
    __rt_lib_init_exceptions_1               0x0800013f   Thumb Code     0  libinit2.o(.ARM.Collect$$libinit$$00000030)
    __rt_lib_init_fp_1                       0x0800013f   Thumb Code     0  libinit2.o(.ARM.Collect$$libinit$$00000002)
    __rt_lib_init_fp_trap_1                  0x0800013f   Thumb Code     0  libinit2.o(.ARM.Collect$$libinit$$0000001F)
    __rt_lib_init_getenv_1                   0x0800013f   Thumb Code     0  libinit2.o(.ARM.Collect$$libinit$$00000023)
    __rt_lib_init_heap_1                     0x0800013f   Thumb Code     0  libinit2.o(.ARM.Collect$$libinit$$0000000A)
    __rt_lib_init_lc_collate_1               0x0800013f   Thumb Code     0  libinit2.o(.ARM.Collect$$libinit$$00000011)
    __rt_lib_init_lc_ctype_1                 0x0800013f   Thumb Code     0  libinit2.o(.ARM.Collect$$libinit$$00000013)
    __rt_lib_init_lc_monetary_1              0x0800013f   Thumb Code     0  libinit2.o(.ARM.Collect$$libinit$$00000015)
    __rt_lib_init_lc_numeric_1               0x0800013f   Thumb Code     0  libinit2.o(.ARM.Collect$$libinit$$00000017)
    __rt_lib_init_lc_time_1                  0x0800013f   Thumb Code     0  libinit2.o(.ARM.Collect$$libinit$$00000019)
    __rt_lib_init_preinit_1                  0x0800013f   Thumb Code     0  libinit2.o(.ARM.Collect$$libinit$$00000004)
    __rt_lib_init_rand_1                     0x0800013f   Thumb Code     0  libinit2.o(.ARM.Collect$$libinit$$0000000E)
    __rt_lib_init_return                     0x0800013f   Thumb Code     0  libinit2.o(.ARM.Collect$$libinit$$00000033)
    __rt_lib_init_signal_1                   0x0800013f   Thumb Code     0  libinit2.o(.ARM.Collect$$libinit$$0000001D)
    __rt_lib_init_stdio_1                    0x0800013f   Thumb Code     0  libinit2.o(.ARM.Collect$$libinit$$00000025)
    __rt_lib_init_user_alloc_1               0x0800013f   Thumb Code     0  libinit2.o(.ARM.Collect$$libinit$$0000000C)
    __rt_lib_shutdown                        0x08000141   Thumb Code     0  libshutdown.o(.ARM.Collect$$libshutdown$$00000000)
    __rt_lib_shutdown_cpp_1                  0x08000143   Thumb Code     0  libshutdown2.o(.ARM.Collect$$libshutdown$$00000002)
    __rt_lib_shutdown_fp_trap_1              0x08000143   Thumb Code     0  libshutdown2.o(.ARM.Collect$$libshutdown$$00000007)
    __rt_lib_shutdown_heap_1                 0x08000143   Thumb Code     0  libshutdown2.o(.ARM.Collect$$libshutdown$$0000000F)
    __rt_lib_shutdown_return                 0x08000143   Thumb Code     0  libshutdown2.o(.ARM.Collect$$libshutdown$$00000010)
    __rt_lib_shutdown_signal_1               0x08000143   Thumb Code     0  libshutdown2.o(.ARM.Collect$$libshutdown$$0000000A)
    __rt_lib_shutdown_stdio_1                0x08000143   Thumb Code     0  libshutdown2.o(.ARM.Collect$$libshutdown$$00000004)
    __rt_lib_shutdown_user_alloc_1           0x08000143   Thumb Code     0  libshutdown2.o(.ARM.Collect$$libshutdown$$0000000C)
    __rt_entry                               0x08000145   Thumb Code     0  __rtentry.o(.ARM.Collect$$rtentry$$00000000)
    __rt_entry_presh_1                       0x08000145   Thumb Code     0  __rtentry2.o(.ARM.Collect$$rtentry$$00000002)
    __rt_entry_sh                            0x08000145   Thumb Code     0  __rtentry4.o(.ARM.Collect$$rtentry$$00000004)
    __rt_entry_li                            0x0800014b   Thumb Code     0  __rtentry2.o(.ARM.Collect$$rtentry$$0000000A)
    __rt_entry_postsh_1                      0x0800014b   Thumb Code     0  __rtentry2.o(.ARM.Collect$$rtentry$$00000009)
    __rt_entry_main                          0x0800014f   Thumb Code     0  __rtentry2.o(.ARM.Collect$$rtentry$$0000000D)
    __rt_entry_postli_1                      0x0800014f   Thumb Code     0  __rtentry2.o(.ARM.Collect$$rtentry$$0000000C)
    __rt_exit                                0x08000157   Thumb Code     0  rtexit.o(.ARM.Collect$$rtexit$$00000000)
    __rt_exit_ls                             0x08000159   Thumb Code     0  rtexit2.o(.ARM.Collect$$rtexit$$00000003)
    __rt_exit_prels_1                        0x08000159   Thumb Code     0  rtexit2.o(.ARM.Collect$$rtexit$$00000002)
    __rt_exit_exit                           0x0800015d   Thumb Code     0  rtexit2.o(.ARM.Collect$$rtexit$$00000004)
    __aeabi_memcpy4                          0x08000165   Thumb Code    56  rt_memcpy.o(.emb_text)
    __aeabi_memcpy8                          0x08000165   Thumb Code     0  rt_memcpy.o(.emb_text)
    Reset_Handler                            0x0800019d   Thumb Code     8  startup_stm32f030x6.o(.text)
    ADC1_IRQHandler                          0x080001af   Thumb Code     0  startup_stm32f030x6.o(.text)
    DMA1_Channel1_IRQHandler                 0x080001af   Thumb Code     0  startup_stm32f030x6.o(.text)
    DMA1_Channel2_3_IRQHandler               0x080001af   Thumb Code     0  startup_stm32f030x6.o(.text)
    DMA1_Channel4_5_IRQHandler               0x080001af   Thumb Code     0  startup_stm32f030x6.o(.text)
    EXTI0_1_IRQHandler                       0x080001af   Thumb Code     0  startup_stm32f030x6.o(.text)
    EXTI2_3_IRQHandler                       0x080001af   Thumb Code     0  startup_stm32f030x6.o(.text)
    EXTI4_15_IRQHandler                      0x080001af   Thumb Code     0  startup_stm32f030x6.o(.text)
    FLASH_IRQHandler                         0x080001af   Thumb Code     0  startup_stm32f030x6.o(.text)
    RCC_IRQHandler                           0x080001af   Thumb Code     0  startup_stm32f030x6.o(.text)
    RTC_IRQHandler                           0x080001af   Thumb Code     0  startup_stm32f030x6.o(.text)
    SPI1_IRQHandler                          0x080001af   Thumb Code     0  startup_stm32f030x6.o(.text)
    TIM14_IRQHandler                         0x080001af   Thumb Code     0  startup_stm32f030x6.o(.text)
    TIM17_IRQHandler                         0x080001af   Thumb Code     0  startup_stm32f030x6.o(.text)
    TIM1_BRK_UP_TRG_COM_IRQHandler           0x080001af   Thumb Code     0  startup_stm32f030x6.o(.text)
    TIM1_CC_IRQHandler                       0x080001af   Thumb Code     0  startup_stm32f030x6.o(.text)
    TIM3_IRQHandler                          0x080001af   Thumb Code     0  startup_stm32f030x6.o(.text)
    USART1_IRQHandler                        0x080001af   Thumb Code     0  startup_stm32f030x6.o(.text)
    WWDG_IRQHandler                          0x080001af   Thumb Code     0  startup_stm32f030x6.o(.text)
    __user_initial_stackheap                 0x080001b1   Thumb Code     0  startup_stm32f030x6.o(.text)
    __2snprintf                              0x080001d5   Thumb Code    50  noretval__2snprintf.o(.text)
    _printf_pre_padding                      0x0800020d   Thumb Code    44  _printf_pad.o(.text)
    _printf_post_padding                     0x08000239   Thumb Code    34  _printf_pad.o(.text)
    _printf_int_dec                          0x0800025d   Thumb Code    90  _printf_dec.o(.text)
    __printf                                 0x080002c9   Thumb Code   306  __printf_flags_wp.o(.text)
    __aeabi_memcpy                           0x08000401   Thumb Code   130  rt_memcpy.o(.text)
    __rt_memcpy                              0x08000401   Thumb Code     0  rt_memcpy.o(.text)
    _memset_w                                0x08000483   Thumb Code    26  rt_memclr.o(.text)
    _memset                                  0x0800049d   Thumb Code    30  rt_memclr.o(.text)
    __aeabi_memclr                           0x080004bb   Thumb Code     4  rt_memclr.o(.text)
    __rt_memclr                              0x080004bb   Thumb Code     0  rt_memclr.o(.text)
    __aeabi_memclr4                          0x080004bf   Thumb Code     0  rt_memclr.o(.text)
    __aeabi_memclr8                          0x080004bf   Thumb Code     0  rt_memclr.o(.text)
    __rt_memclr_w                            0x080004bf   Thumb Code     4  rt_memclr.o(.text)
    __aeabi_uidiv                            0x080004c5   Thumb Code     0  aeabi_sdiv.o(.text)
    __aeabi_uidivmod                         0x080004c5   Thumb Code    20  aeabi_sdiv.o(.text)
    __aeabi_idiv                             0x080004d9   Thumb Code     0  aeabi_sdiv.o(.text)
    __aeabi_idivmod                          0x080004d9   Thumb Code   338  aeabi_sdiv.o(.text)
    __use_two_region_memory                  0x08000631   Thumb Code     2  heapauxi.o(.text)
    __rt_heap_escrow$2region                 0x08000633   Thumb Code     2  heapauxi.o(.text)
    __rt_heap_expand$2region                 0x08000635   Thumb Code     2  heapauxi.o(.text)
    __aeabi_fdiv                             0x08000639   Thumb Code     0  fdiv.o(.text)
    _fdiv                                    0x08000639   Thumb Code   334  fdiv.o(.text)
    _frdiv                                   0x08000787   Thumb Code     8  fdiv.o(.text)
    __aeabi_f2uiz                            0x08000799   Thumb Code     0  ffixui.o(.text)
    _ffixu                                   0x08000799   Thumb Code    48  ffixui.o(.text)
    __aeabi_i2f_normalise                    0x080007c9   Thumb Code    72  fflti.o(.text)
    __aeabi_i2f                              0x08000811   Thumb Code    16  fflti.o(.text)
    _fflt                                    0x08000811   Thumb Code     0  fflti.o(.text)
    __aeabi_ui2f                             0x08000821   Thumb Code     6  fflti.o(.text)
    _ffltu                                   0x08000821   Thumb Code     0  fflti.o(.text)
    __read_errno                             0x08000827   Thumb Code    10  _rserrno.o(.text)
    __set_errno                              0x08000831   Thumb Code    12  _rserrno.o(.text)
    _printf_int_common                       0x0800083d   Thumb Code   176  _printf_intcommon.o(.text)
    _printf_char_common                      0x080008f7   Thumb Code    32  _printf_char_common.o(.text)
    _sputc                                   0x0800091d   Thumb Code    10  _sputc.o(.text)
    _snputc                                  0x08000927   Thumb Code    16  _snputc.o(.text)
    __rt_udiv10                              0x08000937   Thumb Code    40  rtudiv10.o(.text)
    _frem                                    0x08000961   Thumb Code   274  frem.o(.text)
    _frnd                                    0x08000a79   Thumb Code   122  frnd.o(.text)
    __aeabi_errno_addr                       0x08000af9   Thumb Code     8  rt_errno_addr_intlibspace.o(.text)
    __errno$intlibspace                      0x08000af9   Thumb Code     0  rt_errno_addr_intlibspace.o(.text)
    __rt_errno_addr$intlibspace              0x08000af9   Thumb Code     0  rt_errno_addr_intlibspace.o(.text)
    __fpl_fcmp_InfNaN                        0x08000b01   Thumb Code    96  fcmpin.o(.text)
    __user_libspace                          0x08000b65   Thumb Code     8  libspace.o(.text)
    __user_perproc_libspace                  0x08000b65   Thumb Code     0  libspace.o(.text)
    __user_perthread_libspace                0x08000b65   Thumb Code     0  libspace.o(.text)
    __user_setup_stackheap                   0x08000b6d   Thumb Code    62  sys_stackheap_outer.o(.text)
    exit                                     0x08000bab   Thumb Code    16  exit.o(.text)
    __fpl_cmpreturn                          0x08000bbb   Thumb Code    46  cmpret.o(.text)
    __fpl_fcheck_NaN2                        0x08000be9   Thumb Code    10  fnan2.o(.text)
    __fpl_return_NaN                         0x08000bf9   Thumb Code    94  retnan.o(.text)
    _sys_exit                                0x08000c59   Thumb Code     8  sys_exit.o(.text)
    __I$use$semihosting                      0x08000c65   Thumb Code     0  use_no_semi.o(.text)
    __use_no_semihosting_swi                 0x08000c65   Thumb Code     2  use_no_semi.o(.text)
    AngleShaftReset                          0x08000c67   Thumb Code    10  angle_calc.o(.text.AngleShaftReset)
    __semihosting_library_function           0x08000c67   Thumb Code     0  indicate_semi.o(.text)
    EEPROM_ReadBytes                         0x08000c71   Thumb Code    18  eeprom.o(.text.EEPROM_ReadBytes)
    EEPROM_WriteBytes                        0x08000c83   Thumb Code    18  eeprom.o(.text.EEPROM_WriteBytes)
    GetAngleShaft_from_Seconds               0x08000c95   Thumb Code    44  angle_calc.o(.text.GetAngleShaft_from_Seconds)
    GetMilAngleTeeth                         0x08000cc1   Thumb Code    56  angle_calc.o(.text.GetMilAngleTeeth)
    GetSetAngle_from_Seconds                 0x08000cfd   Thumb Code    44  angle_calc.o(.text.GetSetAngle_from_Seconds)
    HAL_GetTick                              0x08000d29   Thumb Code     8  stm32f0xx_hal.o(.text.HAL_GetTick)
    HAL_IncTick                              0x08000d31   Thumb Code    16  stm32f0xx_hal.o(.text.HAL_IncTick)
    HAL_Init                                 0x08000d45   Thumb Code    28  stm32f0xx_hal.o(.text.HAL_Init)
    HAL_InitTick                             0x08000d61   Thumb Code    60  stm32f0xx_hal.o(.text.HAL_InitTick)
    HAL_MspInit                              0x08000da5   Thumb Code    40  stm32f0xx_hal_msp.o(.text.HAL_MspInit)
    HAL_NVIC_SetPriority                     0x08000dd1   Thumb Code    56  stm32f0xx_hal_cortex.o(.text.HAL_NVIC_SetPriority)
    HAL_RCCEx_PeriphCLKConfig                0x08000e11   Thumb Code   236  stm32f0xx_hal_rcc_ex.o(.text.HAL_RCCEx_PeriphCLKConfig)
    HAL_RCC_ClockConfig                      0x08000f09   Thumb Code   252  stm32f0xx_hal_rcc.o(.text.HAL_RCC_ClockConfig)
    HAL_RCC_GetSysClockFreq                  0x08001015   Thumb Code    56  stm32f0xx_hal_rcc.o(.text.HAL_RCC_GetSysClockFreq)
    HAL_RCC_OscConfig                        0x08001079   Thumb Code   964  stm32f0xx_hal_rcc.o(.text.HAL_RCC_OscConfig)
    HAL_SYSTICK_Config                       0x08001449   Thumb Code    40  stm32f0xx_hal_cortex.o(.text.HAL_SYSTICK_Config)
    HardFault_Handler                        0x0800147d   Thumb Code     2  stm32f0xx_it.o(.text.HardFault_Handler)
    I2C1_IRQHandler                          0x0800147f   Thumb Code     2  stm32f0xx_it.o(.text.I2C1_IRQHandler)
    LL_GPIO_Init                             0x08001481   Thumb Code   176  stm32f0xx_ll_gpio.o(.text.LL_GPIO_Init)
    LL_I2C_Init                              0x08001531   Thumb Code   104  stm32f0xx_ll_i2c.o(.text.LL_I2C_Init)
    LL_TIM_Init                              0x080015a1   Thumb Code   116  stm32f0xx_ll_tim.o(.text.LL_TIM_Init)
    MX_GPIO_Init                             0x08001629   Thumb Code   260  gpio.o(.text.MX_GPIO_Init)
    MX_I2C1_Init                             0x08001735   Thumb Code   220  i2c.o(.text.MX_I2C1_Init)
    MX_TIM3_Init                             0x08001821   Thumb Code   264  tim.o(.text.MX_TIM3_Init)
    MilAngleTeethReset                       0x08001935   Thumb Code    16  angle_calc.o(.text.MilAngleTeethReset)
    MilAngleTeeth_from_Seconds               0x08001949   Thumb Code    44  angle_calc.o(.text.MilAngleTeeth_from_Seconds)
    NMI_Handler                              0x08001975   Thumb Code     2  stm32f0xx_it.o(.text.NMI_Handler)
    PendSV_Handler                           0x08001977   Thumb Code     2  stm32f0xx_it.o(.text.PendSV_Handler)
    RemainTeethReset                         0x08001979   Thumb Code    10  angle_calc.o(.text.RemainTeethReset)
    SVC_Handler                              0x08001983   Thumb Code     2  stm32f0xx_it.o(.text.SVC_Handler)
    SetAngleReset                            0x08001985   Thumb Code    12  angle_calc.o(.text.SetAngleReset)
    SetAngle_in_Seconds                      0x08001991   Thumb Code    28  angle_calc.o(.text.SetAngle_in_Seconds)
    SetupMillingMode                         0x080019ad   Thumb Code   148  main.o(.text.SetupMillingMode)
    SetupRotationMode                        0x08001a45   Thumb Code    80  main.o(.text.SetupRotationMode)
    SysTick_Callback                         0x08001a99   Thumb Code    20  systick.o(.text.SysTick_Callback)
    SysTick_Handler                          0x08001ab5   Thumb Code    16  stm32f0xx_it.o(.text.SysTick_Handler)
    SystemClock_Config                       0x08001ac9   Thumb Code   132  main.o(.text.SystemClock_Config)
    SystemInit                               0x08001b4d   Thumb Code     2  system_stm32f0xx.o(.text.SystemInit)
    TIM16_IRQHandler                         0x08001b51   Thumb Code    28  tim.o(.text.TIM16_IRQHandler)
    angle_from_EEPROMbuf                     0x08001b75   Thumb Code    46  angle_calc.o(.text.angle_from_EEPROMbuf)
    angle_to_EEPROMbuf                       0x08001ba3   Thumb Code    38  angle_calc.o(.text.angle_to_EEPROMbuf)
    calc_steps                               0x08001bc9   Thumb Code    96  stanok_math.o(.text.calc_steps)
    default_screen_mode1                     0x08001c31   Thumb Code   104  ssd1306.o(.text.default_screen_mode1)
    default_screen_mode2                     0x08001c9d   Thumb Code   148  ssd1306.o(.text.default_screen_mode2)
    delay_us                                 0x08001d95   Thumb Code    36  tim.o(.text.delay_us)
    enc_shaft_rotation                       0x08001dbd   Thumb Code   308  drive.o(.text.enc_shaft_rotation)
    encoder_init                             0x08001f3d   Thumb Code    32  tim.o(.text.encoder_init)
    encoder_reset                            0x08001f65   Thumb Code    28  drive.o(.text.encoder_reset)
    i2c_read_array                           0x08001f89   Thumb Code    96  i2c.o(.text.i2c_read_array)
    i2c_write_buffer_16bit_registr           0x08001ff1   Thumb Code   108  i2c.o(.text.i2c_write_buffer_16bit_registr)
    i2c_write_buffer_8bit_registr            0x08002061   Thumb Code    80  i2c.o(.text.i2c_write_buffer_8bit_registr)
    i2c_write_byte                           0x080020b1   Thumb Code    72  i2c.o(.text.i2c_write_byte)
    left_rotate_to_zero                      0x08002105   Thumb Code    56  drive.o(.text.left_rotate_to_zero)
    left_teeth_rotation                      0x08002141   Thumb Code    56  drive.o(.text.left_teeth_rotation)
    main                                     0x0800217d   Thumb Code   684  main.o(.text.main)
    one_full_turn                            0x0800244d   Thumb Code    12  drive.o(.text.one_full_turn)
    repeat_time                              0x0800245d   Thumb Code    24  tim.o(.text.repeat_time)
    return_mode_screen                       0x08002479   Thumb Code    92  ssd1306.o(.text.return_mode_screen)
    right_rotate_to_zero                     0x080024f1   Thumb Code    60  drive.o(.text.right_rotate_to_zero)
    right_teeth_rotation                     0x08002539   Thumb Code    60  drive.o(.text.right_teeth_rotation)
    rotate_step                              0x08002581   Thumb Code    48  drive.o(.text.rotate_step)
    scan_keys                                0x080025dd   Thumb Code   244  button.o(.text.scan_keys)
    select_rotation_mode_screen              0x080026e9   Thumb Code    68  ssd1306.o(.text.select_rotation_mode_screen)
    set_angle                                0x08002759   Thumb Code    80  drive.o(.text.set_angle)
    set_teeth_gear                           0x080027ad   Thumb Code    72  drive.o(.text.set_teeth_gear)
    setangle_mode_screen                     0x080027fd   Thumb Code    84  ssd1306.o(.text.setangle_mode_screen)
    setteeth_mode_screen                     0x08002865   Thumb Code    72  ssd1306.o(.text.setteeth_mode_screen)
    ssd1306_Clear                            0x080028cd   Thumb Code   120  ssd1306.o(.text.ssd1306_Clear)
    ssd1306_Goto                             0x08002949   Thumb Code    36  ssd1306.o(.text.ssd1306_Goto)
    ssd1306_Init                             0x0800296d   Thumb Code   162  ssd1306.o(.text.ssd1306_Init)
    ssd1306_PutData                          0x08002a11   Thumb Code    40  ssd1306.o(.text.ssd1306_PutData)
    ssd1306_PutString                        0x08002a3d   Thumb Code    72  ssd1306.o(.text.ssd1306_PutString)
    ssd1306_SendCommand                      0x08002a91   Thumb Code    20  ssd1306_interface.o(.text.ssd1306_SendCommand)
    ssd1306_SendDataBuffer                   0x08002aa9   Thumb Code    16  ssd1306_interface.o(.text.ssd1306_SendDataBuffer)
    step_angle                               0x08002ab9   Thumb Code   116  drive.o(.text.step_angle)
    teeth_angle_from_EEPROMbuf               0x08002b39   Thumb Code    14  angle_calc.o(.text.teeth_angle_from_EEPROMbuf)
    teeth_angle_to_EEPROMbuf                 0x08002b47   Thumb Code    14  angle_calc.o(.text.teeth_angle_to_EEPROMbuf)
    timers_ini                               0x08002b55   Thumb Code   168  tim.o(.text.timers_ini)
    __aeabi_fcmpge                           0x08002c19   Thumb Code     0  fcmp.o(i._fgeq)
    _fgeq                                    0x08002c19   Thumb Code    22  fcmp.o(i._fgeq)
    __aeabi_fcmple                           0x08002c2f   Thumb Code     0  fcmp.o(i._fleq)
    _fleq                                    0x08002c2f   Thumb Code    26  fcmp.o(i._fleq)
    _is_digit                                0x08002c49   Thumb Code    14  __printf_wp.o(i._is_digit)
    remainderf                               0x08002c57   Thumb Code    36  remainderf.o(i.remainderf)
    rintf                                    0x08002c7b   Thumb Code     8  rintf.o(i.rintf)
    __aeabi_fadd                             0x08002c85   Thumb Code     0  faddsub.o(x$fpl$fadd)
    _fadd                                    0x08002c85   Thumb Code   134  faddsub.o(x$fpl$fadd)
    _fcmpge                                  0x08002d11   Thumb Code    78  fgef.o(x$fpl$fgeqf)
    __aeabi_cfcmple                          0x08002d65   Thumb Code     0  flef.o(x$fpl$fleqf)
    _fcmple                                  0x08002d65   Thumb Code    78  flef.o(x$fpl$fleqf)
    __aeabi_fmul                             0x08002db9   Thumb Code     0  fmul.o(x$fpl$fmul)
    _fmul                                    0x08002db9   Thumb Code   172  fmul.o(x$fpl$fmul)
    __aeabi_fsub                             0x08002e69   Thumb Code     0  faddsub.o(x$fpl$fsub)
    _fsub                                    0x08002e69   Thumb Code   204  faddsub.o(x$fpl$fsub)
    __I$use$fp                               0x08002f38   Number         0  usenofp.o(x$fpl$usenofp)
    AHBPrescTable                            0x08002f89   Data          16  system_stm32f0xx.o(.rodata.AHBPrescTable)
    LCD_font                                 0x08002f9c   Data         640  ssd1306.o(.rodata.LCD_font)
    Region$$Table$$Base                      0x08003238   Number         0  anon$$obj.o(Region$$Table)
    Region$$Table$$Limit                     0x08003258   Number         0  anon$$obj.o(Region$$Table)
    SystemCoreClock                          0x20000000   Data           4  system_stm32f0xx.o(.data.SystemCoreClock)
    kord_X                                   0x20000004   Data           1  ssd1306.o(.data.kord_X)
    step_unit                                0x20000008   Data           4  drive.o(.data.step_unit)
    uwTickFreq                               0x2000000c   Data           1  stm32f0xx_hal.o(.data.uwTickFreq)
    uwTickPrio                               0x20000010   Data           4  stm32f0xx_hal.o(.data.uwTickPrio)
    __libspace_start                         0x20000018   Data          96  libspace.o(.bss)
    __temporary_stack_top$libspace           0x20000078   Data           0  libspace.o(.bss)
    LCD_buff                                 0x2000007c   Data          20  ssd1306.o(.bss.LCD_buff)
    count_autorepeat                         0x20000098   Data           1  button.o(.bss.count_autorepeat)
    curr_rotation                            0x2000009c   Data          20  main.o(.bss.curr_rotation)
    eeprom_tx_buffer                         0x200000b0   Data          15  eeprom.o(.bss.eeprom_tx_buffer)
    encoder_data                             0x200000c0   Data          20  main.o(.bss.encoder_data)
    end_bounce                               0x200000d4   Data           1  tim.o(.bss.end_bounce)
    key_code                                 0x200000d6   Data           2  main.o(.bss.key_code)
    kord_Y                                   0x200000d8   Data           1  ssd1306.o(.bss.kord_Y)
    milling_mode                             0x200000dc   Data          16  main.o(.bss.milling_mode)
    status_flag                              0x200000ef   Data           1  main.o(.bss.status_flag)
    uwTick                                   0x200000f8   Data           4  stm32f0xx_hal.o(.bss.uwTick)



==============================================================================

Memory Map of the image

  Image Entry point : 0x080000b1

  Load Region LR_IROM1 (Base: 0x08000000, Size: 0x00003270, Max: 0x00010000, ABSOLUTE)

    Execution Region ER_IROM1 (Exec base: 0x08000000, Load base: 0x08000000, Size: 0x00003258, Max: 0x00010000, ABSOLUTE)

    Exec Addr    Load Addr    Size         Type   Attr      Idx    E Section Name        Object

    0x08000000   0x08000000   0x000000b0   Data   RO            3    RESET               startup_stm32f030x6.o
    0x080000b0   0x080000b0   0x00000008   Code   RO          979  * !!!main             c_p.l(__main.o)
    0x080000b8   0x080000b8   0x0000003c   Code   RO         1226    !!!scatter          c_p.l(__scatter.o)
    0x080000f4   0x080000f4   0x0000001a   Code   RO         1228    !!handler_copy      c_p.l(__scatter_copy.o)
    0x0800010e   0x0800010e   0x00000002   PAD
    0x08000110   0x08000110   0x0000001c   Code   RO         1230    !!handler_zi        c_p.l(__scatter_zi.o)
    0x0800012c   0x0800012c   0x00000002   Code   RO          966    .ARM.Collect$$_printf_percent$$00000000  c_p.l(_printf_percent.o)
    0x0800012e   0x0800012e   0x0000000a   Code   RO          965    .ARM.Collect$$_printf_percent$$00000009  c_p.l(_printf_d.o)
    0x08000138   0x08000138   0x00000004   Code   RO         1029    .ARM.Collect$$_printf_percent$$00000017  c_p.l(_printf_percent_end.o)
    0x0800013c   0x0800013c   0x00000002   Code   RO         1086    .ARM.Collect$$libinit$$00000000  c_p.l(libinit.o)
    0x0800013e   0x0800013e   0x00000000   Code   RO         1101    .ARM.Collect$$libinit$$00000002  c_p.l(libinit2.o)
    0x0800013e   0x0800013e   0x00000000   Code   RO         1103    .ARM.Collect$$libinit$$00000004  c_p.l(libinit2.o)
    0x0800013e   0x0800013e   0x00000000   Code   RO         1106    .ARM.Collect$$libinit$$0000000A  c_p.l(libinit2.o)
    0x0800013e   0x0800013e   0x00000000   Code   RO         1108    .ARM.Collect$$libinit$$0000000C  c_p.l(libinit2.o)
    0x0800013e   0x0800013e   0x00000000   Code   RO         1110    .ARM.Collect$$libinit$$0000000E  c_p.l(libinit2.o)
    0x0800013e   0x0800013e   0x00000000   Code   RO         1113    .ARM.Collect$$libinit$$00000011  c_p.l(libinit2.o)
    0x0800013e   0x0800013e   0x00000000   Code   RO         1115    .ARM.Collect$$libinit$$00000013  c_p.l(libinit2.o)
    0x0800013e   0x0800013e   0x00000000   Code   RO         1117    .ARM.Collect$$libinit$$00000015  c_p.l(libinit2.o)
    0x0800013e   0x0800013e   0x00000000   Code   RO         1119    .ARM.Collect$$libinit$$00000017  c_p.l(libinit2.o)
    0x0800013e   0x0800013e   0x00000000   Code   RO         1121    .ARM.Collect$$libinit$$00000019  c_p.l(libinit2.o)
    0x0800013e   0x0800013e   0x00000000   Code   RO         1123    .ARM.Collect$$libinit$$0000001B  c_p.l(libinit2.o)
    0x0800013e   0x0800013e   0x00000000   Code   RO         1125    .ARM.Collect$$libinit$$0000001D  c_p.l(libinit2.o)
    0x0800013e   0x0800013e   0x00000000   Code   RO         1127    .ARM.Collect$$libinit$$0000001F  c_p.l(libinit2.o)
    0x0800013e   0x0800013e   0x00000000   Code   RO         1129    .ARM.Collect$$libinit$$00000021  c_p.l(libinit2.o)
    0x0800013e   0x0800013e   0x00000000   Code   RO         1131    .ARM.Collect$$libinit$$00000023  c_p.l(libinit2.o)
    0x0800013e   0x0800013e   0x00000000   Code   RO         1133    .ARM.Collect$$libinit$$00000025  c_p.l(libinit2.o)
    0x0800013e   0x0800013e   0x00000000   Code   RO         1137    .ARM.Collect$$libinit$$0000002C  c_p.l(libinit2.o)
    0x0800013e   0x0800013e   0x00000000   Code   RO         1139    .ARM.Collect$$libinit$$0000002E  c_p.l(libinit2.o)
    0x0800013e   0x0800013e   0x00000000   Code   RO         1141    .ARM.Collect$$libinit$$00000030  c_p.l(libinit2.o)
    0x0800013e   0x0800013e   0x00000000   Code   RO         1143    .ARM.Collect$$libinit$$00000032  c_p.l(libinit2.o)
    0x0800013e   0x0800013e   0x00000002   Code   RO         1144    .ARM.Collect$$libinit$$00000033  c_p.l(libinit2.o)
    0x08000140   0x08000140   0x00000002   Code   RO         1181    .ARM.Collect$$libshutdown$$00000000  c_p.l(libshutdown.o)
    0x08000142   0x08000142   0x00000000   Code   RO         1209    .ARM.Collect$$libshutdown$$00000002  c_p.l(libshutdown2.o)
    0x08000142   0x08000142   0x00000000   Code   RO         1211    .ARM.Collect$$libshutdown$$00000004  c_p.l(libshutdown2.o)
    0x08000142   0x08000142   0x00000000   Code   RO         1214    .ARM.Collect$$libshutdown$$00000007  c_p.l(libshutdown2.o)
    0x08000142   0x08000142   0x00000000   Code   RO         1217    .ARM.Collect$$libshutdown$$0000000A  c_p.l(libshutdown2.o)
    0x08000142   0x08000142   0x00000000   Code   RO         1219    .ARM.Collect$$libshutdown$$0000000C  c_p.l(libshutdown2.o)
    0x08000142   0x08000142   0x00000000   Code   RO         1222    .ARM.Collect$$libshutdown$$0000000F  c_p.l(libshutdown2.o)
    0x08000142   0x08000142   0x00000002   Code   RO         1223    .ARM.Collect$$libshutdown$$00000010  c_p.l(libshutdown2.o)
    0x08000144   0x08000144   0x00000000   Code   RO         1014    .ARM.Collect$$rtentry$$00000000  c_p.l(__rtentry.o)
    0x08000144   0x08000144   0x00000000   Code   RO         1044    .ARM.Collect$$rtentry$$00000002  c_p.l(__rtentry2.o)
    0x08000144   0x08000144   0x00000006   Code   RO         1056    .ARM.Collect$$rtentry$$00000004  c_p.l(__rtentry4.o)
    0x0800014a   0x0800014a   0x00000000   Code   RO         1046    .ARM.Collect$$rtentry$$00000009  c_p.l(__rtentry2.o)
    0x0800014a   0x0800014a   0x00000004   Code   RO         1047    .ARM.Collect$$rtentry$$0000000A  c_p.l(__rtentry2.o)
    0x0800014e   0x0800014e   0x00000000   Code   RO         1049    .ARM.Collect$$rtentry$$0000000C  c_p.l(__rtentry2.o)
    0x0800014e   0x0800014e   0x00000008   Code   RO         1050    .ARM.Collect$$rtentry$$0000000D  c_p.l(__rtentry2.o)
    0x08000156   0x08000156   0x00000002   Code   RO         1092    .ARM.Collect$$rtexit$$00000000  c_p.l(rtexit.o)
    0x08000158   0x08000158   0x00000000   Code   RO         1152    .ARM.Collect$$rtexit$$00000002  c_p.l(rtexit2.o)
    0x08000158   0x08000158   0x00000004   Code   RO         1153    .ARM.Collect$$rtexit$$00000003  c_p.l(rtexit2.o)
    0x0800015c   0x0800015c   0x00000006   Code   RO         1154    .ARM.Collect$$rtexit$$00000004  c_p.l(rtexit2.o)
    0x08000162   0x08000162   0x00000002   PAD
    0x08000164   0x08000164   0x00000038   Code   RO          967    .emb_text           c_p.l(rt_memcpy.o)
    0x0800019c   0x0800019c   0x00000038   Code   RO            4    .text               startup_stm32f030x6.o
    0x080001d4   0x080001d4   0x00000038   Code   RO          937    .text               c_p.l(noretval__2snprintf.o)
    0x0800020c   0x0800020c   0x0000004e   Code   RO          941    .text               c_p.l(_printf_pad.o)
    0x0800025a   0x0800025a   0x00000002   PAD
    0x0800025c   0x0800025c   0x0000006c   Code   RO          943    .text               c_p.l(_printf_dec.o)
    0x080002c8   0x080002c8   0x00000138   Code   RO          957    .text               c_p.l(__printf_flags_wp.o)
    0x08000400   0x08000400   0x00000082   Code   RO          968    .text               c_p.l(rt_memcpy.o)
    0x08000482   0x08000482   0x00000040   Code   RO          971    .text               c_p.l(rt_memclr.o)
    0x080004c2   0x080004c2   0x00000002   PAD
    0x080004c4   0x080004c4   0x0000016c   Code   RO          973    .text               c_p.l(aeabi_sdiv.o)
    0x08000630   0x08000630   0x00000006   Code   RO          977    .text               c_p.l(heapauxi.o)
    0x08000636   0x08000636   0x00000002   PAD
    0x08000638   0x08000638   0x00000160   Code   RO          999    .text               fz_ps.l(fdiv.o)
    0x08000798   0x08000798   0x00000030   Code   RO         1002    .text               fz_ps.l(ffixui.o)
    0x080007c8   0x080007c8   0x0000005e   Code   RO         1004    .text               fz_ps.l(fflti.o)
    0x08000826   0x08000826   0x00000016   Code   RO         1019    .text               c_p.l(_rserrno.o)
    0x0800083c   0x0800083c   0x000000b0   Code   RO         1021    .text               c_p.l(_printf_intcommon.o)
    0x080008ec   0x080008ec   0x00000030   Code   RO         1023    .text               c_p.l(_printf_char_common.o)
    0x0800091c   0x0800091c   0x0000000a   Code   RO         1025    .text               c_p.l(_sputc.o)
    0x08000926   0x08000926   0x00000010   Code   RO         1027    .text               c_p.l(_snputc.o)
    0x08000936   0x08000936   0x00000028   Code   RO         1030    .text               c_p.l(rtudiv10.o)
    0x0800095e   0x0800095e   0x00000002   PAD
    0x08000960   0x08000960   0x00000118   Code   RO         1038    .text               fz_ps.l(frem.o)
    0x08000a78   0x08000a78   0x00000080   Code   RO         1040    .text               fz_ps.l(frnd.o)
    0x08000af8   0x08000af8   0x00000008   Code   RO         1063    .text               c_p.l(rt_errno_addr_intlibspace.o)
    0x08000b00   0x08000b00   0x00000064   Code   RO         1067    .text               fz_ps.l(fcmpin.o)
    0x08000b64   0x08000b64   0x00000008   Code   RO         1069    .text               c_p.l(libspace.o)
    0x08000b6c   0x08000b6c   0x0000003e   Code   RO         1072    .text               c_p.l(sys_stackheap_outer.o)
    0x08000baa   0x08000baa   0x00000010   Code   RO         1075    .text               c_p.l(exit.o)
    0x08000bba   0x08000bba   0x0000002e   Code   RO         1087    .text               fz_ps.l(cmpret.o)
    0x08000be8   0x08000be8   0x00000010   Code   RO         1089    .text               fz_ps.l(fnan2.o)
    0x08000bf8   0x08000bf8   0x0000005e   Code   RO         1145    .text               fz_ps.l(retnan.o)
    0x08000c56   0x08000c56   0x00000002   PAD
    0x08000c58   0x08000c58   0x0000000c   Code   RO         1147    .text               c_p.l(sys_exit.o)
    0x08000c64   0x08000c64   0x00000002   Code   RO         1170    .text               c_p.l(use_no_semi.o)
    0x08000c66   0x08000c66   0x00000000   Code   RO         1172    .text               c_p.l(indicate_semi.o)
    0x08000c66   0x08000c66   0x0000000a   Code   RO           86    .text.AngleShaftReset  angle_calc.o
    0x08000c70   0x08000c70   0x00000012   Code   RO           63    .text.EEPROM_ReadBytes  eeprom.o
    0x08000c82   0x08000c82   0x00000012   Code   RO           61    .text.EEPROM_WriteBytes  eeprom.o
    0x08000c94   0x08000c94   0x0000002c   Code   RO           84    .text.GetAngleShaft_from_Seconds  angle_calc.o
    0x08000cc0   0x08000cc0   0x0000003c   Code   RO           94    .text.GetMilAngleTeeth  angle_calc.o
    0x08000cfc   0x08000cfc   0x0000002c   Code   RO           80    .text.GetSetAngle_from_Seconds  angle_calc.o
    0x08000d28   0x08000d28   0x00000008   Code   RO          344    .text.HAL_GetTick   stm32f0xx_hal.o
    0x08000d30   0x08000d30   0x00000014   Code   RO          342    .text.HAL_IncTick   stm32f0xx_hal.o
    0x08000d44   0x08000d44   0x0000001c   Code   RO          332    .text.HAL_Init      stm32f0xx_hal.o
    0x08000d60   0x08000d60   0x00000044   Code   RO          334    .text.HAL_InitTick  stm32f0xx_hal.o
    0x08000da4   0x08000da4   0x0000002c   Code   RO          234    .text.HAL_MspInit   stm32f0xx_hal_msp.o
    0x08000dd0   0x08000dd0   0x00000040   Code   RO          615    .text.HAL_NVIC_SetPriority  stm32f0xx_hal_cortex.o
    0x08000e10   0x08000e10   0x000000f8   Code   RO          318    .text.HAL_RCCEx_PeriphCLKConfig  stm32f0xx_hal_rcc_ex.o
    0x08000f08   0x08000f08   0x0000010c   Code   RO          288    .text.HAL_RCC_ClockConfig  stm32f0xx_hal_rcc.o
    0x08001014   0x08001014   0x00000064   Code   RO          290    .text.HAL_RCC_GetSysClockFreq  stm32f0xx_hal_rcc.o
    0x08001078   0x08001078   0x000003d0   Code   RO          286    .text.HAL_RCC_OscConfig  stm32f0xx_hal_rcc.o
    0x08001448   0x08001448   0x00000034   Code   RO          623    .text.HAL_SYSTICK_Config  stm32f0xx_hal_cortex.o
    0x0800147c   0x0800147c   0x00000002   Code   RO          217    .text.HardFault_Handler  stm32f0xx_it.o
    0x0800147e   0x0800147e   0x00000002   Code   RO          225    .text.I2C1_IRQHandler  stm32f0xx_it.o
    0x08001480   0x08001480   0x000000b0   Code   RO          244    .text.LL_GPIO_Init  stm32f0xx_ll_gpio.o
    0x08001530   0x08001530   0x00000070   Code   RO          258    .text.LL_I2C_Init   stm32f0xx_ll_i2c.o
    0x080015a0   0x080015a0   0x00000088   Code   RO          829    .text.LL_TIM_Init   stm32f0xx_ll_tim.o
    0x08001628   0x08001628   0x0000010c   Code   RO          167    .text.MX_GPIO_Init  gpio.o
    0x08001734   0x08001734   0x000000ec   Code   RO          176    .text.MX_I2C1_Init  i2c.o
    0x08001820   0x08001820   0x00000114   Code   RO          194    .text.MX_TIM3_Init  tim.o
    0x08001934   0x08001934   0x00000014   Code   RO           96    .text.MilAngleTeethReset  angle_calc.o
    0x08001948   0x08001948   0x0000002c   Code   RO           92    .text.MilAngleTeeth_from_Seconds  angle_calc.o
    0x08001974   0x08001974   0x00000002   Code   RO          215    .text.NMI_Handler   stm32f0xx_it.o
    0x08001976   0x08001976   0x00000002   Code   RO          221    .text.PendSV_Handler  stm32f0xx_it.o
    0x08001978   0x08001978   0x0000000a   Code   RO           98    .text.RemainTeethReset  angle_calc.o
    0x08001982   0x08001982   0x00000002   Code   RO          219    .text.SVC_Handler   stm32f0xx_it.o
    0x08001984   0x08001984   0x0000000c   Code   RO           88    .text.SetAngleReset  angle_calc.o
    0x08001990   0x08001990   0x0000001c   Code   RO           78    .text.SetAngle_in_Seconds  angle_calc.o
    0x080019ac   0x080019ac   0x00000098   Code   RO          149    .text.SetupMillingMode  main.o
    0x08001a44   0x08001a44   0x00000054   Code   RO          147    .text.SetupRotationMode  main.o
    0x08001a98   0x08001a98   0x0000001c   Code   RO          118    .text.SysTick_Callback  systick.o
    0x08001ab4   0x08001ab4   0x00000014   Code   RO          223    .text.SysTick_Handler  stm32f0xx_it.o
    0x08001ac8   0x08001ac8   0x00000084   Code   RO          145    .text.SystemClock_Config  main.o
    0x08001b4c   0x08001b4c   0x00000002   Code   RO          859    .text.SystemInit    system_stm32f0xx.o
    0x08001b4e   0x08001b4e   0x00000002   PAD
    0x08001b50   0x08001b50   0x00000024   Code   RO          202    .text.TIM16_IRQHandler  tim.o
    0x08001b74   0x08001b74   0x0000002e   Code   RO           76    .text.angle_from_EEPROMbuf  angle_calc.o
    0x08001ba2   0x08001ba2   0x00000026   Code   RO           74    .text.angle_to_EEPROMbuf  angle_calc.o
    0x08001bc8   0x08001bc8   0x00000068   Code   RO          134    .text.calc_steps    stanok_math.o
    0x08001c30   0x08001c30   0x0000006c   Code   RO          888    .text.default_screen_mode1  ssd1306.o
    0x08001c9c   0x08001c9c   0x000000f8   Code   RO          890    .text.default_screen_mode2  ssd1306.o
    0x08001d94   0x08001d94   0x00000028   Code   RO          198    .text.delay_us      tim.o
    0x08001dbc   0x08001dbc   0x00000180   Code   RO           21    .text.enc_shaft_rotation  drive.o
    0x08001f3c   0x08001f3c   0x00000028   Code   RO          196    .text.encoder_init  tim.o
    0x08001f64   0x08001f64   0x00000024   Code   RO           19    .text.encoder_reset  drive.o
    0x08001f88   0x08001f88   0x00000068   Code   RO          178    .text.i2c_read_array  i2c.o
    0x08001ff0   0x08001ff0   0x00000070   Code   RO          182    .text.i2c_write_buffer_16bit_registr  i2c.o
    0x08002060   0x08002060   0x00000050   Code   RO          184    .text.i2c_write_buffer_8bit_registr  i2c.o
    0x080020b0   0x080020b0   0x00000054   Code   RO          180    .text.i2c_write_byte  i2c.o
    0x08002104   0x08002104   0x0000003c   Code   RO           29    .text.left_rotate_to_zero  drive.o
    0x08002140   0x08002140   0x0000003c   Code   RO           35    .text.left_teeth_rotation  drive.o
    0x0800217c   0x0800217c   0x000002d0   Code   RO          143    .text.main          main.o
    0x0800244c   0x0800244c   0x00000010   Code   RO           27    .text.one_full_turn  drive.o
    0x0800245c   0x0800245c   0x0000001c   Code   RO          200    .text.repeat_time   tim.o
    0x08002478   0x08002478   0x00000078   Code   RO          894    .text.return_mode_screen  ssd1306.o
    0x080024f0   0x080024f0   0x00000048   Code   RO           31    .text.right_rotate_to_zero  drive.o
    0x08002538   0x08002538   0x00000048   Code   RO           33    .text.right_teeth_rotation  drive.o
    0x08002580   0x08002580   0x00000034   Code   RO           11    .text.rotate_step   drive.o
    0x080025b4   0x080025b4   0x00000028   Code   RO           49    .text.scan_buttons_GPIO  button.o
    0x080025dc   0x080025dc   0x0000010c   Code   RO           47    .text.scan_keys     button.o
    0x080026e8   0x080026e8   0x00000070   Code   RO          898    .text.select_rotation_mode_screen  ssd1306.o
    0x08002758   0x08002758   0x00000054   Code   RO           15    .text.set_angle     drive.o
    0x080027ac   0x080027ac   0x00000050   Code   RO           17    .text.set_teeth_gear  drive.o
    0x080027fc   0x080027fc   0x00000068   Code   RO          892    .text.setangle_mode_screen  ssd1306.o
    0x08002864   0x08002864   0x00000068   Code   RO          896    .text.setteeth_mode_screen  ssd1306.o
    0x080028cc   0x080028cc   0x0000007c   Code   RO          884    .text.ssd1306_Clear  ssd1306.o
    0x08002948   0x08002948   0x00000024   Code   RO          876    .text.ssd1306_Goto  ssd1306.o
    0x0800296c   0x0800296c   0x000000a2   Code   RO          874    .text.ssd1306_Init  ssd1306.o
    0x08002a0e   0x08002a0e   0x00000002   PAD
    0x08002a10   0x08002a10   0x0000002c   Code   RO          886    .text.ssd1306_PutData  ssd1306.o
    0x08002a3c   0x08002a3c   0x00000054   Code   RO          880    .text.ssd1306_PutString  ssd1306.o
    0x08002a90   0x08002a90   0x00000018   Code   RO          915    .text.ssd1306_SendCommand  ssd1306_interface.o
    0x08002aa8   0x08002aa8   0x00000010   Code   RO          919    .text.ssd1306_SendDataBuffer  ssd1306_interface.o
    0x08002ab8   0x08002ab8   0x00000080   Code   RO           13    .text.step_angle    drive.o
    0x08002b38   0x08002b38   0x0000000e   Code   RO          102    .text.teeth_angle_from_EEPROMbuf  angle_calc.o
    0x08002b46   0x08002b46   0x0000000e   Code   RO          100    .text.teeth_angle_to_EEPROMbuf  angle_calc.o
    0x08002b54   0x08002b54   0x000000c4   Code   RO          204    .text.timers_ini    tim.o
    0x08002c18   0x08002c18   0x00000016   Code   RO          988    i._fgeq             fz_ps.l(fcmp.o)
    0x08002c2e   0x08002c2e   0x0000001a   Code   RO          990    i._fleq             fz_ps.l(fcmp.o)
    0x08002c48   0x08002c48   0x0000000e   Code   RO          955    i._is_digit         c_p.l(__printf_wp.o)
    0x08002c56   0x08002c56   0x00000024   Code   RO         1009    i.remainderf        m_ps.l(remainderf.o)
    0x08002c7a   0x08002c7a   0x00000008   Code   RO         1012    i.rintf             m_ps.l(rintf.o)
    0x08002c82   0x08002c82   0x00000002   PAD
    0x08002c84   0x08002c84   0x0000008c   Code   RO          981    x$fpl$fadd          fz_ps.l(faddsub.o)
    0x08002d10   0x08002d10   0x00000054   Code   RO         1034    x$fpl$fgeqf         fz_ps.l(fgef.o)
    0x08002d64   0x08002d64   0x00000054   Code   RO         1036    x$fpl$fleqf         fz_ps.l(flef.o)
    0x08002db8   0x08002db8   0x000000b0   Code   RO         1006    x$fpl$fmul          fz_ps.l(fmul.o)
    0x08002e68   0x08002e68   0x000000d0   Code   RO          983    x$fpl$fsub          fz_ps.l(faddsub.o)
    0x08002f38   0x08002f38   0x00000000   Code   RO         1042    x$fpl$usenofp       fz_ps.l(usenofp.o)
    0x08002f38   0x08002f38   0x00000011   Data   RO          958    .constdata          c_p.l(__printf_flags_wp.o)
    0x08002f49   0x08002f49   0x00000040   Data   RO         1000    .constdata          fz_ps.l(fdiv.o)
    0x08002f89   0x08002f89   0x00000010   Data   RO          864    .rodata.AHBPrescTable  system_stm32f0xx.o
    0x08002f99   0x08002f99   0x00000003   PAD
    0x08002f9c   0x08002f9c   0x00000280   Data   RO          900    .rodata.LCD_font    ssd1306.o
    0x0800321c   0x0800321c   0x00000008   Data   RO           38    .rodata.str1.1      drive.o
    0x08003224   0x08003224   0x00000012   Data   RO          906    .rodata.str1.1      ssd1306.o
    0x08003236   0x08003236   0x00000002   PAD
    0x08003238   0x08003238   0x00000020   Data   RO         1225    Region$$Table       anon$$obj.o


    Execution Region RW_IRAM1 (Exec base: 0x20000000, Load base: 0x08003258, Size: 0x00000700, Max: 0x00002000, ABSOLUTE)

    Exec Addr    Load Addr    Size         Type   Attr      Idx    E Section Name        Object

    0x20000000   0x08003258   0x00000004   Data   RW          863    .data.SystemCoreClock  system_stm32f0xx.o
    0x20000004   0x0800325c   0x00000001   Data   RW          901    .data.kord_X        ssd1306.o
    0x20000005   0x0800325d   0x00000003   PAD
    0x20000008   0x08003260   0x00000004   Data   RW           37    .data.step_unit     drive.o
    0x2000000c   0x08003264   0x00000001   Data   RW          379    .data.uwTickFreq    stm32f0xx_hal.o
    0x2000000d   0x08003265   0x00000003   PAD
    0x20000010   0x08003268   0x00000004   Data   RW          378    .data.uwTickPrio    stm32f0xx_hal.o
    0x20000014   0x0800326c   0x00000004   PAD
    0x20000018        -       0x00000060   Zero   RW         1070    .bss                c_p.l(libspace.o)
    0x20000078        -       0x00000001   Zero   RW          903    .bss.LCD_X          ssd1306.o
    0x20000079   0x0800326c   0x00000003   PAD
    0x2000007c        -       0x00000014   Zero   RW          905    .bss.LCD_buff       ssd1306.o
    0x20000090        -       0x00000004   Zero   RW          124    .bss.SysTick_CallbackFunction  systick.o
    0x20000094        -       0x00000004   Zero   RW          125    .bss.TicksCounter   systick.o
    0x20000098        -       0x00000001   Zero   RW           51    .bss.count_autorepeat  button.o
    0x20000099   0x0800326c   0x00000003   PAD
    0x2000009c        -       0x00000014   Zero   RW          153    .bss.curr_rotation  main.o
    0x200000b0        -       0x0000000f   Zero   RW           65    .bss.eeprom_tx_buffer  eeprom.o
    0x200000bf   0x0800326c   0x00000001   PAD
    0x200000c0        -       0x00000014   Zero   RW          154    .bss.encoder_data   main.o
    0x200000d4        -       0x00000001   Zero   RW          206    .bss.end_bounce     tim.o
    0x200000d5   0x0800326c   0x00000001   PAD
    0x200000d6        -       0x00000002   Zero   RW          156    .bss.key_code       main.o
    0x200000d8        -       0x00000001   Zero   RW          902    .bss.kord_Y         ssd1306.o
    0x200000d9   0x0800326c   0x00000003   PAD
    0x200000dc        -       0x00000010   Zero   RW          155    .bss.milling_mode   main.o
    0x200000ec        -       0x00000002   Zero   RW           53    .bss.scan_keys.key_code  button.o
    0x200000ee        -       0x00000001   Zero   RW           52    .bss.scan_keys.key_state  button.o
    0x200000ef        -       0x00000001   Zero   RW          157    .bss.status_flag    main.o
    0x200000f0        -       0x00000002   Zero   RW          923    .bss.temp           ssd1306_interface.o
    0x200000f2        -       0x00000006   Zero   RW          904    .bss.temp_char      ssd1306.o
    0x200000f8        -       0x00000004   Zero   RW          380    .bss.uwTick         stm32f0xx_hal.o
    0x200000fc   0x0800326c   0x00000004   PAD
    0x20000100        -       0x00000200   Zero   RW            2    HEAP                startup_stm32f030x6.o
    0x20000300        -       0x00000400   Zero   RW            1    STACK               startup_stm32f030x6.o


==============================================================================

Image component sizes


      Code (inc. data)   RO Data    RW Data    ZI Data      Debug   Object Name

       384          8          0          0          0       4299   angle_calc.o
       308         24          0          0          4       2382   button.o
      1044        148          8          4          0       7210   drive.o
        36          0          0          0         15       1130   eeprom.o
       268          8          0          0          0       2234   gpio.o
       616         40          0          0          0       7934   i2c.o
      1088         60          0          0         59       5363   main.o
      1246        248        658          1         28       6599   ssd1306.o
        40          4          0          0          2       4039   ssd1306_interface.o
       104          8          0          0          0        866   stanok_math.o
        56         26        176          0       1536        592   startup_stm32f030x6.o
       124         12          0          5          4       5184   stm32f0xx_hal.o
       116         20          0          0          0       5371   stm32f0xx_hal_cortex.o
        44          4          0          0          0        988   stm32f0xx_hal_msp.o
      1344         72          0          0          0       7095   stm32f0xx_hal_rcc.o
       248         12          0          0          0       3017   stm32f0xx_hal_rcc_ex.o
        30          4          0          0          0        767   stm32f0xx_it.o
       176          0          0          0          0       3688   stm32f0xx_ll_gpio.o
       112          8          0          0          0       3643   stm32f0xx_ll_i2c.o
       136         20          0          0          0      10352   stm32f0xx_ll_tim.o
         2          0         16          4          0       1774   system_stm32f0xx.o
        28          8          0          0          8       1300   systick.o
       616         64          0          0          1       7446   tim.o

    ----------------------------------------------------------------------
      8170        798        895         20       1676      93273   Object Totals
         0          0         32          0          0          0   (incl. Generated)
         4          0          5          6         19          0   (incl. Padding)

    ----------------------------------------------------------------------

      Code (inc. data)   RO Data    RW Data    ZI Data      Debug   Library Member Name

         8          0          0          0          0         68   __main.o
       312          6         17          0          0         76   __printf_flags_wp.o
        14          0          0          0          0         60   __printf_wp.o
         0          0          0          0          0          0   __rtentry.o
        12          0          0          0          0          0   __rtentry2.o
         6          0          0          0          0          0   __rtentry4.o
        60          8          0          0          0          0   __scatter.o
        26          0          0          0          0          0   __scatter_copy.o
        28          0          0          0          0          0   __scatter_zi.o
        48          6          0          0          0         88   _printf_char_common.o
        10          0          0          0          0          0   _printf_d.o
       108         18          0          0          0         76   _printf_dec.o
       176          0          0          0          0         84   _printf_intcommon.o
        78          0          0          0          0        100   _printf_pad.o
         2          0          0          0          0          0   _printf_percent.o
         4          0          0          0          0          0   _printf_percent_end.o
        22          0          0          0          0         92   _rserrno.o
        16          0          0          0          0         60   _snputc.o
        10          0          0          0          0         60   _sputc.o
       364          4          0          0          0         92   aeabi_sdiv.o
        16          0          0          0          0         68   exit.o
         6          0          0          0          0        136   heapauxi.o
         0          0          0          0          0          0   indicate_semi.o
         2          0          0          0          0          0   libinit.o
         2          0          0          0          0          0   libinit2.o
         2          0          0          0          0          0   libshutdown.o
         2          0          0          0          0          0   libshutdown2.o
         8          4          0          0         96         68   libspace.o
        56          6          0          0          0         84   noretval__2snprintf.o
         8          4          0          0          0         68   rt_errno_addr_intlibspace.o
        64          0          0          0          0        108   rt_memclr.o
       186          0          0          0          0        144   rt_memcpy.o
         2          0          0          0          0          0   rtexit.o
        10          0          0          0          0          0   rtexit2.o
        40          0          0          0          0         60   rtudiv10.o
        12          4          0          0          0         60   sys_exit.o
        62          0          0          0          0         80   sys_stackheap_outer.o
         2          0          0          0          0         68   use_no_semi.o
        46          0          0          0          0         60   cmpret.o
       348          8          0          0          0        160   faddsub.o
        48          0          0          0          0        136   fcmp.o
       100          4          0          0          0         68   fcmpin.o
       352         10         64          0          0         92   fdiv.o
        48          0          0          0          0         60   ffixui.o
        94          0          0          0          0         92   fflti.o
        84          4          0          0          0         76   fgef.o
        84          4          0          0          0         76   flef.o
       176          4          0          0          0         80   fmul.o
        16          6          0          0          0         68   fnan2.o
       280          6          0          0          0         76   frem.o
       128          6          0          0          0         68   frnd.o
        94          0          0          0          0         68   retnan.o
         0          0          0          0          0          0   usenofp.o
        36          0          0          0          0         72   remainderf.o
         8          0          0          0          0         68   rintf.o

    ----------------------------------------------------------------------
      3742        112         81          0         96       3120   Library Totals
        16          0          0          0          0          0   (incl. Padding)

    ----------------------------------------------------------------------

      Code (inc. data)   RO Data    RW Data    ZI Data      Debug   Library Name

      1784         60         17          0         96       1800   c_p.l
      1898         52         64          0          0       1180   fz_ps.l
        44          0          0          0          0        140   m_ps.l

    ----------------------------------------------------------------------
      3742        112         81          0         96       3120   Library Totals

    ----------------------------------------------------------------------

==============================================================================


      Code (inc. data)   RO Data    RW Data    ZI Data      Debug   

     11912        910        976         20       1772      94321   Grand Totals
     11912        910        976         20       1772      94321   ELF Image Totals
     11912        910        976         20          0          0   ROM Totals

==============================================================================

    Total RO  Size (Code + RO Data)                12888 (  12.59kB)
    Total RW  Size (RW Data + ZI Data)              1792 (   1.75kB)
    Total ROM Size (Code + RO Data + RW Data)      12908 (  12.61kB)

==============================================================================

