Component: ARM Compiler 6.16 Tool: armlink [5dfeaa00]

==============================================================================

Section Cross References

    startup_stm32f042x6.o(STACK) refers (Special) to heapauxi.o(.text) for __use_two_region_memory
    startup_stm32f042x6.o(HEAP) refers (Special) to heapauxi.o(.text) for __use_two_region_memory
    startup_stm32f042x6.o(RESET) refers (Special) to heapauxi.o(.text) for __use_two_region_memory
    startup_stm32f042x6.o(RESET) refers to startup_stm32f042x6.o(STACK) for __initial_sp
    startup_stm32f042x6.o(RESET) refers to startup_stm32f042x6.o(.text) for Reset_Handler
    startup_stm32f042x6.o(RESET) refers to stm32f0xx_it.o(.text.NMI_Handler) for NMI_Handler
    startup_stm32f042x6.o(RESET) refers to stm32f0xx_it.o(.text.HardFault_Handler) for HardFault_Handler
    startup_stm32f042x6.o(RESET) refers to stm32f0xx_it.o(.text.SVC_Handler) for SVC_Handler
    startup_stm32f042x6.o(RESET) refers to stm32f0xx_it.o(.text.PendSV_Handler) for PendSV_Handler
    startup_stm32f042x6.o(RESET) refers to stm32f0xx_it.o(.text.SysTick_Handler) for SysTick_Handler
    startup_stm32f042x6.o(RESET) refers to tim.o(.text.TIM16_IRQHandler) for TIM16_IRQHandler
    startup_stm32f042x6.o(.text) refers (Special) to heapauxi.o(.text) for __use_two_region_memory
    startup_stm32f042x6.o(.text) refers to startup_stm32f042x6.o(STACK) for __initial_sp
    startup_stm32f042x6.o(.text) refers to system_stm32f0xx.o(.text.SystemInit) for SystemInit
    startup_stm32f042x6.o(.text) refers to __main.o(!!!main) for __main
    startup_stm32f042x6.o(.text) refers to startup_stm32f042x6.o(HEAP) for Heap_Mem
    main.o(.text.main) refers to stm32f0xx_hal.o(.text.HAL_Init) for HAL_Init
    main.o(.text.main) refers to main.o(.text.SystemClock_Config) for SystemClock_Config
    main.o(.text.main) refers to gpio.o(.text.MX_GPIO_Init) for MX_GPIO_Init
    main.o(.text.main) refers to i2c.o(.text.MX_I2C1_Init) for MX_I2C1_Init
    main.o(.text.main) refers to tim.o(.text.MX_TIM3_Init) for MX_TIM3_Init
    main.o(.text.main) refers to tim.o(.text.encoder_init) for encoder_init
    main.o(.text.main) refers to tim.o(.text.timers_ini) for timers_ini
    main.o(.text.main) refers to ssd1306.o(.text.ssd1306_Init) for ssd1306_Init
    main.o(.text.main) refers to tim.o(.text.delay_us) for delay_us
    main.o(.text.main) refers to main.o(.text.init_setup) for init_setup
    main.o(.text.main) refers to main.o(.text.LL_GPIO_ResetOutputPin) for LL_GPIO_ResetOutputPin
    main.o(.text.main) refers to main.o(.text.LL_GPIO_SetOutputPin) for LL_GPIO_SetOutputPin
    main.o(.text.main) refers to ssd1306.o(.text.SSD1306_GotoXY) for SSD1306_GotoXY
    main.o(.text.main) refers to rt_memcpy.o(.text) for __aeabi_memcpy
    main.o(.text.main) refers to ssd1306.o(.text.SSD1306_PutString) for SSD1306_PutString
    main.o(.text.main) refers to stm32f0xx_hal.o(.text.HAL_Delay) for HAL_Delay
    main.o(.text.main) refers to button.o(.text.scan_keys) for scan_keys
    main.o(.text.main) refers to ssd1306.o(.text.return_mode_screen) for return_mode_screen
    main.o(.text.main) refers to drive.o(.text.left_rotate_to_zero) for left_rotate_to_zero
    main.o(.text.main) refers to main.o(.text.SetupRotationMode) for SetupRotationMode
    main.o(.text.main) refers to angle_calc.o(.text.angle_to_EEPROMbuf) for angle_to_EEPROMbuf
    main.o(.text.main) refers to eeprom.o(.text.EEPROM_WriteBytes) for EEPROM_WriteBytes
    main.o(.text.main) refers to angle_calc.o(.text.AngleShaftReset) for AngleShaftReset
    main.o(.text.main) refers to angle_calc.o(.text.teeth_angle_to_EEPROMbuf) for teeth_angle_to_EEPROMbuf
    main.o(.text.main) refers to drive.o(.text.left_teeth_rotation) for left_teeth_rotation
    main.o(.text.main) refers to drive.o(.text.right_teeth_rotation) for right_teeth_rotation
    main.o(.text.main) refers to angle_calc.o(.text.MilingFlagReset) for MilingFlagReset
    main.o(.text.main) refers to angle_calc.o(.text.MilAngleTeethReset) for MilAngleTeethReset
    main.o(.text.main) refers to main.o(.text.SetupMillingMode) for SetupMillingMode
    main.o(.text.main) refers to ssd1306.o(.text.default_screen_mode2) for default_screen_mode2
    main.o(.text.main) refers to angle_calc.o(.text.GetAngleShaft_from_Seconds) for GetAngleShaft_from_Seconds
    main.o(.text.main) refers to drive.o(.text.encoder_reset) for encoder_reset
    main.o(.text.main) refers to drive.o(.text.right_rotate_to_zero) for right_rotate_to_zero
    main.o(.text.main) refers to angle_calc.o(.text.RemainTeethReset) for RemainTeethReset
    main.o(.text.main) refers to ssd1306.o(.text.default_screen_mode1) for default_screen_mode1
    main.o(.text.main) refers to drive.o(.text.read_enc_shaft_rotation) for read_enc_shaft_rotation
    main.o(.text.main) refers to drive.o(.text.step_by_step) for step_by_step
    main.o(.text.main) refers to main.o(.bss.milling_mode) for milling_mode
[...]
    __arm_cp.9_0                             0x080019d0   Number         4  tim.o(.text.LL_TIM_SetTriggerOutput)
    [Anonymous Symbol]                       0x080019d4   Section        0  gpio.o(.text.MX_GPIO_Init)
    __arm_cp.0_0                             0x08001ac0   Number         4  gpio.o(.text.MX_GPIO_Init)
    __arm_cp.0_1                             0x08001ac4   Number         4  gpio.o(.text.MX_GPIO_Init)
    [Anonymous Symbol]                       0x08001ac8   Section        0  i2c.o(.text.MX_I2C1_Init)
    __arm_cp.0_0                             0x08001b68   Number         4  i2c.o(.text.MX_I2C1_Init)
    [Anonymous Symbol]                       0x08001b6c   Section        0  tim.o(.text.MX_TIM3_Init)
    __arm_cp.0_0                             0x08001c30   Number         4  tim.o(.text.MX_TIM3_Init)
    __arm_cp.0_1                             0x08001c34   Number         4  tim.o(.text.MX_TIM3_Init)
    [Anonymous Symbol]                       0x08001c38   Section        0  angle_calc.o(.text.MilAngleTeethReset)
    __arm_cp.12_0                            0x08001c4c   Number         4  angle_calc.o(.text.MilAngleTeethReset)
    [Anonymous Symbol]                       0x08001c50   Section        0  angle_calc.o(.text.MilAngleTeeth_from_Seconds)
    [Anonymous Symbol]                       0x08001c7c   Section        0  angle_calc.o(.text.MilingFlagReset)
    [Anonymous Symbol]                       0x08001c8a   Section        0  stm32f0xx_it.o(.text.NMI_Handler)
    [Anonymous Symbol]                       0x08001c8c   Section        0  stm32f0xx_it.o(.text.PendSV_Handler)
    [Anonymous Symbol]                       0x08001c8e   Section        0  angle_calc.o(.text.RemainTeethReset)
    [Anonymous Symbol]                       0x08001c94   Section        0  ssd1306.o(.text.SSD1306_Clear_Screen)
    [Anonymous Symbol]                       0x08001ca4   Section        0  ssd1306.o(.text.SSD1306_DrawPixel)
    [Anonymous Symbol]                       0x08001ce0   Section        0  ssd1306.o(.text.SSD1306_Fill)
    __arm_cp.1_0                             0x08001d00   Number         4  ssd1306.o(.text.SSD1306_Fill)
    [Anonymous Symbol]                       0x08001d04   Section        0  ssd1306.o(.text.SSD1306_GotoXY)
    [Anonymous Symbol]                       0x08001d10   Section        0  ssd1306.o(.text.SSD1306_PutChar)
    __arm_cp.4_0                             0x08001da8   Number         4  ssd1306.o(.text.SSD1306_PutChar)
    __arm_cp.4_1                             0x08001dac   Number         4  ssd1306.o(.text.SSD1306_PutChar)
    [Anonymous Symbol]                       0x08001db0   Section        0  ssd1306.o(.text.SSD1306_PutString)
    [Anonymous Symbol]                       0x08001de4   Section        0  ssd1306.o(.text.SSD1306_UpdateScreen)
    __arm_cp.2_0                             0x08001e14   Number         4  ssd1306.o(.text.SSD1306_UpdateScreen)
    [Anonymous Symbol]                       0x08001e18   Section        0  stm32f0xx_it.o(.text.SVC_Handler)
    [Anonymous Symbol]                       0x08001e1a   Section        0  angle_calc.o(.text.SetAngleReset)
    [Anonymous Symbol]                       0x08001e28   Section        0  angle_calc.o(.text.SetAngle_in_Seconds)
    [Anonymous Symbol]                       0x08001e44   Section        0  main.o(.text.SetupMillingMode)
    __arm_cp.6_1                             0x08001ed8   Number         4  main.o(.text.SetupMillingMode)
    [Anonymous Symbol]                       0x08001edc   Section        0  main.o(.text.SetupRotationMode)
    __arm_cp.5_0                             0x08001f50   Number         4  main.o(.text.SetupRotationMode)
    __arm_cp.5_1                             0x08001f54   Number         4  main.o(.text.SetupRotationMode)
    __arm_cp.5_2                             0x08001f58   Number         4  main.o(.text.SetupRotationMode)
    SysTick_Config                           0x08001f5d   Thumb Code    36  stm32f0xx_hal_cortex.o(.text.SysTick_Config)
    [Anonymous Symbol]                       0x08001f5c   Section        0  stm32f0xx_hal_cortex.o(.text.SysTick_Config)
    __arm_cp.9_0                             0x08001f80   Number         4  stm32f0xx_hal_cortex.o(.text.SysTick_Config)
    [Anonymous Symbol]                       0x08001f84   Section        0  stm32f0xx_it.o(.text.SysTick_Handler)
    [Anonymous Symbol]                       0x08001f8c   Section        0  main.o(.text.SystemClock_Config)
    [Anonymous Symbol]                       0x08002000   Section        0  system_stm32f0xx.o(.text.SystemInit)
    [Anonymous Symbol]                       0x08002004   Section        0  tim.o(.text.TIM16_IRQHandler)
    __arm_cp.21_0                            0x08002028   Number         4  tim.o(.text.TIM16_IRQHandler)
    __arm_cp.21_1                            0x0800202c   Number         4  tim.o(.text.TIM16_IRQHandler)
    __NVIC_EnableIRQ                         0x08002031   Thumb Code    12  tim.o(.text.__NVIC_EnableIRQ)
    [Anonymous Symbol]                       0x08002030   Section        0  tim.o(.text.__NVIC_EnableIRQ)
    __arm_cp.28_0                            0x0800203c   Number         4  tim.o(.text.__NVIC_EnableIRQ)
    __NVIC_SetPriority                       0x08002041   Thumb Code    16  tim.o(.text.__NVIC_SetPriority)
    [Anonymous Symbol]                       0x08002040   Section        0  tim.o(.text.__NVIC_SetPriority)
    __arm_cp.27_0                            0x08002050   Number         4  tim.o(.text.__NVIC_SetPriority)
    __NVIC_SetPriority                       0x08002055   Thumb Code    56  stm32f0xx_hal_cortex.o(.text.__NVIC_SetPriority)
    [Anonymous Symbol]                       0x08002054   Section        0  stm32f0xx_hal_cortex.o(.text.__NVIC_SetPriority)
    __arm_cp.1_0                             0x0800208c   Number         4  stm32f0xx_hal_cortex.o(.text.__NVIC_SetPriority)
    __arm_cp.1_1                             0x08002090   Number         4  stm32f0xx_hal_cortex.o(.text.__NVIC_SetPriority)
    [Anonymous Symbol]                       0x08002094   Section        0  angle_calc.o(.text.angle_from_EEPROMbuf)
    [Anonymous Symbol]                       0x080020c2   Section        0  angle_calc.o(.text.angle_to_EEPROMbuf)
    [Anonymous Symbol]                       0x080020e8   Section        0  stanok_math.o(.text.calc_passed_angle)
    [Anonymous Symbol]                       0x08002108   Section        0  stanok_math.o(.text.calc_steps_milling)
    [Anonymous Symbol]                       0x08002188   Section        0  stanok_math.o(.text.calc_steps_mode1)
    __arm_cp.0_0                             0x08002208   Number         4  stanok_math.o(.text.calc_steps_mode1)
    __arm_cp.0_1                             0x0800220c   Number         4  stanok_math.o(.text.calc_steps_mode1)
    [Anonymous Symbol]                       0x08002210   Section        0  ssd1306.o(.text.default_screen_mode1)
    __arm_cp.16_0                            0x0800224c   Number         4  ssd1306.o(.text.default_screen_mode1)
    [Anonymous Symbol]                       0x0800225c   Section        0  ssd1306.o(.text.default_screen_mode2)
    __arm_cp.17_0                            0x08002294   Number         4  ssd1306.o(.text.default_screen_mode2)
    __arm_cp.17_2                            0x080022a4   Number         4  ssd1306.o(.text.default_screen_mode2)
    [Anonymous Symbol]                       0x080022a8   Section        0  tim.o(.text.delay_us)
    __arm_cp.15_0                            0x080022dc   Number         4  tim.o(.text.delay_us)
    [Anonymous Symbol]                       0x080022e0   Section        0  tim.o(.text.encoder_init)
    __arm_cp.11_0                            0x08002300   Number         4  tim.o(.text.encoder_init)
    [Anonymous Symbol]                       0x08002304   Section        0  drive.o(.text.encoder_reset)
    __arm_cp.5_0                             0x08002328   Number         4  drive.o(.text.encoder_reset)
    [Anonymous Symbol]                       0x0800232c   Section        0  i2c.o(.text.i2c_read_array)
    __arm_cp.8_1                             0x08002394   Number         4  i2c.o(.text.i2c_read_array)
    [Anonymous Symbol]                       0x08002398   Section        0  i2c.o(.text.i2c_write_buffer_16bit_registr)
    [Anonymous Symbol]                       0x080023f8   Section        0  i2c.o(.text.i2c_write_buffer_8bit_registr)
    [Anonymous Symbol]                       0x08002448   Section        0  i2c.o(.text.i2c_write_byte)
    __arm_cp.16_0                            0x08002484   Number         4  i2c.o(.text.i2c_write_byte)
    [Anonymous Symbol]                       0x08002488   Section        0  main.o(.text.init_setup)
    [Anonymous Symbol]                       0x08002514   Section        0  drive.o(.text.left_rotate_to_zero)
    [Anonymous Symbol]                       0x08002550   Section        0  drive.o(.text.left_teeth_rotation)
    __arm_cp.18_0                            0x08002584   Number         4  drive.o(.text.left_teeth_rotation)
    __arm_cp.18_1                            0x08002588   Number         4  drive.o(.text.left_teeth_rotation)
    [Anonymous Symbol]                       0x0800258c   Section        0  main.o(.text.main)
    __arm_cp.0_0                             0x080027f4   Number         4  main.o(.text.main)
    __arm_cp.0_1                             0x080027f8   Number         4  main.o(.text.main)
    __arm_cp.0_2                             0x080027fc   Number         4  main.o(.text.main)
    __arm_cp.0_3                             0x08002800   Number         4  main.o(.text.main)
    __arm_cp.0_4                             0x08002804   Number         4  main.o(.text.main)
    __arm_cp.0_5                             0x08002808   Number         4  main.o(.text.main)
    __arm_cp.0_7                             0x0800280c   Number         4  main.o(.text.main)
    __arm_cp.0_8                             0x08002810   Number         4  main.o(.text.main)
    __arm_cp.0_9                             0x08002814   Number         4  main.o(.text.main)
    __arm_cp.0_10                            0x08002818   Number         4  main.o(.text.main)
    [Anonymous Symbol]                       0x0800281c   Section        0  drive.o(.text.milling_step)
    __arm_cp.3_0                             0x080028b0   Number         4  drive.o(.text.milling_step)
    __arm_cp.3_1                             0x080028b4   Number         4  drive.o(.text.milling_step)
    [Anonymous Symbol]                       0x080028b8   Section        0  drive.o(.text.read_enc_shaft_rotation)
    __arm_cp.6_1                             0x08002928   Number         4  drive.o(.text.read_enc_shaft_rotation)
    [Anonymous Symbol]                       0x0800292c   Section        0  tim.o(.text.repeat_time)
    __arm_cp.20_0                            0x08002950   Number         4  tim.o(.text.repeat_time)
    [Anonymous Symbol]                       0x08002954   Section        0  ssd1306.o(.text.return_mode_screen)
    __arm_cp.19_0                            0x08002980   Number         4  ssd1306.o(.text.return_mode_screen)
    __arm_cp.19_1                            0x08002984   Number         4  ssd1306.o(.text.return_mode_screen)
    __arm_cp.19_2                            0x08002988   Number         4  ssd1306.o(.text.return_mode_screen)
    [Anonymous Symbol]                       0x0800298c   Section        0  drive.o(.text.right_rotate_to_zero)
    __arm_cp.16_2                            0x080029d0   Number         4  drive.o(.text.right_rotate_to_zero)
    [Anonymous Symbol]                       0x080029d4   Section        0  drive.o(.text.right_teeth_rotation)
    __arm_cp.17_0                            0x08002a0c   Number         4  drive.o(.text.right_teeth_rotation)
    __arm_cp.17_2                            0x08002a10   Number         4  drive.o(.text.right_teeth_rotation)
    [Anonymous Symbol]                       0x08002a14   Section        0  drive.o(.text.rotate_step)
    scan_buttons_GPIO                        0x08002a55   Thumb Code    80  button.o(.text.scan_buttons_GPIO)
    [Anonymous Symbol]                       0x08002a54   Section        0  button.o(.text.scan_buttons_GPIO)
    [Anonymous Symbol]                       0x08002aa4   Section        0  button.o(.text.scan_keys)
    __arm_cp.0_0                             0x08002bac   Number         4  button.o(.text.scan_keys)
    __arm_cp.0_1                             0x08002bb0   Number         4  button.o(.text.scan_keys)
    __arm_cp.0_2                             0x08002bb4   Number         4  button.o(.text.scan_keys)
    __arm_cp.0_3                             0x08002bb8   Number         4  button.o(.text.scan_keys)
    __arm_cp.0_4                             0x08002bbc   Number         4  button.o(.text.scan_keys)
    [Anonymous Symbol]                       0x08002bc0   Section        0  ssd1306.o(.text.select_rotation_mode_screen)
    __arm_cp.21_1                            0x08002bf0   Number         4  ssd1306.o(.text.select_rotation_mode_screen)
    __arm_cp.21_2                            0x08002bf4   Number         4  ssd1306.o(.text.select_rotation_mode_screen)
    __arm_cp.21_3                            0x08002bf8   Number         4  ssd1306.o(.text.select_rotation_mode_screen)
    [Anonymous Symbol]                       0x08002bfc   Section        0  drive.o(.text.set_angle)
    __arm_cp.10_0                            0x08002c50   Number         4  drive.o(.text.set_angle)
    __arm_cp.10_1                            0x08002c54   Number         4  drive.o(.text.set_angle)
    [Anonymous Symbol]                       0x08002c58   Section        0  drive.o(.text.set_teeth_gear)
    __arm_cp.11_0                            0x08002ca8   Number         4  drive.o(.text.set_teeth_gear)
    [Anonymous Symbol]                       0x08002cac   Section        0  ssd1306.o(.text.setangle_mode_screen)
    __arm_cp.18_0                            0x08002ce8   Number         4  ssd1306.o(.text.setangle_mode_screen)
    [Anonymous Symbol]                       0x08002cf8   Section        0  ssd1306.o(.text.setteeth_mode_screen)
    __arm_cp.20_0                            0x08002d28   Number         4  ssd1306.o(.text.setteeth_mode_screen)
    __arm_cp.20_2                            0x08002d34   Number         4  ssd1306.o(.text.setteeth_mode_screen)
    [Anonymous Symbol]                       0x08002d38   Section        0  ssd1306.o(.text.ssd1306_Init)
    __arm_cp.0_0                             0x08002dec   Number         4  ssd1306.o(.text.ssd1306_Init)
    __arm_cp.0_1                             0x08002df0   Number         4  ssd1306.o(.text.ssd1306_Init)
    [Anonymous Symbol]                       0x08002df4   Section        0  ssd1306_interface.o(.text.ssd1306_SendCommand)
    __arm_cp.0_0                             0x08002e08   Number         4  ssd1306_interface.o(.text.ssd1306_SendCommand)
    [Anonymous Symbol]                       0x08002e0c   Section        0  ssd1306_interface.o(.text.ssd1306_SendDataBuffer)
    [Anonymous Symbol]                       0x08002e1c   Section        0  drive.o(.text.step_angle)
    __arm_cp.4_0                             0x08002f70   Number         4  drive.o(.text.step_angle)
    __arm_cp.4_1                             0x08002f74   Number         4  drive.o(.text.step_angle)
    [Anonymous Symbol]                       0x08002f78   Section        0  drive.o(.text.step_by_step)
    __arm_cp.8_0                             0x08003024   Number         4  drive.o(.text.step_by_step)
    __arm_cp.8_1                             0x08003028   Number         4  drive.o(.text.step_by_step)
    __arm_cp.8_2                             0x0800302c   Number         4  drive.o(.text.step_by_step)
    __arm_cp.8_3                             0x08003030   Number         4  drive.o(.text.step_by_step)
    [Anonymous Symbol]                       0x08003034   Section        0  stanok_math.o(.text.steps_for_back_to_zero)
    __arm_cp.2_0                             0x08003050   Number         4  stanok_math.o(.text.steps_for_back_to_zero)
    [Anonymous Symbol]                       0x08003054   Section        0  angle_calc.o(.text.teeth_angle_from_EEPROMbuf)
    [Anonymous Symbol]                       0x08003062   Section        0  angle_calc.o(.text.teeth_angle_to_EEPROMbuf)
    tim_delay_init                           0x08003071   Thumb Code    56  tim.o(.text.tim_delay_init)
    [Anonymous Symbol]                       0x08003070   Section        0  tim.o(.text.tim_delay_init)
    __arm_cp.23_0                            0x080030a8   Number         4  tim.o(.text.tim_delay_init)
    timer_bounce_init                        0x080030ad   Thumb Code    72  tim.o(.text.timer_bounce_init)
    [Anonymous Symbol]                       0x080030ac   Section        0  tim.o(.text.timer_bounce_init)
    __arm_cp.24_0                            0x080030f4   Number         4  tim.o(.text.timer_bounce_init)
    __arm_cp.24_1                            0x080030f8   Number         4  tim.o(.text.timer_bounce_init)
    __arm_cp.24_2                            0x080030fc   Number         4  tim.o(.text.timer_bounce_init)
    [Anonymous Symbol]                       0x08003100   Section        0  tim.o(.text.timers_ini)
    .text_divfast                            0x0800310c   Section      502  aeabi_sdivfast.o(.text_divfast)
    i._fgeq                                  0x08003302   Section        0  fcmp.o(i._fgeq)
    i._fgr                                   0x08003318   Section        0  fcmp.o(i._fgr)
    i._is_digit                              0x0800332e   Section        0  __printf_wp.o(i._is_digit)
    i.remainderf                             0x0800333c   Section        0  remainderf.o(i.remainderf)
    i.rintf                                  0x08003360   Section        0  rintf.o(i.rintf)
    x$fpl$fadd                               0x08003368   Section      140  faddsub.o(x$fpl$fadd)
    _fadd1                                   0x08003375   Thumb Code     0  faddsub.o(x$fpl$fadd)
    x$fpl$fgeqf                              0x080033f4   Section       84  fgef.o(x$fpl$fgeqf)
    x$fpl$fmul                               0x08003448   Section      176  fmul.o(x$fpl$fmul)
    x$fpl$fsub                               0x080034f8   Section      208  faddsub.o(x$fpl$fsub)
    _fsub1                                   0x08003505   Thumb Code     0  faddsub.o(x$fpl$fsub)
    maptable                                 0x080035c8   Data          17  __printf_flags_wp.o(.constdata)
    .constdata                               0x080035c8   Section       17  __printf_flags_wp.o(.constdata)
    x$fpl$usenofp                            0x080035c8   Section        0  usenofp.o(x$fpl$usenofp)
    fdiv_tab                                 0x080035d9   Data          64  fdiv.o(.constdata)
    .constdata                               0x080035d9   Section       64  fdiv.o(.constdata)
    OFFSET_TAB_CCMRx                         0x08004326   Data           7  tim.o(.rodata.OFFSET_TAB_CCMRx)
    [Anonymous Symbol]                       0x08004326   Section        0  tim.o(.rodata.OFFSET_TAB_CCMRx)
    SHIFT_TAB_ICxx                           0x0800432d   Data           7  tim.o(.rodata.SHIFT_TAB_ICxx)
    [Anonymous Symbol]                       0x0800432d   Section        0  tim.o(.rodata.SHIFT_TAB_ICxx)
    [Anonymous Symbol]                       0x08004334   Section        0  main.o(.rodata.str1.4)
    .bss                                     0x20000020   Section       96  libspace.o(.bss)
    SSD1306.0                                0x20000090   Data           2  ssd1306.o(.bss.SSD1306.0)
    [Anonymous Symbol]                       0x20000090   Section        0  ssd1306.o(.bss.SSD1306.0)
    SSD1306.1                                0x20000092   Data           2  ssd1306.o(.bss.SSD1306.1)
    [Anonymous Symbol]                       0x20000092   Section        0  ssd1306.o(.bss.SSD1306.1)
    SSD1306.2                                0x20000094   Data           1  ssd1306.o(.bss.SSD1306.2)
    [Anonymous Symbol]                       0x20000094   Section        0  ssd1306.o(.bss.SSD1306.2)
    SSD1306_Buffer                           0x20000098   Data         528  ssd1306.o(.bss.SSD1306_Buffer)
    [Anonymous Symbol]                       0x20000098   Section        0  ssd1306.o(.bss.SSD1306_Buffer)
    scan_keys.key_code                       0x200002fc   Data           2  button.o(.bss.scan_keys.key_code)
    [Anonymous Symbol]                       0x200002fc   Section        0  button.o(.bss.scan_keys.key_code)
    scan_keys.key_state                      0x200002fe   Data           1  button.o(.bss.scan_keys.key_state)
    [Anonymous Symbol]                       0x200002fe   Section        0  button.o(.bss.scan_keys.key_state)
    temp                                     0x20000300   Data           2  ssd1306_interface.o(.bss.temp)
    [Anonymous Symbol]                       0x20000300   Section        0  ssd1306_interface.o(.bss.temp)
    Heap_Mem                                 0x20000308   Data         512  startup_stm32f042x6.o(HEAP)
    HEAP                                     0x20000308   Section      512  startup_stm32f042x6.o(HEAP)
    Stack_Mem                                0x20000508   Data        1024  startup_stm32f042x6.o(STACK)
    STACK                                    0x20000508   Section     1024  startup_stm32f042x6.o(STACK)
    __initial_sp                             0x20000908   Data           0  startup_stm32f042x6.o(STACK)

    Global Symbols

    Symbol Name                              Value     Ov Type        Size  Object(Section)

    BuildAttributes$$THM_ISAv3M$S$PE$A:L22$X:L11$S22$IEEE1$IW$~IW$USESV6$~STKCKD$USESV7$~SHL$OTIME$ROPI$IEEEJ$EBA8$UX$STANDARDLIB$REQ8$PRES8$EABIv2 0x00000000   Number         0  anon$$obj.o ABSOLUTE
    _printf_flags                            0x00000000   Number         0  printf_stubs.o ABSOLUTE
    _printf_return_value                     0x00000000   Number         0  printf_stubs.o ABSOLUTE
    _printf_sizespec                         0x00000000   Number         0  printf_stubs.o ABSOLUTE
    _printf_widthprec                        0x00000000   Number         0  printf_stubs.o ABSOLUTE
    __ARM_exceptions_init                     - Undefined Weak Reference
    __alloca_initialize                       - Undefined Weak Reference
    __arm_preinit_                            - Undefined Weak Reference
    __cpp_initialize__aeabi_                  - Undefined Weak Reference
    __cxa_finalize                            - Undefined Weak Reference
    __rt_locale                               - Undefined Weak Reference
    __sigvec_lookup                           - Undefined Weak Reference
    _atexit_init                              - Undefined Weak Reference
    _call_atexit_fns                          - Undefined Weak Reference
    _clock_init                               - Undefined Weak Reference
    _fp_trap_init                             - Undefined Weak Reference
    _fp_trap_shutdown                         - Undefined Weak Reference
    _get_lc_collate                           - Undefined Weak Reference
    _get_lc_ctype                             - Undefined Weak Reference
    _get_lc_monetary                          - Undefined Weak Reference
    _get_lc_numeric                           - Undefined Weak Reference
    _get_lc_time                              - Undefined Weak Reference
    _getenv_init                              - Undefined Weak Reference
    _handle_redirection                       - Undefined Weak Reference
    _init_alloc                               - Undefined Weak Reference
    _init_user_alloc                          - Undefined Weak Reference
    _initio                                   - Undefined Weak Reference
    _printf_truncate_signed                   - Undefined Weak Reference
    _printf_truncate_unsigned                 - Undefined Weak Reference
    _rand_init                                - Undefined Weak Reference
    _signal_finish                            - Undefined Weak Reference
    _signal_init                              - Undefined Weak Reference
    _terminate_alloc                          - Undefined Weak Reference
    _terminate_user_alloc                     - Undefined Weak Reference
    _terminateio                              - Undefined Weak Reference
    __Vectors_Size                           0x000000c0   Number         0  startup_stm32f042x6.o ABSOLUTE
    __Vectors                                0x08000000   Data           4  startup_stm32f042x6.o(RESET)
    __Vectors_End                            0x080000c0   Data           0  startup_stm32f042x6.o(RESET)
    __main                                   0x080000c1   Thumb Code     8  __main.o(!!!main)
    __scatterload                            0x080000c9   Thumb Code     0  __scatter.o(!!!scatter)
    __scatterload_rt2                        0x080000c9   Thumb Code    52  __scatter.o(!!!scatter)
    __scatterload_rt2_thumb_only             0x080000c9   Thumb Code     0  __scatter.o(!!!scatter)
    __scatterload_null                       0x080000d9   Thumb Code     0  __scatter.o(!!!scatter)
    __scatterload_copy                       0x08000105   Thumb Code    26  __scatter_copy.o(!!handler_copy)
    __scatterload_zeroinit                   0x08000121   Thumb Code    28  __scatter_zi.o(!!handler_zi)
    _printf_percent                          0x0800013d   Thumb Code     0  _printf_percent.o(.ARM.Collect$$_printf_percent$$00000000)
    _printf_d                                0x0800013f   Thumb Code     0  _printf_d.o(.ARM.Collect$$_printf_percent$$00000009)
    _printf_percent_end                      0x08000149   Thumb Code     0  _printf_percent_end.o(.ARM.Collect$$_printf_percent$$00000017)
    __rt_lib_init                            0x0800014d   Thumb Code     0  libinit.o(.ARM.Collect$$libinit$$00000000)
    __rt_lib_init_alloca_1                   0x0800014f   Thumb Code     0  libinit2.o(.ARM.Collect$$libinit$$0000002E)
    __rt_lib_init_argv_1                     0x0800014f   Thumb Code     0  libinit2.o(.ARM.Collect$$libinit$$0000002C)
    __rt_lib_init_atexit_1                   0x0800014f   Thumb Code     0  libinit2.o(.ARM.Collect$$libinit$$0000001B)
    __rt_lib_init_clock_1                    0x0800014f   Thumb Code     0  libinit2.o(.ARM.Collect$$libinit$$00000021)
    __rt_lib_init_cpp_1                      0x0800014f   Thumb Code     0  libinit2.o(.ARM.Collect$$libinit$$00000032)
    __rt_lib_init_exceptions_1               0x0800014f   Thumb Code     0  libinit2.o(.ARM.Collect$$libinit$$00000030)
    __rt_lib_init_fp_1                       0x0800014f   Thumb Code     0  libinit2.o(.ARM.Collect$$libinit$$00000002)
    __rt_lib_init_fp_trap_1                  0x0800014f   Thumb Code     0  libinit2.o(.ARM.Collect$$libinit$$0000001F)
    __rt_lib_init_getenv_1                   0x0800014f   Thumb Code     0  libinit2.o(.ARM.Collect$$libinit$$00000023)
    __rt_lib_init_heap_1                     0x0800014f   Thumb Code     0  libinit2.o(.ARM.Collect$$libinit$$0000000A)
    __rt_lib_init_lc_collate_1               0x0800014f   Thumb Code     0  libinit2.o(.ARM.Collect$$libinit$$00000011)
    __rt_lib_init_lc_ctype_1                 0x0800014f   Thumb Code     0  libinit2.o(.ARM.Collect$$libinit$$00000013)
    __rt_lib_init_lc_monetary_1              0x0800014f   Thumb Code     0  libinit2.o(.ARM.Collect$$libinit$$00000015)
    __rt_lib_init_lc_numeric_1               0x0800014f   Thumb Code     0  libinit2.o(.ARM.Collect$$libinit$$00000017)
    __rt_lib_init_lc_time_1                  0x0800014f   Thumb Code     0  libinit2.o(.ARM.Collect$$libinit$$00000019)
    __rt_lib_init_preinit_1                  0x0800014f   Thumb Code     0  libinit2.o(.ARM.Collect$$libinit$$00000004)
    __rt_lib_init_rand_1                     0x0800014f   Thumb Code     0  libinit2.o(.ARM.Collect$$libinit$$0000000E)
    __rt_lib_init_return                     0x0800014f   Thumb Code     0  libinit2.o(.ARM.Collect$$libinit$$00000033)
    __rt_lib_init_signal_1                   0x0800014f   Thumb Code     0  libinit2.o(.ARM.Collect$$libinit$$0000001D)
    __rt_lib_init_stdio_1                    0x0800014f   Thumb Code     0  libinit2.o(.ARM.Collect$$libinit$$00000025)
    __rt_lib_init_user_alloc_1               0x0800014f   Thumb Code     0  libinit2.o(.ARM.Collect$$libinit$$0000000C)
    __rt_lib_shutdown                        0x08000151   Thumb Code     0  libshutdown.o(.ARM.Collect$$libshutdown$$00000000)
    __rt_lib_shutdown_cpp_1                  0x08000153   Thumb Code     0  libshutdown2.o(.ARM.Collect$$libshutdown$$00000002)
    __rt_lib_shutdown_fp_trap_1              0x08000153   Thumb Code     0  libshutdown2.o(.ARM.Collect$$libshutdown$$00000007)
    __rt_lib_shutdown_heap_1                 0x08000153   Thumb Code     0  libshutdown2.o(.ARM.Collect$$libshutdown$$0000000F)
    __rt_lib_shutdown_return                 0x08000153   Thumb Code     0  libshutdown2.o(.ARM.Collect$$libshutdown$$00000010)
    __rt_lib_shutdown_signal_1               0x08000153   Thumb Code     0  libshutdown2.o(.ARM.Collect$$libshutdown$$0000000A)
    __rt_lib_shutdown_stdio_1                0x08000153   Thumb Code     0  libshutdown2.o(.ARM.Collect$$libshutdown$$00000004)
    __rt_lib_shutdown_user_alloc_1           0x08000153   Thumb Code     0  libshutdown2.o(.ARM.Collect$$libshutdown$$0000000C)
    __rt_entry                               0x08000155   Thumb Code     0  __rtentry.o(.ARM.Collect$$rtentry$$00000000)
    __rt_entry_presh_1                       0x08000155   Thumb Code     0  __rtentry2.o(.ARM.Collect$$rtentry$$00000002)
    __rt_entry_sh                            0x08000155   Thumb Code     0  __rtentry4.o(.ARM.Collect$$rtentry$$00000004)
    __rt_entry_li                            0x0800015b   Thumb Code     0  __rtentry2.o(.ARM.Collect$$rtentry$$0000000A)
    __rt_entry_postsh_1                      0x0800015b   Thumb Code     0  __rtentry2.o(.ARM.Collect$$rtentry$$00000009)
    __rt_entry_main                          0x0800015f   Thumb Code     0  __rtentry2.o(.ARM.Collect$$rtentry$$0000000D)
    __rt_entry_postli_1                      0x0800015f   Thumb Code     0  __rtentry2.o(.ARM.Collect$$rtentry$$0000000C)
    __rt_exit                                0x08000167   Thumb Code     0  rtexit.o(.ARM.Collect$$rtexit$$00000000)
    __rt_exit_ls                             0x08000169   Thumb Code     0  rtexit2.o(.ARM.Collect$$rtexit$$00000003)
    __rt_exit_prels_1                        0x08000169   Thumb Code     0  rtexit2.o(.ARM.Collect$$rtexit$$00000002)
    __rt_exit_exit                           0x0800016d   Thumb Code     0  rtexit2.o(.ARM.Collect$$rtexit$$00000004)
    __aeabi_memcpy4                          0x08000175   Thumb Code    56  rt_memcpy.o(.emb_text)
    __aeabi_memcpy8                          0x08000175   Thumb Code     0  rt_memcpy.o(.emb_text)
    Reset_Handler                            0x080001ad   Thumb Code    38  startup_stm32f042x6.o(.text)
    ADC1_IRQHandler                          0x080001dd   Thumb Code     0  startup_stm32f042x6.o(.text)
    CEC_CAN_IRQHandler                       0x080001dd   Thumb Code     0  startup_stm32f042x6.o(.text)
    DMA1_Channel1_IRQHandler                 0x080001dd   Thumb Code     0  startup_stm32f042x6.o(.text)
    DMA1_Channel2_3_IRQHandler               0x080001dd   Thumb Code     0  startup_stm32f042x6.o(.text)
    DMA1_Channel4_5_IRQHandler               0x080001dd   Thumb Code     0  startup_stm32f042x6.o(.text)
    EXTI0_1_IRQHandler                       0x080001dd   Thumb Code     0  startup_stm32f042x6.o(.text)
    EXTI2_3_IRQHandler                       0x080001dd   Thumb Code     0  startup_stm32f042x6.o(.text)
    EXTI4_15_IRQHandler                      0x080001dd   Thumb Code     0  startup_stm32f042x6.o(.text)
    FLASH_IRQHandler                         0x080001dd   Thumb Code     0  startup_stm32f042x6.o(.text)
    I2C1_IRQHandler                          0x080001dd   Thumb Code     0  startup_stm32f042x6.o(.text)
    PVD_VDDIO2_IRQHandler                    0x080001dd   Thumb Code     0  startup_stm32f042x6.o(.text)
    RCC_CRS_IRQHandler                       0x080001dd   Thumb Code     0  startup_stm32f042x6.o(.text)
    RTC_IRQHandler                           0x080001dd   Thumb Code     0  startup_stm32f042x6.o(.text)
    SPI1_IRQHandler                          0x080001dd   Thumb Code     0  startup_stm32f042x6.o(.text)
    SPI2_IRQHandler                          0x080001dd   Thumb Code     0  startup_stm32f042x6.o(.text)
    TIM14_IRQHandler                         0x080001dd   Thumb Code     0  startup_stm32f042x6.o(.text)
    TIM17_IRQHandler                         0x080001dd   Thumb Code     0  startup_stm32f042x6.o(.text)
    TIM1_BRK_UP_TRG_COM_IRQHandler           0x080001dd   Thumb Code     0  startup_stm32f042x6.o(.text)
    TIM1_CC_IRQHandler                       0x080001dd   Thumb Code     0  startup_stm32f042x6.o(.text)
    TIM2_IRQHandler                          0x080001dd   Thumb Code     0  startup_stm32f042x6.o(.text)
    TIM3_IRQHandler                          0x080001dd   Thumb Code     0  startup_stm32f042x6.o(.text)
    TSC_IRQHandler                           0x080001dd   Thumb Code     0  startup_stm32f042x6.o(.text)
    USART1_IRQHandler                        0x080001dd   Thumb Code     0  startup_stm32f042x6.o(.text)
    USART2_IRQHandler                        0x080001dd   Thumb Code     0  startup_stm32f042x6.o(.text)
    USB_IRQHandler                           0x080001dd   Thumb Code     0  startup_stm32f042x6.o(.text)
    WWDG_IRQHandler                          0x080001dd   Thumb Code     0  startup_stm32f042x6.o(.text)
    __user_initial_stackheap                 0x080001e1   Thumb Code     0  startup_stm32f042x6.o(.text)
    __2snprintf                              0x08000221   Thumb Code    50  noretval__2snprintf.o(.text)
    _printf_pre_padding                      0x08000259   Thumb Code    44  _printf_pad.o(.text)
    _printf_post_padding                     0x08000285   Thumb Code    34  _printf_pad.o(.text)
    _printf_int_dec                          0x080002a9   Thumb Code    90  _printf_dec.o(.text)
    __printf                                 0x08000315   Thumb Code   306  __printf_flags_wp.o(.text)
    __aeabi_memcpy                           0x0800044d   Thumb Code   130  rt_memcpy.o(.text)
    __rt_memcpy                              0x0800044d   Thumb Code     0  rt_memcpy.o(.text)
    __aeabi_memset4                          0x080004cf   Thumb Code    18  aeabi_memset4.o(.text)
    __aeabi_memset8                          0x080004cf   Thumb Code     0  aeabi_memset4.o(.text)
    _memset_w                                0x080004e1   Thumb Code    26  rt_memclr.o(.text)
    _memset                                  0x080004fb   Thumb Code    30  rt_memclr.o(.text)
    __aeabi_memclr                           0x08000519   Thumb Code     4  rt_memclr.o(.text)
    __rt_memclr                              0x08000519   Thumb Code     0  rt_memclr.o(.text)
    __aeabi_memclr4                          0x0800051d   Thumb Code     0  rt_memclr.o(.text)
    __aeabi_memclr8                          0x0800051d   Thumb Code     0  rt_memclr.o(.text)
    __rt_memclr_w                            0x0800051d   Thumb Code     4  rt_memclr.o(.text)
    __use_two_region_memory                  0x08000521   Thumb Code     2  heapauxi.o(.text)
    __rt_heap_escrow$2region                 0x08000523   Thumb Code     2  heapauxi.o(.text)
    __rt_heap_expand$2region                 0x08000525   Thumb Code     2  heapauxi.o(.text)
    __aeabi_fdiv                             0x08000529   Thumb Code     0  fdiv.o(.text)
    _fdiv                                    0x08000529   Thumb Code   334  fdiv.o(.text)
    _frdiv                                   0x08000677   Thumb Code     8  fdiv.o(.text)
    __aeabi_f2uiz                            0x08000689   Thumb Code     0  ffixui.o(.text)
    _ffixu                                   0x08000689   Thumb Code    48  ffixui.o(.text)
    __aeabi_i2f_normalise                    0x080006b9   Thumb Code    72  fflti.o(.text)
    __aeabi_i2f                              0x08000701   Thumb Code    16  fflti.o(.text)
    _fflt                                    0x08000701   Thumb Code     0  fflti.o(.text)
    __aeabi_ui2f                             0x08000711   Thumb Code     6  fflti.o(.text)
    _ffltu                                   0x08000711   Thumb Code     0  fflti.o(.text)
    __read_errno                             0x08000717   Thumb Code    10  _rserrno.o(.text)
    __set_errno                              0x08000721   Thumb Code    12  _rserrno.o(.text)
    _printf_int_common                       0x0800072d   Thumb Code   176  _printf_intcommon.o(.text)
    _printf_char_common                      0x080007e7   Thumb Code    32  _printf_char_common.o(.text)
    _sputc                                   0x0800080d   Thumb Code    10  _sputc.o(.text)
    _snputc                                  0x08000817   Thumb Code    16  _snputc.o(.text)
    __rt_udiv10                              0x08000827   Thumb Code    40  rtudiv10.o(.text)
    _frem                                    0x08000851   Thumb Code   274  frem.o(.text)
    _frnd                                    0x08000969   Thumb Code   122  frnd.o(.text)
    __aeabi_errno_addr                       0x080009e9   Thumb Code     8  rt_errno_addr_intlibspace.o(.text)
    __errno$intlibspace                      0x080009e9   Thumb Code     0  rt_errno_addr_intlibspace.o(.text)
    __rt_errno_addr$intlibspace              0x080009e9   Thumb Code     0  rt_errno_addr_intlibspace.o(.text)
    __fpl_fcmp_InfNaN                        0x080009f1   Thumb Code    96  fcmpin.o(.text)
    __user_libspace                          0x08000a55   Thumb Code     8  libspace.o(.text)
    __user_perproc_libspace                  0x08000a55   Thumb Code     0  libspace.o(.text)
    __user_perthread_libspace                0x08000a55   Thumb Code     0  libspace.o(.text)
    __user_setup_stackheap                   0x08000a5d   Thumb Code    62  sys_stackheap_outer.o(.text)
    exit                                     0x08000a9b   Thumb Code    16  exit.o(.text)
    __fpl_cmpreturn                          0x08000aab   Thumb Code    46  cmpret.o(.text)
    __fpl_fcheck_NaN2                        0x08000ad9   Thumb Code    10  fnan2.o(.text)
    __fpl_return_NaN                         0x08000ae9   Thumb Code    94  retnan.o(.text)
    _sys_exit                                0x08000b49   Thumb Code     8  sys_exit.o(.text)
    __I$use$semihosting                      0x08000b55   Thumb Code     0  use_no_semi.o(.text)
    __use_no_semihosting_swi                 0x08000b55   Thumb Code     2  use_no_semi.o(.text)
    AngleShaftReset                          0x08000b57   Thumb Code     8  angle_calc.o(.text.AngleShaftReset)
    __semihosting_library_function           0x08000b57   Thumb Code     0  indicate_semi.o(.text)
    EEPROM_ReadBytes                         0x08000b5f   Thumb Code    18  eeprom.o(.text.EEPROM_ReadBytes)
    EEPROM_WriteBytes                        0x08000b71   Thumb Code    18  eeprom.o(.text.EEPROM_WriteBytes)
    Error_Handler                            0x08000b83   Thumb Code     8  main.o(.text.Error_Handler)
    GetAngleShaft_from_Seconds               0x08000b8b   Thumb Code    44  angle_calc.o(.text.GetAngleShaft_from_Seconds)
    GetMilAngleTeeth                         0x08000bb9   Thumb Code    24  angle_calc.o(.text.GetMilAngleTeeth)
    GetSetAngle_from_Seconds                 0x08000bd5   Thumb Code    44  angle_calc.o(.text.GetSetAngle_from_Seconds)
    GetSetShaftAngle_from_Seconds            0x08000c01   Thumb Code    44  angle_calc.o(.text.GetSetShaftAngle_from_Seconds)
    HAL_Delay                                0x08000c2d   Thumb Code    32  stm32f0xx_hal.o(.text.HAL_Delay)
    HAL_GetTick                              0x08000c4d   Thumb Code     8  stm32f0xx_hal.o(.text.HAL_GetTick)
    HAL_IncTick                              0x08000c55   Thumb Code    16  stm32f0xx_hal.o(.text.HAL_IncTick)
    HAL_Init                                 0x08000c69   Thumb Code    28  stm32f0xx_hal.o(.text.HAL_Init)
    HAL_InitTick                             0x08000c85   Thumb Code    60  stm32f0xx_hal.o(.text.HAL_InitTick)
    HAL_MspInit                              0x08000cc9   Thumb Code    40  stm32f0xx_hal_msp.o(.text.HAL_MspInit)
    HAL_NVIC_SetPriority                     0x08000cf5   Thumb Code     8  stm32f0xx_hal_cortex.o(.text.HAL_NVIC_SetPriority)
    HAL_RCCEx_PeriphCLKConfig                0x08000cfd   Thumb Code   284  stm32f0xx_hal_rcc_ex.o(.text.HAL_RCCEx_PeriphCLKConfig)
    HAL_RCC_ClockConfig                      0x08000e25   Thumb Code   276  stm32f0xx_hal_rcc.o(.text.HAL_RCC_ClockConfig)
    HAL_RCC_GetSysClockFreq                  0x08000f49   Thumb Code    76  stm32f0xx_hal_rcc.o(.text.HAL_RCC_GetSysClockFreq)
    HAL_RCC_OscConfig                        0x08000fc1   Thumb Code  1112  stm32f0xx_hal_rcc.o(.text.HAL_RCC_OscConfig)
    HAL_SYSTICK_Config                       0x08001421   Thumb Code     8  stm32f0xx_hal_cortex.o(.text.HAL_SYSTICK_Config)
    HardFault_Handler                        0x08001429   Thumb Code     2  stm32f0xx_it.o(.text.HardFault_Handler)
    LL_GPIO_Init                             0x080014d9   Thumb Code   128  stm32f0xx_ll_gpio.o(.text.LL_GPIO_Init)
    LL_I2C_Init                              0x080016cd   Thumb Code    82  stm32f0xx_ll_i2c.o(.text.LL_I2C_Init)
    LL_TIM_Init                              0x080018e9   Thumb Code   152  stm32f0xx_ll_tim.o(.text.LL_TIM_Init)
    MX_GPIO_Init                             0x080019d5   Thumb Code   236  gpio.o(.text.MX_GPIO_Init)
    MX_I2C1_Init                             0x08001ac9   Thumb Code   160  i2c.o(.text.MX_I2C1_Init)
    MX_TIM3_Init                             0x08001b6d   Thumb Code   196  tim.o(.text.MX_TIM3_Init)
    MilAngleTeethReset                       0x08001c39   Thumb Code    20  angle_calc.o(.text.MilAngleTeethReset)
    MilAngleTeeth_from_Seconds               0x08001c51   Thumb Code    44  angle_calc.o(.text.MilAngleTeeth_from_Seconds)
    MilingFlagReset                          0x08001c7d   Thumb Code    14  angle_calc.o(.text.MilingFlagReset)
    NMI_Handler                              0x08001c8b   Thumb Code     2  stm32f0xx_it.o(.text.NMI_Handler)
    PendSV_Handler                           0x08001c8d   Thumb Code     2  stm32f0xx_it.o(.text.PendSV_Handler)
    RemainTeethReset                         0x08001c8f   Thumb Code     6  angle_calc.o(.text.RemainTeethReset)
    SSD1306_Clear_Screen                     0x08001c95   Thumb Code    14  ssd1306.o(.text.SSD1306_Clear_Screen)
    SSD1306_DrawPixel                        0x08001ca5   Thumb Code    60  ssd1306.o(.text.SSD1306_DrawPixel)
    SSD1306_Fill                             0x08001ce1   Thumb Code    32  ssd1306.o(.text.SSD1306_Fill)
    SSD1306_GotoXY                           0x08001d05   Thumb Code    12  ssd1306.o(.text.SSD1306_GotoXY)
    SSD1306_PutChar                          0x08001d11   Thumb Code   152  ssd1306.o(.text.SSD1306_PutChar)
    SSD1306_PutString                        0x08001db1   Thumb Code    52  ssd1306.o(.text.SSD1306_PutString)
    SSD1306_UpdateScreen                     0x08001de5   Thumb Code    48  ssd1306.o(.text.SSD1306_UpdateScreen)
    SVC_Handler                              0x08001e19   Thumb Code     2  stm32f0xx_it.o(.text.SVC_Handler)
    SetAngleReset                            0x08001e1b   Thumb Code    14  angle_calc.o(.text.SetAngleReset)
    SetAngle_in_Seconds                      0x08001e29   Thumb Code    28  angle_calc.o(.text.SetAngle_in_Seconds)
    SetupMillingMode                         0x08001e45   Thumb Code   148  main.o(.text.SetupMillingMode)
    SetupRotationMode                        0x08001edd   Thumb Code   116  main.o(.text.SetupRotationMode)
    SysTick_Handler                          0x08001f85   Thumb Code     8  stm32f0xx_it.o(.text.SysTick_Handler)
    SystemClock_Config                       0x08001f8d   Thumb Code   116  main.o(.text.SystemClock_Config)
    SystemInit                               0x08002001   Thumb Code     2  system_stm32f0xx.o(.text.SystemInit)
    TIM16_IRQHandler                         0x08002005   Thumb Code    36  tim.o(.text.TIM16_IRQHandler)
    angle_from_EEPROMbuf                     0x08002095   Thumb Code    46  angle_calc.o(.text.angle_from_EEPROMbuf)
    angle_to_EEPROMbuf                       0x080020c3   Thumb Code    38  angle_calc.o(.text.angle_to_EEPROMbuf)
    calc_passed_angle                        0x080020e9   Thumb Code    30  stanok_math.o(.text.calc_passed_angle)
    calc_steps_milling                       0x08002109   Thumb Code   128  stanok_math.o(.text.calc_steps_milling)
    calc_steps_mode1                         0x08002189   Thumb Code   128  stanok_math.o(.text.calc_steps_mode1)
    default_screen_mode1                     0x08002211   Thumb Code    60  ssd1306.o(.text.default_screen_mode1)
    default_screen_mode2                     0x0800225d   Thumb Code    56  ssd1306.o(.text.default_screen_mode2)
    delay_us                                 0x080022a9   Thumb Code    52  tim.o(.text.delay_us)
    encoder_init                             0x080022e1   Thumb Code    32  tim.o(.text.encoder_init)
    encoder_reset                            0x08002305   Thumb Code    36  drive.o(.text.encoder_reset)
    i2c_read_array                           0x0800232d   Thumb Code   104  i2c.o(.text.i2c_read_array)
    i2c_write_buffer_16bit_registr           0x08002399   Thumb Code    96  i2c.o(.text.i2c_write_buffer_16bit_registr)
    i2c_write_buffer_8bit_registr            0x080023f9   Thumb Code    80  i2c.o(.text.i2c_write_buffer_8bit_registr)
    i2c_write_byte                           0x08002449   Thumb Code    60  i2c.o(.text.i2c_write_byte)
    init_setup                               0x08002489   Thumb Code   140  main.o(.text.init_setup)
    left_rotate_to_zero                      0x08002515   Thumb Code    60  drive.o(.text.left_rotate_to_zero)
    left_teeth_rotation                      0x08002551   Thumb Code    52  drive.o(.text.left_teeth_rotation)
    main                                     0x0800258d   Thumb Code   616  main.o(.text.main)
    milling_step                             0x0800281d   Thumb Code   148  drive.o(.text.milling_step)
    read_enc_shaft_rotation                  0x080028b9   Thumb Code   112  drive.o(.text.read_enc_shaft_rotation)
    repeat_time                              0x0800292d   Thumb Code    36  tim.o(.text.repeat_time)
    return_mode_screen                       0x08002955   Thumb Code    44  ssd1306.o(.text.return_mode_screen)
    right_rotate_to_zero                     0x0800298d   Thumb Code    68  drive.o(.text.right_rotate_to_zero)
    right_teeth_rotation                     0x080029d5   Thumb Code    56  drive.o(.text.right_teeth_rotation)
    rotate_step                              0x08002a15   Thumb Code    64  drive.o(.text.rotate_step)
    scan_keys                                0x08002aa5   Thumb Code   264  button.o(.text.scan_keys)
    select_rotation_mode_screen              0x08002bc1   Thumb Code    48  ssd1306.o(.text.select_rotation_mode_screen)
    set_angle                                0x08002bfd   Thumb Code    84  drive.o(.text.set_angle)
    set_teeth_gear                           0x08002c59   Thumb Code    80  drive.o(.text.set_teeth_gear)
    setangle_mode_screen                     0x08002cad   Thumb Code    60  ssd1306.o(.text.setangle_mode_screen)
    setteeth_mode_screen                     0x08002cf9   Thumb Code    48  ssd1306.o(.text.setteeth_mode_screen)
    ssd1306_Init                             0x08002d39   Thumb Code   180  ssd1306.o(.text.ssd1306_Init)
    ssd1306_SendCommand                      0x08002df5   Thumb Code    20  ssd1306_interface.o(.text.ssd1306_SendCommand)
    ssd1306_SendDataBuffer                   0x08002e0d   Thumb Code    16  ssd1306_interface.o(.text.ssd1306_SendDataBuffer)
    step_angle                               0x08002e1d   Thumb Code   340  drive.o(.text.step_angle)
    step_by_step                             0x08002f79   Thumb Code   172  drive.o(.text.step_by_step)
    steps_for_back_to_zero                   0x08003035   Thumb Code    28  stanok_math.o(.text.steps_for_back_to_zero)
    teeth_angle_from_EEPROMbuf               0x08003055   Thumb Code    14  angle_calc.o(.text.teeth_angle_from_EEPROMbuf)
    teeth_angle_to_EEPROMbuf                 0x08003063   Thumb Code    14  angle_calc.o(.text.teeth_angle_to_EEPROMbuf)
    timers_ini                               0x08003101   Thumb Code    12  tim.o(.text.timers_ini)
    __aeabi_uidiv                            0x0800310d   Thumb Code    68  aeabi_sdivfast.o(.text_divfast)
    __aeabi_idiv                             0x08003151   Thumb Code   434  aeabi_sdivfast.o(.text_divfast)
    __aeabi_fcmpge                           0x08003303   Thumb Code     0  fcmp.o(i._fgeq)
    _fgeq                                    0x08003303   Thumb Code    22  fcmp.o(i._fgeq)
    __aeabi_fcmpgt                           0x08003319   Thumb Code     0  fcmp.o(i._fgr)
    _fgr                                     0x08003319   Thumb Code    22  fcmp.o(i._fgr)
    _is_digit                                0x0800332f   Thumb Code    14  __printf_wp.o(i._is_digit)
    remainderf                               0x0800333d   Thumb Code    36  remainderf.o(i.remainderf)
    rintf                                    0x08003361   Thumb Code     8  rintf.o(i.rintf)
    __aeabi_fadd                             0x08003369   Thumb Code     0  faddsub.o(x$fpl$fadd)
    _fadd                                    0x08003369   Thumb Code   134  faddsub.o(x$fpl$fadd)
    _fcmpge                                  0x080033f5   Thumb Code    78  fgef.o(x$fpl$fgeqf)
    __aeabi_fmul                             0x08003449   Thumb Code     0  fmul.o(x$fpl$fmul)
    _fmul                                    0x08003449   Thumb Code   172  fmul.o(x$fpl$fmul)
    __aeabi_fsub                             0x080034f9   Thumb Code     0  faddsub.o(x$fpl$fsub)
    _fsub                                    0x080034f9   Thumb Code   204  faddsub.o(x$fpl$fsub)
    __I$use$fp                               0x080035c8   Number         0  usenofp.o(x$fpl$usenofp)
    AHBPrescTable                            0x08003619   Data          16  system_stm32f0xx.o(.rodata.AHBPrescTable)
    Font11x18                                0x0800362a   Data        2124  fonts.o(.rodata.Font11x18)
    Font7x10                                 0x08003e76   Data        1200  fonts.o(.rodata.Font7x10)
    Region$$Table$$Base                      0x08004340   Number         0  anon$$obj.o(Region$$Table)
    Region$$Table$$Limit                     0x08004360   Number         0  anon$$obj.o(Region$$Table)
    Font_11x18                               0x20000000   Data           8  fonts.o(.data.Font_11x18)
    Font_7x10                                0x20000008   Data           8  fonts.o(.data.Font_7x10)
    SystemCoreClock                          0x20000010   Data           4  system_stm32f0xx.o(.data.SystemCoreClock)
    step_unit                                0x20000014   Data           4  drive.o(.data.step_unit)
    uwTickFreq                               0x20000018   Data           1  stm32f0xx_hal.o(.data.uwTickFreq)
    uwTickPrio                               0x2000001c   Data           4  stm32f0xx_hal.o(.data.uwTickPrio)
    __libspace_start                         0x20000020   Data          96  libspace.o(.bss)
    LCD_buff                                 0x20000080   Data          16  ssd1306.o(.bss.LCD_buff)
    __temporary_stack_top$libspace           0x20000080   Data           0  libspace.o(.bss)
    count_autorepeat                         0x200002a8   Data           1  button.o(.bss.count_autorepeat)
    curr_rotation                            0x200002ac   Data          24  main.o(.bss.curr_rotation)
    eeprom_tx_buffer                         0x200002c4   Data          15  eeprom.o(.bss.eeprom_tx_buffer)
    encoder_data                             0x200002d4   Data          20  main.o(.bss.encoder_data)
    end_bounce                               0x200002e8   Data           1  tim.o(.bss.end_bounce)
    key_code                                 0x200002ea   Data           2  main.o(.bss.key_code)
    milling_mode                             0x200002ec   Data          16  main.o(.bss.milling_mode)
    status_flag                              0x200002ff   Data           1  main.o(.bss.status_flag)
    uwTick                                   0x20000304   Data           4  stm32f0xx_hal.o(.bss.uwTick)



==============================================================================

Memory Map of the image

  Image Entry point : 0x080000c1

  Load Region LR_IROM1 (Base: 0x08000000, Size: 0x00004380, Max: 0x00008000, ABSOLUTE)

    Execution Region ER_IROM1 (Exec base: 0x08000000, Load base: 0x08000000, Size: 0x00004360, Max: 0x00008000, ABSOLUTE)

    Exec Addr    Load Addr    Size         Type   Attr      Idx    E Section Name        Object

    0x08000000   0x08000000   0x000000c0   Data   RO            3    RESET               startup_stm32f042x6.o
    0x080000c0   0x080000c0   0x00000008   Code   RO         1424  * !!!main             c_p.l(__main.o)
    0x080000c8   0x080000c8   0x0000003c   Code   RO         1671    !!!scatter          c_p.l(__scatter.o)
    0x08000104   0x08000104   0x0000001a   Code   RO         1673    !!handler_copy      c_p.l(__scatter_copy.o)
    0x0800011e   0x0800011e   0x00000002   PAD
    0x08000120   0x08000120   0x0000001c   Code   RO         1675    !!handler_zi        c_p.l(__scatter_zi.o)
    0x0800013c   0x0800013c   0x00000002   Code   RO         1403    .ARM.Collect$$_printf_percent$$00000000  c_p.l(_printf_percent.o)
    0x0800013e   0x0800013e   0x0000000a   Code   RO         1402    .ARM.Collect$$_printf_percent$$00000009  c_p.l(_printf_d.o)
    0x08000148   0x08000148   0x00000004   Code   RO         1474    .ARM.Collect$$_printf_percent$$00000017  c_p.l(_printf_percent_end.o)
    0x0800014c   0x0800014c   0x00000002   Code   RO         1531    .ARM.Collect$$libinit$$00000000  c_p.l(libinit.o)
    0x0800014e   0x0800014e   0x00000000   Code   RO         1546    .ARM.Collect$$libinit$$00000002  c_p.l(libinit2.o)
    0x0800014e   0x0800014e   0x00000000   Code   RO         1548    .ARM.Collect$$libinit$$00000004  c_p.l(libinit2.o)
    0x0800014e   0x0800014e   0x00000000   Code   RO         1551    .ARM.Collect$$libinit$$0000000A  c_p.l(libinit2.o)
    0x0800014e   0x0800014e   0x00000000   Code   RO         1553    .ARM.Collect$$libinit$$0000000C  c_p.l(libinit2.o)
    0x0800014e   0x0800014e   0x00000000   Code   RO         1555    .ARM.Collect$$libinit$$0000000E  c_p.l(libinit2.o)
    0x0800014e   0x0800014e   0x00000000   Code   RO         1558    .ARM.Collect$$libinit$$00000011  c_p.l(libinit2.o)
    0x0800014e   0x0800014e   0x00000000   Code   RO         1560    .ARM.Collect$$libinit$$00000013  c_p.l(libinit2.o)
    0x0800014e   0x0800014e   0x00000000   Code   RO         1562    .ARM.Collect$$libinit$$00000015  c_p.l(libinit2.o)
    0x0800014e   0x0800014e   0x00000000   Code   RO         1564    .ARM.Collect$$libinit$$00000017  c_p.l(libinit2.o)
    0x0800014e   0x0800014e   0x00000000   Code   RO         1566    .ARM.Collect$$libinit$$00000019  c_p.l(libinit2.o)
    0x0800014e   0x0800014e   0x00000000   Code   RO         1568    .ARM.Collect$$libinit$$0000001B  c_p.l(libinit2.o)
    0x0800014e   0x0800014e   0x00000000   Code   RO         1570    .ARM.Collect$$libinit$$0000001D  c_p.l(libinit2.o)
    0x0800014e   0x0800014e   0x00000000   Code   RO         1572    .ARM.Collect$$libinit$$0000001F  c_p.l(libinit2.o)
    0x0800014e   0x0800014e   0x00000000   Code   RO         1574    .ARM.Collect$$libinit$$00000021  c_p.l(libinit2.o)
    0x0800014e   0x0800014e   0x00000000   Code   RO         1576    .ARM.Collect$$libinit$$00000023  c_p.l(libinit2.o)
    0x0800014e   0x0800014e   0x00000000   Code   RO         1578    .ARM.Collect$$libinit$$00000025  c_p.l(libinit2.o)
    0x0800014e   0x0800014e   0x00000000   Code   RO         1582    .ARM.Collect$$libinit$$0000002C  c_p.l(libinit2.o)
    0x0800014e   0x0800014e   0x00000000   Code   RO         1584    .ARM.Collect$$libinit$$0000002E  c_p.l(libinit2.o)
    0x0800014e   0x0800014e   0x00000000   Code   RO         1586    .ARM.Collect$$libinit$$00000030  c_p.l(libinit2.o)
    0x0800014e   0x0800014e   0x00000000   Code   RO         1588    .ARM.Collect$$libinit$$00000032  c_p.l(libinit2.o)
    0x0800014e   0x0800014e   0x00000002   Code   RO         1589    .ARM.Collect$$libinit$$00000033  c_p.l(libinit2.o)
    0x08000150   0x08000150   0x00000002   Code   RO         1626    .ARM.Collect$$libshutdown$$00000000  c_p.l(libshutdown.o)
    0x08000152   0x08000152   0x00000000   Code   RO         1654    .ARM.Collect$$libshutdown$$00000002  c_p.l(libshutdown2.o)
    0x08000152   0x08000152   0x00000000   Code   RO         1656    .ARM.Collect$$libshutdown$$00000004  c_p.l(libshutdown2.o)
    0x08000152   0x08000152   0x00000000   Code   RO         1659    .ARM.Collect$$libshutdown$$00000007  c_p.l(libshutdown2.o)
    0x08000152   0x08000152   0x00000000   Code   RO         1662    .ARM.Collect$$libshutdown$$0000000A  c_p.l(libshutdown2.o)
    0x08000152   0x08000152   0x00000000   Code   RO         1664    .ARM.Collect$$libshutdown$$0000000C  c_p.l(libshutdown2.o)
    0x08000152   0x08000152   0x00000000   Code   RO         1667    .ARM.Collect$$libshutdown$$0000000F  c_p.l(libshutdown2.o)
    0x08000152   0x08000152   0x00000002   Code   RO         1668    .ARM.Collect$$libshutdown$$00000010  c_p.l(libshutdown2.o)
    0x08000154   0x08000154   0x00000000   Code   RO         1459    .ARM.Collect$$rtentry$$00000000  c_p.l(__rtentry.o)
    0x08000154   0x08000154   0x00000000   Code   RO         1489    .ARM.Collect$$rtentry$$00000002  c_p.l(__rtentry2.o)
    0x08000154   0x08000154   0x00000006   Code   RO         1501    .ARM.Collect$$rtentry$$00000004  c_p.l(__rtentry4.o)
    0x0800015a   0x0800015a   0x00000000   Code   RO         1491    .ARM.Collect$$rtentry$$00000009  c_p.l(__rtentry2.o)
    0x0800015a   0x0800015a   0x00000004   Code   RO         1492    .ARM.Collect$$rtentry$$0000000A  c_p.l(__rtentry2.o)
    0x0800015e   0x0800015e   0x00000000   Code   RO         1494    .ARM.Collect$$rtentry$$0000000C  c_p.l(__rtentry2.o)
    0x0800015e   0x0800015e   0x00000008   Code   RO         1495    .ARM.Collect$$rtentry$$0000000D  c_p.l(__rtentry2.o)
    0x08000166   0x08000166   0x00000002   Code   RO         1537    .ARM.Collect$$rtexit$$00000000  c_p.l(rtexit.o)
    0x08000168   0x08000168   0x00000000   Code   RO         1597    .ARM.Collect$$rtexit$$00000002  c_p.l(rtexit2.o)
    0x08000168   0x08000168   0x00000004   Code   RO         1598    .ARM.Collect$$rtexit$$00000003  c_p.l(rtexit2.o)
    0x0800016c   0x0800016c   0x00000006   Code   RO         1599    .ARM.Collect$$rtexit$$00000004  c_p.l(rtexit2.o)
    0x08000172   0x08000172   0x00000002   PAD
    0x08000174   0x08000174   0x00000038   Code   RO         1406    .emb_text           c_p.l(rt_memcpy.o)
    0x080001ac   0x080001ac   0x00000074   Code   RO            4    .text               startup_stm32f042x6.o
    0x08000220   0x08000220   0x00000038   Code   RO         1374    .text               c_p.l(noretval__2snprintf.o)
    0x08000258   0x08000258   0x0000004e   Code   RO         1378    .text               c_p.l(_printf_pad.o)
    0x080002a6   0x080002a6   0x00000002   PAD
    0x080002a8   0x080002a8   0x0000006c   Code   RO         1380    .text               c_p.l(_printf_dec.o)
    0x08000314   0x08000314   0x00000138   Code   RO         1394    .text               c_p.l(__printf_flags_wp.o)
    0x0800044c   0x0800044c   0x00000082   Code   RO         1407    .text               c_p.l(rt_memcpy.o)
    0x080004ce   0x080004ce   0x00000012   Code   RO         1410    .text               c_p.l(aeabi_memset4.o)
    0x080004e0   0x080004e0   0x00000040   Code   RO         1412    .text               c_p.l(rt_memclr.o)
    0x08000520   0x08000520   0x00000006   Code   RO         1422    .text               c_p.l(heapauxi.o)
    0x08000526   0x08000526   0x00000002   PAD
    0x08000528   0x08000528   0x00000160   Code   RO         1444    .text               fz_ps.l(fdiv.o)
    0x08000688   0x08000688   0x00000030   Code   RO         1447    .text               fz_ps.l(ffixui.o)
    0x080006b8   0x080006b8   0x0000005e   Code   RO         1449    .text               fz_ps.l(fflti.o)
    0x08000716   0x08000716   0x00000016   Code   RO         1464    .text               c_p.l(_rserrno.o)
    0x0800072c   0x0800072c   0x000000b0   Code   RO         1466    .text               c_p.l(_printf_intcommon.o)
    0x080007dc   0x080007dc   0x00000030   Code   RO         1468    .text               c_p.l(_printf_char_common.o)
    0x0800080c   0x0800080c   0x0000000a   Code   RO         1470    .text               c_p.l(_sputc.o)
    0x08000816   0x08000816   0x00000010   Code   RO         1472    .text               c_p.l(_snputc.o)
    0x08000826   0x08000826   0x00000028   Code   RO         1475    .text               c_p.l(rtudiv10.o)
    0x0800084e   0x0800084e   0x00000002   PAD
    0x08000850   0x08000850   0x00000118   Code   RO         1483    .text               fz_ps.l(frem.o)
    0x08000968   0x08000968   0x00000080   Code   RO         1485    .text               fz_ps.l(frnd.o)
    0x080009e8   0x080009e8   0x00000008   Code   RO         1508    .text               c_p.l(rt_errno_addr_intlibspace.o)
    0x080009f0   0x080009f0   0x00000064   Code   RO         1512    .text               fz_ps.l(fcmpin.o)
    0x08000a54   0x08000a54   0x00000008   Code   RO         1514    .text               c_p.l(libspace.o)
    0x08000a5c   0x08000a5c   0x0000003e   Code   RO         1517    .text               c_p.l(sys_stackheap_outer.o)
    0x08000a9a   0x08000a9a   0x00000010   Code   RO         1520    .text               c_p.l(exit.o)
    0x08000aaa   0x08000aaa   0x0000002e   Code   RO         1532    .text               fz_ps.l(cmpret.o)
    0x08000ad8   0x08000ad8   0x00000010   Code   RO         1534    .text               fz_ps.l(fnan2.o)
    0x08000ae8   0x08000ae8   0x0000005e   Code   RO         1590    .text               fz_ps.l(retnan.o)
    0x08000b46   0x08000b46   0x00000002   PAD
    0x08000b48   0x08000b48   0x0000000c   Code   RO         1592    .text               c_p.l(sys_exit.o)
    0x08000b54   0x08000b54   0x00000002   Code   RO         1615    .text               c_p.l(use_no_semi.o)
    0x08000b56   0x08000b56   0x00000000   Code   RO         1617    .text               c_p.l(indicate_semi.o)
    0x08000b56   0x08000b56   0x00000008   Code   RO          212    .text.AngleShaftReset  angle_calc.o
    0x08000b5e   0x08000b5e   0x00000012   Code   RO          261    .text.EEPROM_ReadBytes  eeprom.o
    0x08000b70   0x08000b70   0x00000012   Code   RO          259    .text.EEPROM_WriteBytes  eeprom.o
    0x08000b82   0x08000b82   0x00000008   Code   RO           25    .text.Error_Handler  main.o
    0x08000b8a   0x08000b8a   0x0000002c   Code   RO          208    .text.GetAngleShaft_from_Seconds  angle_calc.o
    0x08000bb6   0x08000bb6   0x00000002   PAD
    0x08000bb8   0x08000bb8   0x0000001c   Code   RO          220    .text.GetMilAngleTeeth  angle_calc.o
    0x08000bd4   0x08000bd4   0x0000002c   Code   RO          204    .text.GetSetAngle_from_Seconds  angle_calc.o
    0x08000c00   0x08000c00   0x0000002c   Code   RO          210    .text.GetSetShaftAngle_from_Seconds  angle_calc.o
    0x08000c2c   0x08000c2c   0x00000020   Code   RO          526    .text.HAL_Delay     stm32f0xx_hal.o
    0x08000c4c   0x08000c4c   0x00000008   Code   RO          518    .text.HAL_GetTick   stm32f0xx_hal.o
    0x08000c54   0x08000c54   0x00000014   Code   RO          516    .text.HAL_IncTick   stm32f0xx_hal.o
    0x08000c68   0x08000c68   0x0000001c   Code   RO          506    .text.HAL_Init      stm32f0xx_hal.o
    0x08000c84   0x08000c84   0x00000044   Code   RO          508    .text.HAL_InitTick  stm32f0xx_hal.o
    0x08000cc8   0x08000cc8   0x0000002c   Code   RO          190    .text.HAL_MspInit   stm32f0xx_hal_msp.o
    0x08000cf4   0x08000cf4   0x00000008   Code   RO          807    .text.HAL_NVIC_SetPriority  stm32f0xx_hal_cortex.o
    0x08000cfc   0x08000cfc   0x00000128   Code   RO          474    .text.HAL_RCCEx_PeriphCLKConfig  stm32f0xx_hal_rcc_ex.o
    0x08000e24   0x08000e24   0x00000124   Code   RO          444    .text.HAL_RCC_ClockConfig  stm32f0xx_hal_rcc.o
    0x08000f48   0x08000f48   0x00000078   Code   RO          446    .text.HAL_RCC_GetSysClockFreq  stm32f0xx_hal_rcc.o
    0x08000fc0   0x08000fc0   0x00000460   Code   RO          442    .text.HAL_RCC_OscConfig  stm32f0xx_hal_rcc.o
    0x08001420   0x08001420   0x00000008   Code   RO          823    .text.HAL_SYSTICK_Config  stm32f0xx_hal_cortex.o
    0x08001428   0x08001428   0x00000002   Code   RO          175    .text.HardFault_Handler  stm32f0xx_it.o
    0x0800142a   0x0800142a   0x00000002   PAD
    0x0800142c   0x0800142c   0x00000018   Code   RO           44    .text.LL_AHB1_GRP1_EnableClock  gpio.o
    0x08001444   0x08001444   0x0000001c   Code   RO           58    .text.LL_AHB1_GRP1_EnableClock  i2c.o
    0x08001460   0x08001460   0x00000020   Code   RO          108    .text.LL_AHB1_GRP1_EnableClock  tim.o
    0x08001480   0x08001480   0x0000001c   Code   RO           60    .text.LL_APB1_GRP1_EnableClock  i2c.o
    0x0800149c   0x0800149c   0x0000001c   Code   RO          106    .text.LL_APB1_GRP1_EnableClock  tim.o
    0x080014b8   0x080014b8   0x00000020   Code   RO          154    .text.LL_APB1_GRP2_EnableClock  tim.o
    0x080014d8   0x080014d8   0x00000080   Code   RO          343    .text.LL_GPIO_Init  stm32f0xx_ll_gpio.o
    0x08001558   0x08001558   0x0000000c   Code   RO          244    .text.LL_GPIO_IsInputPinSet  button.o
    0x08001564   0x08001564   0x0000000c   Code   RO           17    .text.LL_GPIO_ResetOutputPin  main.o
    0x08001570   0x08001570   0x00000004   Code   RO           46    .text.LL_GPIO_ResetOutputPin  gpio.o
    0x08001574   0x08001574   0x00000004   Code   RO          292    .text.LL_GPIO_ResetOutputPin  drive.o
    0x08001578   0x08001578   0x00000014   Code   RO          351    .text.LL_GPIO_SetAFPin_0_7  stm32f0xx_ll_gpio.o
    0x0800158c   0x0800158c   0x00000016   Code   RO          353    .text.LL_GPIO_SetAFPin_8_15  stm32f0xx_ll_gpio.o
    0x080015a2   0x080015a2   0x00000002   PAD
    0x080015a4   0x080015a4   0x0000000c   Code   RO           19    .text.LL_GPIO_SetOutputPin  main.o
    0x080015b0   0x080015b0   0x00000004   Code   RO          294    .text.LL_GPIO_SetOutputPin  drive.o
    0x080015b4   0x080015b4   0x00000012   Code   RO          345    .text.LL_GPIO_SetPinMode  stm32f0xx_ll_gpio.o
    0x080015c6   0x080015c6   0x0000000c   Code   RO          355    .text.LL_GPIO_SetPinOutputType  stm32f0xx_ll_gpio.o
    0x080015d2   0x080015d2   0x00000012   Code   RO          349    .text.LL_GPIO_SetPinPull  stm32f0xx_ll_gpio.o
    0x080015e4   0x080015e4   0x00000012   Code   RO          347    .text.LL_GPIO_SetPinSpeed  stm32f0xx_ll_gpio.o
    0x080015f6   0x080015f6   0x0000000e   Code   RO          391    .text.LL_I2C_AcknowledgeNextData  stm32f0xx_ll_i2c.o
    0x08001604   0x08001604   0x00000010   Code   RO           86    .text.LL_I2C_ClearFlag_STOP  i2c.o
    0x08001614   0x08001614   0x00000014   Code   RO          377    .text.LL_I2C_ConfigFilters  stm32f0xx_ll_i2c.o
    0x08001628   0x08001628   0x0000000a   Code   RO          375    .text.LL_I2C_Disable  stm32f0xx_ll_i2c.o
    0x08001632   0x08001632   0x00000002   PAD
    0x08001634   0x08001634   0x00000010   Code   RO           64    .text.LL_I2C_DisableGeneralCall  i2c.o
    0x08001644   0x08001644   0x0000000c   Code   RO          383    .text.LL_I2C_DisableOwnAddress1  stm32f0xx_ll_i2c.o
    0x08001650   0x08001650   0x00000010   Code   RO           62    .text.LL_I2C_DisableOwnAddress2  i2c.o
    0x08001660   0x08001660   0x0000000a   Code   RO          381    .text.LL_I2C_Enable  stm32f0xx_ll_i2c.o
    0x0800166a   0x0800166a   0x00000002   PAD
    0x0800166c   0x0800166c   0x00000010   Code   RO           68    .text.LL_I2C_EnableAutoEndMode  i2c.o
    0x0800167c   0x0800167c   0x00000014   Code   RO           66    .text.LL_I2C_EnableClockStretching  i2c.o
    0x08001690   0x08001690   0x0000000c   Code   RO          387    .text.LL_I2C_EnableOwnAddress1  stm32f0xx_ll_i2c.o
    0x0800169c   0x0800169c   0x00000010   Code   RO           84    .text.LL_I2C_GenerateStopCondition  i2c.o
    0x080016ac   0x080016ac   0x00000020   Code   RO           74    .text.LL_I2C_HandleTransfer  i2c.o
    0x080016cc   0x080016cc   0x00000052   Code   RO          373    .text.LL_I2C_Init   stm32f0xx_ll_i2c.o
    0x0800171e   0x0800171e   0x00000002   PAD
    0x08001720   0x08001720   0x0000000c   Code   RO           80    .text.LL_I2C_IsActiveFlag_RXNE  i2c.o
    0x0800172c   0x0800172c   0x0000000c   Code   RO           76    .text.LL_I2C_IsActiveFlag_TXE  i2c.o
    0x08001738   0x08001738   0x00000010   Code   RO           92    .text.LL_I2C_IsActiveFlag_TXIS  i2c.o
    0x08001748   0x08001748   0x0000000c   Code   RO           82    .text.LL_I2C_ReceiveData8  i2c.o
    0x08001754   0x08001754   0x0000000e   Code   RO          389    .text.LL_I2C_SetMode  stm32f0xx_ll_i2c.o
    0x08001762   0x08001762   0x00000002   PAD
    0x08001764   0x08001764   0x00000014   Code   RO          385    .text.LL_I2C_SetOwnAddress1  stm32f0xx_ll_i2c.o
    0x08001778   0x08001778   0x00000014   Code   RO           70    .text.LL_I2C_SetOwnAddress2  i2c.o
    0x0800178c   0x0800178c   0x00000004   Code   RO          379    .text.LL_I2C_SetTiming  stm32f0xx_ll_i2c.o
    0x08001790   0x08001790   0x0000000c   Code   RO           78    .text.LL_I2C_TransmitData8  i2c.o
    0x0800179c   0x0800179c   0x0000000c   Code   RO          130    .text.LL_TIM_CC_EnableChannel  tim.o
    0x080017a8   0x080017a8   0x00000008   Code   RO          138    .text.LL_TIM_ClearFlag_UPDATE  tim.o
    0x080017b0   0x080017b0   0x0000000a   Code   RO          120    .text.LL_TIM_DisableARRPreload  tim.o
    0x080017ba   0x080017ba   0x0000000a   Code   RO          142    .text.LL_TIM_DisableCounter  tim.o
    0x080017c4   0x080017c4   0x0000000c   Code   RO          124    .text.LL_TIM_DisableMasterSlaveMode  tim.o
    0x080017d0   0x080017d0   0x0000000a   Code   RO          132    .text.LL_TIM_EnableCounter  tim.o
    0x080017da   0x080017da   0x00000002   PAD
    0x080017dc   0x080017dc   0x00000010   Code   RO          156    .text.LL_TIM_EnableIT_UPDATE  tim.o
    0x080017ec   0x080017ec   0x0000000a   Code   RO         1208    .text.LL_TIM_GenerateEvent_UPDATE  stm32f0xx_ll_tim.o
    0x080017f6   0x080017f6   0x00000002   PAD
    0x080017f8   0x080017f8   0x0000000c   Code   RO          304    .text.LL_TIM_GetCounter  drive.o
    0x08001804   0x08001804   0x00000038   Code   RO          112    .text.LL_TIM_IC_SetActiveInput  tim.o
    0x0800183c   0x0800183c   0x00000038   Code   RO          116    .text.LL_TIM_IC_SetFilter  tim.o
    0x08001874   0x08001874   0x00000038   Code   RO          118    .text.LL_TIM_IC_SetPolarity  tim.o
    0x080018ac   0x080018ac   0x0000003c   Code   RO          114    .text.LL_TIM_IC_SetPrescaler  tim.o
    0x080018e8   0x080018e8   0x000000ac   Code   RO         1200    .text.LL_TIM_Init   stm32f0xx_ll_tim.o
    0x08001994   0x08001994   0x00000008   Code   RO          140    .text.LL_TIM_IsActiveFlag_UPDATE  tim.o
    0x0800199c   0x0800199c   0x00000004   Code   RO          136    .text.LL_TIM_SetAutoReload  tim.o
    0x080019a0   0x080019a0   0x00000004   Code   RO         1202    .text.LL_TIM_SetAutoReload  stm32f0xx_ll_tim.o
    0x080019a4   0x080019a4   0x00000004   Code   RO          128    .text.LL_TIM_SetCounter  tim.o
    0x080019a8   0x080019a8   0x00000014   Code   RO          110    .text.LL_TIM_SetEncoderMode  tim.o
    0x080019bc   0x080019bc   0x00000004   Code   RO         1204    .text.LL_TIM_SetPrescaler  stm32f0xx_ll_tim.o
    0x080019c0   0x080019c0   0x00000004   Code   RO         1206    .text.LL_TIM_SetRepetitionCounter  stm32f0xx_ll_tim.o
    0x080019c4   0x080019c4   0x00000010   Code   RO          122    .text.LL_TIM_SetTriggerOutput  tim.o
    0x080019d4   0x080019d4   0x000000f4   Code   RO           42    .text.MX_GPIO_Init  gpio.o
    0x08001ac8   0x08001ac8   0x000000a4   Code   RO           56    .text.MX_I2C1_Init  i2c.o
    0x08001b6c   0x08001b6c   0x000000cc   Code   RO          104    .text.MX_TIM3_Init  tim.o
    0x08001c38   0x08001c38   0x00000018   Code   RO          222    .text.MilAngleTeethReset  angle_calc.o
    0x08001c50   0x08001c50   0x0000002c   Code   RO          218    .text.MilAngleTeeth_from_Seconds  angle_calc.o
    0x08001c7c   0x08001c7c   0x0000000e   Code   RO          224    .text.MilingFlagReset  angle_calc.o
    0x08001c8a   0x08001c8a   0x00000002   Code   RO          173    .text.NMI_Handler   stm32f0xx_it.o
    0x08001c8c   0x08001c8c   0x00000002   Code   RO          179    .text.PendSV_Handler  stm32f0xx_it.o
    0x08001c8e   0x08001c8e   0x00000006   Code   RO          226    .text.RemainTeethReset  angle_calc.o
    0x08001c94   0x08001c94   0x0000000e   Code   RO         1306    .text.SSD1306_Clear_Screen  ssd1306.o
    0x08001ca2   0x08001ca2   0x00000002   PAD
    0x08001ca4   0x08001ca4   0x0000003c   Code   RO         1300    .text.SSD1306_DrawPixel  ssd1306.o
    0x08001ce0   0x08001ce0   0x00000024   Code   RO         1296    .text.SSD1306_Fill  ssd1306.o
    0x08001d04   0x08001d04   0x0000000c   Code   RO         1310    .text.SSD1306_GotoXY  ssd1306.o
    0x08001d10   0x08001d10   0x000000a0   Code   RO         1302    .text.SSD1306_PutChar  ssd1306.o
    0x08001db0   0x08001db0   0x00000034   Code   RO         1304    .text.SSD1306_PutString  ssd1306.o
    0x08001de4   0x08001de4   0x00000034   Code   RO         1298    .text.SSD1306_UpdateScreen  ssd1306.o
    0x08001e18   0x08001e18   0x00000002   Code   RO          177    .text.SVC_Handler   stm32f0xx_it.o
    0x08001e1a   0x08001e1a   0x0000000e   Code   RO          214    .text.SetAngleReset  angle_calc.o
    0x08001e28   0x08001e28   0x0000001c   Code   RO          202    .text.SetAngle_in_Seconds  angle_calc.o
    0x08001e44   0x08001e44   0x00000098   Code   RO           23    .text.SetupMillingMode  main.o
    0x08001edc   0x08001edc   0x00000080   Code   RO           21    .text.SetupRotationMode  main.o
    0x08001f5c   0x08001f5c   0x00000028   Code   RO          825    .text.SysTick_Config  stm32f0xx_hal_cortex.o
    0x08001f84   0x08001f84   0x00000008   Code   RO          181    .text.SysTick_Handler  stm32f0xx_it.o
    0x08001f8c   0x08001f8c   0x00000074   Code   RO           13    .text.SystemClock_Config  main.o
    0x08002000   0x08002000   0x00000002   Code   RO         1264    .text.SystemInit    system_stm32f0xx.o
    0x08002002   0x08002002   0x00000002   PAD
    0x08002004   0x08002004   0x0000002c   Code   RO          146    .text.TIM16_IRQHandler  tim.o
    0x08002030   0x08002030   0x00000010   Code   RO          160    .text.__NVIC_EnableIRQ  tim.o
    0x08002040   0x08002040   0x00000014   Code   RO          158    .text.__NVIC_SetPriority  tim.o
    0x08002054   0x08002054   0x00000040   Code   RO          809    .text.__NVIC_SetPriority  stm32f0xx_hal_cortex.o
    0x08002094   0x08002094   0x0000002e   Code   RO          200    .text.angle_from_EEPROMbuf  angle_calc.o
    0x080020c2   0x080020c2   0x00000026   Code   RO          198    .text.angle_to_EEPROMbuf  angle_calc.o
    0x080020e8   0x080020e8   0x0000001e   Code   RO          280    .text.calc_passed_angle  stanok_math.o
    0x08002106   0x08002106   0x00000002   PAD
    0x08002108   0x08002108   0x00000080   Code   RO          276    .text.calc_steps_milling  stanok_math.o
    0x08002188   0x08002188   0x00000088   Code   RO          274    .text.calc_steps_mode1  stanok_math.o
    0x08002210   0x08002210   0x0000004c   Code   RO         1326    .text.default_screen_mode1  ssd1306.o
    0x0800225c   0x0800225c   0x0000004c   Code   RO         1328    .text.default_screen_mode2  ssd1306.o
    0x080022a8   0x080022a8   0x00000038   Code   RO          134    .text.delay_us      tim.o
    0x080022e0   0x080022e0   0x00000024   Code   RO          126    .text.encoder_init  tim.o
    0x08002304   0x08002304   0x00000028   Code   RO          300    .text.encoder_reset  drive.o
    0x0800232c   0x0800232c   0x0000006c   Code   RO           72    .text.i2c_read_array  i2c.o
    0x08002398   0x08002398   0x00000060   Code   RO           90    .text.i2c_write_buffer_16bit_registr  i2c.o
    0x080023f8   0x080023f8   0x00000050   Code   RO           94    .text.i2c_write_buffer_8bit_registr  i2c.o
    0x08002448   0x08002448   0x00000040   Code   RO           88    .text.i2c_write_byte  i2c.o
    0x08002488   0x08002488   0x0000008c   Code   RO           15    .text.init_setup    main.o
    0x08002514   0x08002514   0x0000003c   Code   RO          320    .text.left_rotate_to_zero  drive.o
    0x08002550   0x08002550   0x0000003c   Code   RO          326    .text.left_teeth_rotation  drive.o
    0x0800258c   0x0800258c   0x00000290   Code   RO           11    .text.main          main.o
    0x0800281c   0x0800281c   0x0000009c   Code   RO          296    .text.milling_step  drive.o
    0x080028b8   0x080028b8   0x00000074   Code   RO          302    .text.read_enc_shaft_rotation  drive.o
    0x0800292c   0x0800292c   0x00000028   Code   RO          144    .text.repeat_time   tim.o
    0x08002954   0x08002954   0x00000038   Code   RO         1332    .text.return_mode_screen  ssd1306.o
    0x0800298c   0x0800298c   0x00000048   Code   RO          322    .text.right_rotate_to_zero  drive.o
    0x080029d4   0x080029d4   0x00000040   Code   RO          324    .text.right_teeth_rotation  drive.o
    0x08002a14   0x08002a14   0x00000040   Code   RO          290    .text.rotate_step   drive.o
    0x08002a54   0x08002a54   0x00000050   Code   RO          246    .text.scan_buttons_GPIO  button.o
    0x08002aa4   0x08002aa4   0x0000011c   Code   RO          242    .text.scan_keys     button.o
    0x08002bc0   0x08002bc0   0x0000003c   Code   RO         1336    .text.select_rotation_mode_screen  ssd1306.o
    0x08002bfc   0x08002bfc   0x0000005c   Code   RO          310    .text.set_angle     drive.o
    0x08002c58   0x08002c58   0x00000054   Code   RO          312    .text.set_teeth_gear  drive.o
    0x08002cac   0x08002cac   0x0000004c   Code   RO         1330    .text.setangle_mode_screen  ssd1306.o
    0x08002cf8   0x08002cf8   0x00000040   Code   RO         1334    .text.setteeth_mode_screen  ssd1306.o
    0x08002d38   0x08002d38   0x000000bc   Code   RO         1294    .text.ssd1306_Init  ssd1306.o
    0x08002df4   0x08002df4   0x00000018   Code   RO         1352    .text.ssd1306_SendCommand  ssd1306_interface.o
    0x08002e0c   0x08002e0c   0x00000010   Code   RO         1356    .text.ssd1306_SendDataBuffer  ssd1306_interface.o
    0x08002e1c   0x08002e1c   0x0000015c   Code   RO          298    .text.step_angle    drive.o
    0x08002f78   0x08002f78   0x000000bc   Code   RO          306    .text.step_by_step  drive.o
    0x08003034   0x08003034   0x00000020   Code   RO          278    .text.steps_for_back_to_zero  stanok_math.o
    0x08003054   0x08003054   0x0000000e   Code   RO          230    .text.teeth_angle_from_EEPROMbuf  angle_calc.o
    0x08003062   0x08003062   0x0000000e   Code   RO          228    .text.teeth_angle_to_EEPROMbuf  angle_calc.o
    0x08003070   0x08003070   0x0000003c   Code   RO          150    .text.tim_delay_init  tim.o
    0x080030ac   0x080030ac   0x00000054   Code   RO          152    .text.timer_bounce_init  tim.o
    0x08003100   0x08003100   0x0000000c   Code   RO          148    .text.timers_ini    tim.o
    0x0800310c   0x0800310c   0x000001f6   Code   RO         1415    .text_divfast       c_p.l(aeabi_sdivfast.o)
    0x08003302   0x08003302   0x00000016   Code   RO         1433    i._fgeq             fz_ps.l(fcmp.o)
    0x08003318   0x08003318   0x00000016   Code   RO         1434    i._fgr              fz_ps.l(fcmp.o)
    0x0800332e   0x0800332e   0x0000000e   Code   RO         1392    i._is_digit         c_p.l(__printf_wp.o)
    0x0800333c   0x0800333c   0x00000024   Code   RO         1454    i.remainderf        m_ps.l(remainderf.o)
    0x08003360   0x08003360   0x00000008   Code   RO         1457    i.rintf             m_ps.l(rintf.o)
    0x08003368   0x08003368   0x0000008c   Code   RO         1426    x$fpl$fadd          fz_ps.l(faddsub.o)
    0x080033f4   0x080033f4   0x00000054   Code   RO         1479    x$fpl$fgeqf         fz_ps.l(fgef.o)
    0x08003448   0x08003448   0x000000b0   Code   RO         1451    x$fpl$fmul          fz_ps.l(fmul.o)
    0x080034f8   0x080034f8   0x000000d0   Code   RO         1428    x$fpl$fsub          fz_ps.l(faddsub.o)
    0x080035c8   0x080035c8   0x00000000   Code   RO         1487    x$fpl$usenofp       fz_ps.l(usenofp.o)
    0x080035c8   0x080035c8   0x00000011   Data   RO         1395    .constdata          c_p.l(__printf_flags_wp.o)
    0x080035d9   0x080035d9   0x00000040   Data   RO         1445    .constdata          fz_ps.l(fdiv.o)
    0x08003619   0x08003619   0x00000010   Data   RO         1269    .rodata.AHBPrescTable  system_stm32f0xx.o
    0x08003629   0x08003629   0x00000001   PAD
    0x0800362a   0x0800362a   0x0000084c   Data   RO         1282    .rodata.Font11x18   fonts.o
    0x08003e76   0x08003e76   0x000004b0   Data   RO         1281    .rodata.Font7x10    fonts.o
    0x08004326   0x08004326   0x00000007   Data   RO          163    .rodata.OFFSET_TAB_CCMRx  tim.o
    0x0800432d   0x0800432d   0x00000007   Data   RO          164    .rodata.SHIFT_TAB_ICxx  tim.o
    0x08004334   0x08004334   0x00000009   Data   RO           32    .rodata.str1.4      main.o
    0x0800433d   0x0800433d   0x00000003   PAD
    0x08004340   0x08004340   0x00000020   Data   RO         1670    Region$$Table       anon$$obj.o


    Execution Region RW_IRAM1 (Exec base: 0x20000000, Load base: 0x08004360, Size: 0x00000908, Max: 0x00001800, ABSOLUTE)

    Exec Addr    Load Addr    Size         Type   Attr      Idx    E Section Name        Object

    0x20000000   0x08004360   0x00000008   Data   RW         1285    .data.Font_11x18    fonts.o
    0x20000008   0x08004368   0x00000008   Data   RW         1284    .data.Font_7x10     fonts.o
    0x20000010   0x08004370   0x00000004   Data   RW         1268    .data.SystemCoreClock  system_stm32f0xx.o
    0x20000014   0x08004374   0x00000004   Data   RW          328    .data.step_unit     drive.o
    0x20000018   0x08004378   0x00000001   Data   RW          553    .data.uwTickFreq    stm32f0xx_hal.o
    0x20000019   0x08004379   0x00000003   PAD
    0x2000001c   0x0800437c   0x00000004   Data   RW          552    .data.uwTickPrio    stm32f0xx_hal.o
    0x20000020        -       0x00000060   Zero   RW         1515    .bss                c_p.l(libspace.o)
    0x20000080        -       0x00000010   Zero   RW         1339    .bss.LCD_buff       ssd1306.o
    0x20000090        -       0x00000002   Zero   RW         1341    .bss.SSD1306.0      ssd1306.o
    0x20000092        -       0x00000002   Zero   RW         1342    .bss.SSD1306.1      ssd1306.o
    0x20000094        -       0x00000001   Zero   RW         1343    .bss.SSD1306.2      ssd1306.o
    0x20000095   0x08004380   0x00000003   PAD
    0x20000098        -       0x00000210   Zero   RW         1338    .bss.SSD1306_Buffer  ssd1306.o
    0x200002a8        -       0x00000001   Zero   RW          248    .bss.count_autorepeat  button.o
    0x200002a9   0x08004380   0x00000003   PAD
    0x200002ac        -       0x00000018   Zero   RW           27    .bss.curr_rotation  main.o
    0x200002c4        -       0x0000000f   Zero   RW          265    .bss.eeprom_tx_buffer  eeprom.o
    0x200002d3   0x08004380   0x00000001   PAD
    0x200002d4        -       0x00000014   Zero   RW           28    .bss.encoder_data   main.o
    0x200002e8        -       0x00000001   Zero   RW          162    .bss.end_bounce     tim.o
    0x200002e9   0x08004380   0x00000001   PAD
    0x200002ea        -       0x00000002   Zero   RW           30    .bss.key_code       main.o
    0x200002ec        -       0x00000010   Zero   RW           29    .bss.milling_mode   main.o
    0x200002fc        -       0x00000002   Zero   RW          250    .bss.scan_keys.key_code  button.o
    0x200002fe        -       0x00000001   Zero   RW          249    .bss.scan_keys.key_state  button.o
    0x200002ff        -       0x00000001   Zero   RW           31    .bss.status_flag    main.o
    0x20000300        -       0x00000002   Zero   RW         1360    .bss.temp           ssd1306_interface.o
    0x20000302   0x08004380   0x00000002   PAD
    0x20000304        -       0x00000004   Zero   RW          554    .bss.uwTick         stm32f0xx_hal.o
    0x20000308        -       0x00000200   Zero   RW            2    HEAP                startup_stm32f042x6.o
    0x20000508        -       0x00000400   Zero   RW            1    STACK               startup_stm32f042x6.o


==============================================================================

Image component sizes


      Code (inc. data)   RO Data    RW Data    ZI Data      Debug   Object Name

       410          8          0          0          0       4634   angle_calc.o
       376         20          0          0          4       2251   button.o
      1364         76          0          4          0      10243   drive.o
        36          0          0          0         15       1867   eeprom.o
         0          0       3324         16          0       1213   fonts.o
       272          8          0          0          0       2154   gpio.o
       784         48          0          0          0       6369   i2c.o
      1224         80          9          0         63       5896   main.o
       982        116          0          0        549      12133   ssd1306.o
        40          4          0          0          2       4049   ssd1306_interface.o
       326         12          0          0          0       2598   stanok_math.o
       116         56        192          0       1536        620   startup_stm32f042x6.o
       156         12          0          5          4       5359   stm32f0xx_hal.o
       120         12          0          0          0       5792   stm32f0xx_hal_cortex.o
        44          4          0          0          0        988   stm32f0xx_hal_msp.o
      1532         72          0          0          0       7453   stm32f0xx_hal_rcc.o
       296         12          0          0          0       6372   stm32f0xx_hal_rcc_ex.o
        16          0          0          0          0        677   stm32f0xx_it.o
       236          0          0          0          0       4040   stm32f0xx_ll_gpio.o
       198          4          0          0          0       3770   stm32f0xx_ll_i2c.o
       194         20          0          0          0      11619   stm32f0xx_ll_tim.o
         2          0         16          4          0       1684   system_stm32f0xx.o
      1022        100         14          0          1       8662   tim.o

    ----------------------------------------------------------------------
      9770        664       3591         32       2184     110443   Object Totals
         0          0         32          0          0          0   (incl. Generated)
        24          0          4          3         10          0   (incl. Padding)

    ----------------------------------------------------------------------

      Code (inc. data)   RO Data    RW Data    ZI Data      Debug   Library Member Name

         8          0          0          0          0         68   __main.o
       312          6         17          0          0         76   __printf_flags_wp.o
        14          0          0          0          0         60   __printf_wp.o
         0          0          0          0          0          0   __rtentry.o
        12          0          0          0          0          0   __rtentry2.o
         6          0          0          0          0          0   __rtentry4.o
        60          8          0          0          0          0   __scatter.o
        26          0          0          0          0          0   __scatter_copy.o
        28          0          0          0          0          0   __scatter_zi.o
        48          6          0          0          0         88   _printf_char_common.o
        10          0          0          0          0          0   _printf_d.o
       108         18          0          0          0         76   _printf_dec.o
       176          0          0          0          0         84   _printf_intcommon.o
        78          0          0          0          0        100   _printf_pad.o
         2          0          0          0          0          0   _printf_percent.o
         4          0          0          0          0          0   _printf_percent_end.o
        22          0          0          0          0         92   _rserrno.o
        16          0          0          0          0         60   _snputc.o
        10          0          0          0          0         60   _sputc.o
        18          0          0          0          0         68   aeabi_memset4.o
       502          0          0          0          0         92   aeabi_sdivfast.o
        16          0          0          0          0         68   exit.o
         6          0          0          0          0        136   heapauxi.o
         0          0          0          0          0          0   indicate_semi.o
         2          0          0          0          0          0   libinit.o
         2          0          0          0          0          0   libinit2.o
         2          0          0          0          0          0   libshutdown.o
         2          0          0          0          0          0   libshutdown2.o
         8          4          0          0         96         68   libspace.o
        56          6          0          0          0         84   noretval__2snprintf.o
         8          4          0          0          0         68   rt_errno_addr_intlibspace.o
        64          0          0          0          0        108   rt_memclr.o
       186          0          0          0          0        144   rt_memcpy.o
         2          0          0          0          0          0   rtexit.o
        10          0          0          0          0          0   rtexit2.o
        40          0          0          0          0         60   rtudiv10.o
        12          4          0          0          0         60   sys_exit.o
        62          0          0          0          0         80   sys_stackheap_outer.o
         2          0          0          0          0         68   use_no_semi.o
        46          0          0          0          0         60   cmpret.o
       348          8          0          0          0        160   faddsub.o
        44          0          0          0          0        136   fcmp.o
       100          4          0          0          0         68   fcmpin.o
       352         10         64          0          0         92   fdiv.o
        48          0          0          0          0         60   ffixui.o
        94          0          0          0          0         92   fflti.o
        84          4          0          0          0         76   fgef.o
       176          4          0          0          0         80   fmul.o
        16          6          0          0          0         68   fnan2.o
       280          6          0          0          0         76   frem.o
       128          6          0          0          0         68   frnd.o
        94          0          0          0          0         68   retnan.o
         0          0          0          0          0          0   usenofp.o
        36          0          0          0          0         72   remainderf.o
         8          0          0          0          0         68   rintf.o

    ----------------------------------------------------------------------
      3806        104         81          0         96       3112   Library Totals
        12          0          0          0          0          0   (incl. Padding)

    ----------------------------------------------------------------------

      Code (inc. data)   RO Data    RW Data    ZI Data      Debug   Library Name

      1940         56         17          0         96       1868   c_p.l
      1810         48         64          0          0       1104   fz_ps.l
        44          0          0          0          0        140   m_ps.l

    ----------------------------------------------------------------------
      3806        104         81          0         96       3112   Library Totals

    ----------------------------------------------------------------------

==============================================================================


      Code (inc. data)   RO Data    RW Data    ZI Data      Debug   

     13576        768       3672         32       2280     111511   Grand Totals
     13576        768       3672         32       2280     111511   ELF Image Totals
     13576        768       3672         32          0          0   ROM Totals

==============================================================================

    Total RO  Size (Code + RO Data)                17248 (  16.84kB)
    Total RW  Size (RW Data + ZI Data)              2312 (   2.26kB)
    Total ROM Size (Code + RO Data + RW Data)      17280 (  16.88kB)

==============================================================================

